Archive member included to satisfy reference by file (symbol)

o:/fehqt/proteus/gcc/bin/../lib/gcc/arm-none-eabi/9.2.1/../../../../arm-none-eabi/lib/thumb/v7e-m/nofp\libstdc++.a(del_ops.o)
                              Libraries/FEHIO.o (operator delete(void*, unsigned int))
o:/fehqt/proteus/gcc/bin/../lib/gcc/arm-none-eabi/9.2.1/../../../../arm-none-eabi/lib/thumb/v7e-m/nofp\libstdc++.a(new_op.o)
                              Libraries/FEHIO.o (operator new(unsigned int))
o:/fehqt/proteus/gcc/bin/../lib/gcc/arm-none-eabi/9.2.1/../../../../arm-none-eabi/lib/thumb/v7e-m/nofp\libstdc++.a(bad_alloc.o)
                              o:/fehqt/proteus/gcc/bin/../lib/gcc/arm-none-eabi/9.2.1/../../../../arm-none-eabi/lib/thumb/v7e-m/nofp\libstdc++.a(new_op.o) (std::bad_alloc::~bad_alloc())
o:/fehqt/proteus/gcc/bin/../lib/gcc/arm-none-eabi/9.2.1/../../../../arm-none-eabi/lib/thumb/v7e-m/nofp\libstdc++.a(del_op.o)
                              o:/fehqt/proteus/gcc/bin/../lib/gcc/arm-none-eabi/9.2.1/../../../../arm-none-eabi/lib/thumb/v7e-m/nofp\libstdc++.a(del_ops.o) (operator delete(void*))
o:/fehqt/proteus/gcc/bin/../lib/gcc/arm-none-eabi/9.2.1/../../../../arm-none-eabi/lib/thumb/v7e-m/nofp\libstdc++.a(eh_alloc.o)
                              o:/fehqt/proteus/gcc/bin/../lib/gcc/arm-none-eabi/9.2.1/../../../../arm-none-eabi/lib/thumb/v7e-m/nofp\libstdc++.a(new_op.o) (__cxa_allocate_exception)
o:/fehqt/proteus/gcc/bin/../lib/gcc/arm-none-eabi/9.2.1/../../../../arm-none-eabi/lib/thumb/v7e-m/nofp\libstdc++.a(eh_exception.o)
                              o:/fehqt/proteus/gcc/bin/../lib/gcc/arm-none-eabi/9.2.1/../../../../arm-none-eabi/lib/thumb/v7e-m/nofp\libstdc++.a(bad_alloc.o) (std::exception::~exception())
o:/fehqt/proteus/gcc/bin/../lib/gcc/arm-none-eabi/9.2.1/../../../../arm-none-eabi/lib/thumb/v7e-m/nofp\libstdc++.a(eh_terminate.o)
                              o:/fehqt/proteus/gcc/bin/../lib/gcc/arm-none-eabi/9.2.1/../../../../arm-none-eabi/lib/thumb/v7e-m/nofp\libstdc++.a(eh_alloc.o) (std::terminate())
o:/fehqt/proteus/gcc/bin/../lib/gcc/arm-none-eabi/9.2.1/../../../../arm-none-eabi/lib/thumb/v7e-m/nofp\libstdc++.a(eh_throw.o)
                              o:/fehqt/proteus/gcc/bin/../lib/gcc/arm-none-eabi/9.2.1/../../../../arm-none-eabi/lib/thumb/v7e-m/nofp\libstdc++.a(new_op.o) (__cxa_throw)
o:/fehqt/proteus/gcc/bin/../lib/gcc/arm-none-eabi/9.2.1/../../../../arm-none-eabi/lib/thumb/v7e-m/nofp\libstdc++.a(eh_unex_handler.o)
                              o:/fehqt/proteus/gcc/bin/../lib/gcc/arm-none-eabi/9.2.1/../../../../arm-none-eabi/lib/thumb/v7e-m/nofp\libstdc++.a(eh_terminate.o) (__cxxabiv1::__unexpected_handler)
o:/fehqt/proteus/gcc/bin/../lib/gcc/arm-none-eabi/9.2.1/../../../../arm-none-eabi/lib/thumb/v7e-m/nofp\libstdc++.a(new_handler.o)
                              o:/fehqt/proteus/gcc/bin/../lib/gcc/arm-none-eabi/9.2.1/../../../../arm-none-eabi/lib/thumb/v7e-m/nofp\libstdc++.a(new_op.o) (std::get_new_handler())
o:/fehqt/proteus/gcc/bin/../lib/gcc/arm-none-eabi/9.2.1/../../../../arm-none-eabi/lib/thumb/v7e-m/nofp\libstdc++.a(pure.o)
                              o:/fehqt/proteus/gcc/bin/../lib/gcc/arm-none-eabi/9.2.1/../../../../arm-none-eabi/lib/thumb/v7e-m/nofp\libstdc++.a(eh_exception.o) (__cxa_pure_virtual)
o:/fehqt/proteus/gcc/bin/../lib/gcc/arm-none-eabi/9.2.1/../../../../arm-none-eabi/lib/thumb/v7e-m/nofp\libstdc++.a(si_class_type_info.o)
                              o:/fehqt/proteus/gcc/bin/../lib/gcc/arm-none-eabi/9.2.1/../../../../arm-none-eabi/lib/thumb/v7e-m/nofp\libstdc++.a(bad_alloc.o) (vtable for __cxxabiv1::__si_class_type_info)
o:/fehqt/proteus/gcc/bin/../lib/gcc/arm-none-eabi/9.2.1/../../../../arm-none-eabi/lib/thumb/v7e-m/nofp\libstdc++.a(tinfo.o)
                              o:/fehqt/proteus/gcc/bin/../lib/gcc/arm-none-eabi/9.2.1/../../../../arm-none-eabi/lib/thumb/v7e-m/nofp\libstdc++.a(si_class_type_info.o) (std::type_info::__is_pointer_p() const)
o:/fehqt/proteus/gcc/bin/../lib/gcc/arm-none-eabi/9.2.1/../../../../arm-none-eabi/lib/thumb/v7e-m/nofp\libstdc++.a(vterminate.o)
                              o:/fehqt/proteus/gcc/bin/../lib/gcc/arm-none-eabi/9.2.1/../../../../arm-none-eabi/lib/thumb/v7e-m/nofp\libstdc++.a(eh_terminate.o) (__gnu_cxx::__verbose_terminate_handler())
o:/fehqt/proteus/gcc/bin/../lib/gcc/arm-none-eabi/9.2.1/../../../../arm-none-eabi/lib/thumb/v7e-m/nofp\libstdc++.a(class_type_info.o)
                              o:/fehqt/proteus/gcc/bin/../lib/gcc/arm-none-eabi/9.2.1/../../../../arm-none-eabi/lib/thumb/v7e-m/nofp\libstdc++.a(si_class_type_info.o) (__cxxabiv1::__class_type_info::__do_upcast(__cxxabiv1::__class_type_info const*, void**) const)
o:/fehqt/proteus/gcc/bin/../lib/gcc/arm-none-eabi/9.2.1/../../../../arm-none-eabi/lib/thumb/v7e-m/nofp\libstdc++.a(cp-demangle.o)
                              o:/fehqt/proteus/gcc/bin/../lib/gcc/arm-none-eabi/9.2.1/../../../../arm-none-eabi/lib/thumb/v7e-m/nofp\libstdc++.a(vterminate.o) (__cxa_demangle)
[...]
Memory Configuration

Name             Origin             Length             Attributes
PROGRAM_FLASH    0x0000c000         0x00073c00         xr
SRAM_UPPER       0x20000000         0x00010000         xrw
SRAM_LOWER       0x1fff0000         0x00010000         xrw
*default*        0x00000000         0xffffffff

Linker script and memory map

LOAD o:/fehqt/proteus/gcc/bin/../lib/gcc/arm-none-eabi/9.2.1/thumb/v7e-m/nofp/crti.o
LOAD o:/fehqt/proteus/gcc/bin/../lib/gcc/arm-none-eabi/9.2.1/thumb/v7e-m/nofp/crtbegin.o
LOAD o:/fehqt/proteus/gcc/bin/../lib/gcc/arm-none-eabi/9.2.1/../../../../arm-none-eabi/lib/thumb/v7e-m/nofp/crt0.o
LOAD ../simplemovement.o
LOAD ../main.o
LOAD Startup/startup_mk60d10.o
LOAD Libraries/FEHMotor.o
LOAD Drivers/mcg.o
LOAD Drivers/i2c.o
LOAD Drivers/spi.o
LOAD Drivers/uart.o
LOAD Drivers/ff.o
LOAD Drivers/SDHC.o
LOAD Drivers/lptmr.o
LOAD FEHProteus.o
LOAD Drivers/FEHPropeller.o
LOAD Libraries/FEHUtility.o
LOAD Libraries/FEHIO.o
LOAD Drivers/adc16.o
LOAD Libraries/FEHBuzzer.o
LOAD Libraries/FEHServo.o
LOAD Libraries/FEHLCD.o
LOAD Libraries/FEHAccel.o
LOAD Libraries/FEHBattery.o
LOAD Drivers/FEHXBee.o
LOAD Libraries/FEHRPS.o
LOAD Libraries/FEHSD.o
LOAD Libraries/FEHRandom.o
LOAD o:/fehqt/proteus/gcc/bin/../lib/gcc/arm-none-eabi/9.2.1/../../../../arm-none-eabi/lib/thumb/v7e-m/nofp\libstdc++.a
LOAD o:/fehqt/proteus/gcc/bin/../lib/gcc/arm-none-eabi/9.2.1/../../../../arm-none-eabi/lib/thumb/v7e-m/nofp\libm.a
START GROUP
LOAD o:/fehqt/proteus/gcc/bin/../lib/gcc/arm-none-eabi/9.2.1/thumb/v7e-m/nofp\libgcc.a
LOAD o:/fehqt/proteus/gcc/bin/../lib/gcc/arm-none-eabi/9.2.1/../../../../arm-none-eabi/lib/thumb/v7e-m/nofp\libg.a
LOAD o:/fehqt/proteus/gcc/bin/../lib/gcc/arm-none-eabi/9.2.1/../../../../arm-none-eabi/lib/thumb/v7e-m/nofp\libc.a
END GROUP
START GROUP
LOAD o:/fehqt/proteus/gcc/bin/../lib/gcc/arm-none-eabi/9.2.1/thumb/v7e-m/nofp\libgcc.a
LOAD o:/fehqt/proteus/gcc/bin/../lib/gcc/arm-none-eabi/9.2.1/../../../../arm-none-eabi/lib/thumb/v7e-m/nofp\libc.a
LOAD o:/fehqt/proteus/gcc/bin/../lib/gcc/arm-none-eabi/9.2.1/../../../../arm-none-eabi/lib/thumb/v7e-m/nofp\libnosys.a
END GROUP
LOAD o:/fehqt/proteus/gcc/bin/../lib/gcc/arm-none-eabi/9.2.1/thumb/v7e-m/nofp/crtend.o
LOAD o:/fehqt/proteus/gcc/bin/../lib/gcc/arm-none-eabi/9.2.1/thumb/v7e-m/nofp/crtn.o
                0x0000c000                __base_PROGRAM_FLASH = 0xc000
                0x0000c000                __base_Flash = 0xc000
                0x0007fc00                __top_PROGRAM_FLASH = 0x7fc00
                0x0007fc00                __top_Flash = 0x7fc00
                0x20000000                __base_SRAM_UPPER = 0x20000000
                0x20000000                __base_RAM = 0x20000000
                0x20010000                __top_SRAM_UPPER = 0x20010000
                0x20010000                __top_RAM = 0x20010000
                0x1fff0000                __base_SRAM_LOWER = 0x1fff0000
                0x1fff0000                __base_RAM2 = 0x1fff0000
                0x20000000                __top_SRAM_LOWER = 0x20000000
                0x20000000                __top_RAM2 = 0x20000000

.text           0x0000c000    0x1fab8
 FILL mask 0xff
                0x0000c000                __vectors_start__ = ABSOLUTE (.)
 *(.isr_vector)
 .isr_vector    0x0000c000      0x1bc Startup/startup_mk60d10.o
                0x0000c000                g_pfnVectors
                0x0000c000                __Vectors
                0x0000c1bc                . = ALIGN (0x4)
                0x0000c1bc                __section_table_start = .
                0x0000c1bc                __data_section_table = .
                0x0000c1bc        0x4 LONG 0x2bd38 LOADADDR (.data)
                0x0000c1c0        0x4 LONG 0x20000000 ADDR (.data)
                0x0000c1c4        0x4 LONG 0x16dc SIZEOF (.data)
                0x0000c1c8        0x4 LONG 0x2bd38 LOADADDR (.data_RAM2)
                0x0000c1cc        0x4 LONG 0x1fff0000 ADDR (.data_RAM2)
                0x0000c1d0        0x4 LONG 0x0 SIZEOF (.data_RAM2)
                0x0000c1d4                __data_section_table_end = .
                0x0000c1d4                __bss_section_table = .
                0x0000c1d4        0x4 LONG 0x200016dc ADDR (.bss)
                0x0000c1d8        0x4 LONG 0x70c SIZEOF (.bss)
                0x0000c1dc        0x4 LONG 0x1fff0000 ADDR (.bss_RAM2)
                0x0000c1e0        0x4 LONG 0x0 SIZEOF (.bss_RAM2)
                0x0000c1e4                __bss_section_table_end = .
                0x0000c1e4                __section_table_end = .
 *(.after_vectors*)
 .after_vectors.init_data
                0x0000c1e4       0x42 Startup/startup_mk60d10.o
                0x0000c1e4                data_init(unsigned int, unsigned int, unsigned int)
 .after_vectors.init_bss
                0x0000c226       0x36 Startup/startup_mk60d10.o
                0x0000c226                bss_init(unsigned int, unsigned int)
 .after_vectors.reset
                0x0000c25c       0xb4 Startup/startup_mk60d10.o
                0x0000c25c                ResetISR
 .after_vectors
                0x0000c310       0x3c Startup/startup_mk60d10.o
                0x0000c310                NMI_Handler
                0x0000c316                HardFault_Handler
                0x0000c31c                MemManage_Handler
                0x0000c322                BusFault_Handler
                0x0000c328                UsageFault_Handler
                0x0000c32e                SVC_Handler
                0x0000c334                DebugMon_Handler
                0x0000c33a                PendSV_Handler
                0x0000c340                SysTick_Handler
                0x0000c346                DMA_Error_DriverIRQHandler
                0x0000c346                LPTMR0_DriverIRQHandler
                0x0000c346                FTM1_DriverIRQHandler
                0x0000c346                FTM2_DriverIRQHandler
                0x0000c346                PIT2_DriverIRQHandler
                0x0000c346                SDHC_DriverIRQHandler
                0x0000c346                I2S0_Tx_DriverIRQHandler
                0x0000c346                TSI0_DriverIRQHandler
                0x0000c346                RTC_Seconds_DriverIRQHandler
                0x0000c346                Reserved109_DriverIRQHandler
                0x0000c346                DMA6_DriverIRQHandler
                0x0000c346                LLWU_DriverIRQHandler
                0x0000c346                MCM_DriverIRQHandler
                0x0000c346                MCG_DriverIRQHandler
                0x0000c346                ENET_1588_Timer_DriverIRQHandler
                0x0000c346                DAC1_DriverIRQHandler
                0x0000c346                SPI1_DriverIRQHandler
                0x0000c346                CMP1_DriverIRQHandler
                0x0000c346                UART5_RX_TX_DriverIRQHandler
                0x0000c346                FTM0_DriverIRQHandler
                0x0000c346                IntDefaultHandler
                0x0000c346                USB0_DriverIRQHandler
                0x0000c346                UART5_ERR_DriverIRQHandler
                0x0000c346                DMA11_DriverIRQHandler
                0x0000c346                DAC0_DriverIRQHandler
                0x0000c346                DMA10_DriverIRQHandler
                0x0000c346                CMP2_DriverIRQHandler
                0x0000c346                UART2_ERR_DriverIRQHandler
                0x0000c346                SPI2_DriverIRQHandler
                0x0000c346                LVD_LVW_DriverIRQHandler
                0x0000c346                RNG_DriverIRQHandler
                0x0000c346                DMA12_DriverIRQHandler
                0x0000c346                DMA4_DriverIRQHandler
                0x0000c346                UART2_RX_TX_DriverIRQHandler
                0x0000c346                USBDCD_DriverIRQHandler
                0x0000c346                UART3_ERR_DriverIRQHandler
                0x0000c346                DMA3_DriverIRQHandler
                0x0000c346                DMA8_DriverIRQHandler
                0x0000c346                DMA9_DriverIRQHandler
                0x0000c346                UART0_ERR_DriverIRQHandler
                0x0000c346                CMT_DriverIRQHandler
                0x0000c346                ADC1_DriverIRQHandler
                0x0000c346                DMA14_DriverIRQHandler
                0x0000c346                PIT3_DriverIRQHandler
                0x0000c346                PIT1_DriverIRQHandler
                0x0000c346                WDOG_EWM_DriverIRQHandler
                0x0000c346                PDB0_DriverIRQHandler
                0x0000c346                Reserved95_DriverIRQHandler
                0x0000c346                RTC_DriverIRQHandler
                0x0000c346                I2S0_Rx_DriverIRQHandler
                0x0000c346                Read_Collision_DriverIRQHandler
                0x0000c346                SWI_DriverIRQHandler
                0x0000c346                UART4_RX_TX_DriverIRQHandler
                0x0000c346                UART4_ERR_DriverIRQHandler
                0x0000c346                DMA0_DriverIRQHandler
                0x0000c346                UART0_LON_DriverIRQHandler
                0x0000c346                Reserved102_DriverIRQHandler
                0x0000c346                DMA1_DriverIRQHandler
                0x0000c346                I2C1_DriverIRQHandler
                0x0000c346                UART3_RX_TX_DriverIRQHandler
                0x0000c346                ENET_Receive_DriverIRQHandler
                0x0000c346                DMA13_DriverIRQHandler
                0x0000c346                ENET_Error_DriverIRQHandler
                0x0000c346                DMA15_DriverIRQHandler
                0x0000c346                SPI0_DriverIRQHandler
                0x0000c346                ADC0_DriverIRQHandler
                0x0000c346                FTFL_DriverIRQHandler
                0x0000c346                CMP0_DriverIRQHandler
                0x0000c346                CAN0_DriverIRQHandler
                0x0000c346                Reserved59_DriverIRQHandler
                0x0000c346                DMA5_DriverIRQHandler
                0x0000c346                UART1_ERR_DriverIRQHandler
                0x0000c346                DMA2_DriverIRQHandler
                0x0000c346                ENET_Transmit_DriverIRQHandler
                0x0000c346                I2C0_DriverIRQHandler
                0x0000c346                CAN1_DriverIRQHandler
                0x0000c346                DMA7_DriverIRQHandler
                0x0000c346                UART1_RX_TX_DriverIRQHandler
                0x0000c346                Reserved108_DriverIRQHandler
                0x00000400                . = 0x400
 *fill*         0x0000c34c       0xb4 ff
                0x0000c400                PROVIDE (__FLASH_CONFIG_START__ = .)
 *(.FlashConfig)
 .FlashConfig   0x0000c400       0x10 Startup/startup_mk60d10.o
                0x0000c410                PROVIDE (__FLASH_CONFIG_END__ = .)
                0x00000001                ASSERT (! ((__FLASH_CONFIG_START__ == __FLASH_CONFIG_END__)), Linker Flash Config Support Enabled, but no .FlashConfig section provided within application)
 *(.text*)
 .text          0x0000c410       0x40 o:/fehqt/proteus/gcc/bin/../lib/gcc/arm-none-eabi/9.2.1/thumb/v7e-m/nofp/crtbegin.o
 .text._Z10InvPercentf
                0x0000c450       0x18 ../main.o
                0x0000c450                InvPercent(float)
 .text._Z7allStopv
                0x0000c468       0x28 ../main.o
                0x0000c468                allStop()
 .text._Z17limitMotorPercentf
                0x0000c490       0x64 ../main.o
                0x0000c490                limitMotorPercent(float)
 *fill*         0x0000c4f4        0x4 ff
 .text._Z16setRadSToPercentfff
                0x0000c4f8      0x1b4 ../main.o
                0x0000c4f8                setRadSToPercent(float, float, float)
 *fill*         0x0000c6ac        0x4 ff
 .text._Z15countsToRadDispii
                0x0000c6b0       0x68 ../main.o
                0x0000c6b0                countsToRadDisp(int, int)
 .text._Z11getCdsColorb
                0x0000c718       0xb0 ../main.o
                0x0000c718                getCdsColor(bool)
 .text._Z9PIDMoveToPcib
                0x0000c7c8      0x95c ../main.o
                0x0000c7c8                PIDMoveTo(char*, int, bool)
 *fill*         0x0000d124        0x4 ff
 .text._Z8rotateCCfi
                0x0000d128       0xe4 ../main.o
                0x0000d128                rotateCC(float, int)
 .text._Z9forward12ff
                0x0000d20c       0xf4 ../main.o
                0x0000d20c                forward12(float, float)
 .text._Z14correctHeadingff
                0x0000d300       0xc0 ../main.o
                0x0000d300                correctHeading(float, float)
 .text._Z6actualv
                0x0000d3c0      0x19c ../main.o
                0x0000d3c0                actual()
 .text.main     0x0000d55c       0x90 ../main.o
                0x0000d55c                main
 .text._Z41__static_initialization_and_destruction_0ii
                0x0000d5ec       0x98 ../main.o
 .text._GLOBAL__sub_I_forwardTimeOut
                0x0000d684       0x10 ../main.o
 .text.PORTD_IRQHandler
                0x0000d694       0x50 Startup/startup_mk60d10.o
                0x0000d694                PORTD_IRQHandler
 .text._Z15InitPowerButtonv
                0x0000d6e4       0x60 Startup/startup_mk60d10.o
                0x0000d6e4                InitPowerButton()
 .text._ZL11pll_init_blv
                0x0000d744       0xdc Startup/startup_mk60d10.o
 .text._Z14InitFEHProteusv
                0x0000d820       0xf8 Startup/startup_mk60d10.o
                0x0000d820                InitFEHProteus()
 .text.DMA0_IRQHandler
                0x0000d918        0xc Startup/startup_mk60d10.o
                0x0000d918                DMA0_IRQHandler
 .text.DMA1_IRQHandler
                0x0000d924        0xc Startup/startup_mk60d10.o
                0x0000d924                DMA1_IRQHandler
 .text.DMA2_IRQHandler
                0x0000d930        0xc Startup/startup_mk60d10.o
                0x0000d930                DMA2_IRQHandler
 .text.DMA3_IRQHandler
                0x0000d93c        0xc Startup/startup_mk60d10.o
                0x0000d93c                DMA3_IRQHandler
 .text.DMA4_IRQHandler
                0x0000d948        0xc Startup/startup_mk60d10.o
                0x0000d948                DMA4_IRQHandler
 .text.DMA5_IRQHandler
                0x0000d954        0xc Startup/startup_mk60d10.o
                0x0000d954                DMA5_IRQHandler
 .text.DMA6_IRQHandler
                0x0000d960        0xc Startup/startup_mk60d10.o
                0x0000d960                DMA6_IRQHandler
 .text.DMA7_IRQHandler
                0x0000d96c        0xc Startup/startup_mk60d10.o
                0x0000d96c                DMA7_IRQHandler
 .text.DMA8_IRQHandler
                0x0000d978        0xc Startup/startup_mk60d10.o
                0x0000d978                DMA8_IRQHandler
 .text.DMA9_IRQHandler
                0x0000d984        0xc Startup/startup_mk60d10.o
                0x0000d984                DMA9_IRQHandler
 .text.DMA10_IRQHandler
                0x0000d990        0xc Startup/startup_mk60d10.o
                0x0000d990                DMA10_IRQHandler
 .text.DMA11_IRQHandler
                0x0000d99c        0xc Startup/startup_mk60d10.o
                0x0000d99c                DMA11_IRQHandler
 .text.DMA12_IRQHandler
                0x0000d9a8        0xc Startup/startup_mk60d10.o
                0x0000d9a8                DMA12_IRQHandler
 .text.DMA13_IRQHandler
                0x0000d9b4        0xc Startup/startup_mk60d10.o
                0x0000d9b4                DMA13_IRQHandler
 .text.DMA14_IRQHandler
                0x0000d9c0        0xc Startup/startup_mk60d10.o
                0x0000d9c0                DMA14_IRQHandler
 .text.DMA15_IRQHandler
                0x0000d9cc        0xc Startup/startup_mk60d10.o
                0x0000d9cc                DMA15_IRQHandler
 .text.DMA_Error_IRQHandler
                0x0000d9d8        0xc Startup/startup_mk60d10.o
                0x0000d9d8                DMA_Error_IRQHandler
 .text.MCM_IRQHandler
                0x0000d9e4        0xc Startup/startup_mk60d10.o
                0x0000d9e4                MCM_IRQHandler
 .text.FTFL_IRQHandler
                0x0000d9f0        0xc Startup/startup_mk60d10.o
                0x0000d9f0                FTFL_IRQHandler
 .text.Read_Collision_IRQHandler
                0x0000d9fc        0xc Startup/startup_mk60d10.o
                0x0000d9fc                Read_Collision_IRQHandler
 .text.LVD_LVW_IRQHandler
                0x0000da08        0xc Startup/startup_mk60d10.o
                0x0000da08                LVD_LVW_IRQHandler
 .text.LLWU_IRQHandler
                0x0000da14        0xc Startup/startup_mk60d10.o
                0x0000da14                LLWU_IRQHandler
 .text.WDOG_EWM_IRQHandler
                0x0000da20        0xc Startup/startup_mk60d10.o
                0x0000da20                WDOG_EWM_IRQHandler
 .text.RNG_IRQHandler
                0x0000da2c        0xc Startup/startup_mk60d10.o
                0x0000da2c                RNG_IRQHandler
 .text.I2C0_IRQHandler
                0x0000da38        0xc Startup/startup_mk60d10.o
                0x0000da38                I2C0_IRQHandler
 .text.I2C1_IRQHandler
                0x0000da44        0xc Startup/startup_mk60d10.o
                0x0000da44                I2C1_IRQHandler
 .text.SPI0_IRQHandler
                0x0000da50        0xc Startup/startup_mk60d10.o
                0x0000da50                SPI0_IRQHandler
 .text.SPI1_IRQHandler
                0x0000da5c        0xc Startup/startup_mk60d10.o
                0x0000da5c                SPI1_IRQHandler
 .text.SPI2_IRQHandler
                0x0000da68        0xc Startup/startup_mk60d10.o
                0x0000da68                SPI2_IRQHandler
 .text.CAN0_ORed_Message_buffer_IRQHandler
                0x0000da74        0xc Startup/startup_mk60d10.o
                0x0000da74                CAN0_ORed_Message_buffer_IRQHandler
 .text.CAN0_Bus_Off_IRQHandler
                0x0000da80        0xc Startup/startup_mk60d10.o
                0x0000da80                CAN0_Bus_Off_IRQHandler
 .text.CAN0_Error_IRQHandler
                0x0000da8c        0xc Startup/startup_mk60d10.o
                0x0000da8c                CAN0_Error_IRQHandler
 .text.CAN0_Tx_Warning_IRQHandler
                0x0000da98        0xc Startup/startup_mk60d10.o
                0x0000da98                CAN0_Tx_Warning_IRQHandler
 .text.CAN0_Rx_Warning_IRQHandler
                0x0000daa4        0xc Startup/startup_mk60d10.o
                0x0000daa4                CAN0_Rx_Warning_IRQHandler
 .text.CAN0_Wake_Up_IRQHandler
                0x0000dab0        0xc Startup/startup_mk60d10.o
                0x0000dab0                CAN0_Wake_Up_IRQHandler
 .text.I2S0_Tx_IRQHandler
                0x0000dabc        0xc Startup/startup_mk60d10.o
                0x0000dabc                I2S0_Tx_IRQHandler
 .text.I2S0_Rx_IRQHandler
                0x0000dac8        0xc Startup/startup_mk60d10.o
                0x0000dac8                I2S0_Rx_IRQHandler
 .text.CAN1_ORed_Message_buffer_IRQHandler
                0x0000dad4        0xc Startup/startup_mk60d10.o
                0x0000dad4                CAN1_ORed_Message_buffer_IRQHandler
 .text.CAN1_Bus_Off_IRQHandler
                0x0000dae0        0xc Startup/startup_mk60d10.o
                0x0000dae0                CAN1_Bus_Off_IRQHandler
 .text.CAN1_Error_IRQHandler
                0x0000daec        0xc Startup/startup_mk60d10.o
                0x0000daec                CAN1_Error_IRQHandler
 .text.CAN1_Tx_Warning_IRQHandler
                0x0000daf8        0xc Startup/startup_mk60d10.o
                0x0000daf8                CAN1_Tx_Warning_IRQHandler
 .text.CAN1_Rx_Warning_IRQHandler
                0x0000db04        0xc Startup/startup_mk60d10.o
                0x0000db04                CAN1_Rx_Warning_IRQHandler
 .text.CAN1_Wake_Up_IRQHandler
                0x0000db10        0xc Startup/startup_mk60d10.o
                0x0000db10                CAN1_Wake_Up_IRQHandler
 .text.Reserved59_IRQHandler
                0x0000db1c        0xc Startup/startup_mk60d10.o
                0x0000db1c                Reserved59_IRQHandler
 .text.UART0_LON_IRQHandler
                0x0000db28        0xc Startup/startup_mk60d10.o
                0x0000db28                UART0_LON_IRQHandler
 .text.UART0_ERR_IRQHandler
                0x0000db34        0xc Startup/startup_mk60d10.o
                0x0000db34                UART0_ERR_IRQHandler
 .text.UART1_RX_TX_IRQHandler
                0x0000db40        0xc Startup/startup_mk60d10.o
                0x0000db40                UART1_RX_TX_IRQHandler
 .text.UART1_ERR_IRQHandler
                0x0000db4c        0xc Startup/startup_mk60d10.o
                0x0000db4c                UART1_ERR_IRQHandler
 .text.UART2_RX_TX_IRQHandler
                0x0000db58        0xc Startup/startup_mk60d10.o
                0x0000db58                UART2_RX_TX_IRQHandler
 .text.UART2_ERR_IRQHandler
                0x0000db64        0xc Startup/startup_mk60d10.o
                0x0000db64                UART2_ERR_IRQHandler
 .text.UART3_RX_TX_IRQHandler
                0x0000db70        0xc Startup/startup_mk60d10.o
                0x0000db70                UART3_RX_TX_IRQHandler
 .text.UART3_ERR_IRQHandler
                0x0000db7c        0xc Startup/startup_mk60d10.o
                0x0000db7c                UART3_ERR_IRQHandler
 .text.UART4_RX_TX_IRQHandler
                0x0000db88        0xc Startup/startup_mk60d10.o
                0x0000db88                UART4_RX_TX_IRQHandler
 .text.UART4_ERR_IRQHandler
                0x0000db94        0xc Startup/startup_mk60d10.o
                0x0000db94                UART4_ERR_IRQHandler
 .text.UART5_RX_TX_IRQHandler
                0x0000dba0        0xc Startup/startup_mk60d10.o
                0x0000dba0                UART5_RX_TX_IRQHandler
 .text.UART5_ERR_IRQHandler
                0x0000dbac        0xc Startup/startup_mk60d10.o
                0x0000dbac                UART5_ERR_IRQHandler
 .text.ADC0_IRQHandler
                0x0000dbb8        0xc Startup/startup_mk60d10.o
                0x0000dbb8                ADC0_IRQHandler
 .text.ADC1_IRQHandler
                0x0000dbc4        0xc Startup/startup_mk60d10.o
                0x0000dbc4                ADC1_IRQHandler
 .text.CMP0_IRQHandler
                0x0000dbd0        0xc Startup/startup_mk60d10.o
                0x0000dbd0                CMP0_IRQHandler
 .text.CMP1_IRQHandler
                0x0000dbdc        0xc Startup/startup_mk60d10.o
                0x0000dbdc                CMP1_IRQHandler
 .text.CMP2_IRQHandler
                0x0000dbe8        0xc Startup/startup_mk60d10.o
                0x0000dbe8                CMP2_IRQHandler
 .text.FTM0_IRQHandler
                0x0000dbf4        0xc Startup/startup_mk60d10.o
                0x0000dbf4                FTM0_IRQHandler
 .text.FTM1_IRQHandler
                0x0000dc00        0xc Startup/startup_mk60d10.o
                0x0000dc00                FTM1_IRQHandler
 .text.FTM2_IRQHandler
                0x0000dc0c        0xc Startup/startup_mk60d10.o
                0x0000dc0c                FTM2_IRQHandler
 .text.CMT_IRQHandler
                0x0000dc18        0xc Startup/startup_mk60d10.o
                0x0000dc18                CMT_IRQHandler
 .text.RTC_IRQHandler
                0x0000dc24        0xc Startup/startup_mk60d10.o
                0x0000dc24                RTC_IRQHandler
 .text.RTC_Seconds_IRQHandler
                0x0000dc30        0xc Startup/startup_mk60d10.o
                0x0000dc30                RTC_Seconds_IRQHandler
 .text.PIT1_IRQHandler
                0x0000dc3c        0xc Startup/startup_mk60d10.o
                0x0000dc3c                PIT1_IRQHandler
 .text.PIT2_IRQHandler
                0x0000dc48        0xc Startup/startup_mk60d10.o
                0x0000dc48                PIT2_IRQHandler
 .text.PIT3_IRQHandler
                0x0000dc54        0xc Startup/startup_mk60d10.o
                0x0000dc54                PIT3_IRQHandler
 .text.PDB0_IRQHandler
                0x0000dc60        0xc Startup/startup_mk60d10.o
                0x0000dc60                PDB0_IRQHandler
 .text.USB0_IRQHandler
                0x0000dc6c        0xc Startup/startup_mk60d10.o
                0x0000dc6c                USB0_IRQHandler
 .text.USBDCD_IRQHandler
                0x0000dc78        0xc Startup/startup_mk60d10.o
                0x0000dc78                USBDCD_IRQHandler
 .text.ENET_1588_Timer_IRQHandler
                0x0000dc84        0xc Startup/startup_mk60d10.o
                0x0000dc84                ENET_1588_Timer_IRQHandler
 .text.ENET_Transmit_IRQHandler
                0x0000dc90        0xc Startup/startup_mk60d10.o
                0x0000dc90                ENET_Transmit_IRQHandler
 .text.ENET_Receive_IRQHandler
                0x0000dc9c        0xc Startup/startup_mk60d10.o
                0x0000dc9c                ENET_Receive_IRQHandler
 .text.ENET_Error_IRQHandler
                0x0000dca8        0xc Startup/startup_mk60d10.o
                0x0000dca8                ENET_Error_IRQHandler
 .text.Reserved95_IRQHandler
                0x0000dcb4        0xc Startup/startup_mk60d10.o
                0x0000dcb4                Reserved95_IRQHandler
 .text.SDHC_IRQHandler
                0x0000dcc0        0xc Startup/startup_mk60d10.o
                0x0000dcc0                SDHC_IRQHandler
 .text.DAC0_IRQHandler
                0x0000dccc        0xc Startup/startup_mk60d10.o
                0x0000dccc                DAC0_IRQHandler
 .text.DAC1_IRQHandler
                0x0000dcd8        0xc Startup/startup_mk60d10.o
                0x0000dcd8                DAC1_IRQHandler
 .text.TSI0_IRQHandler
                0x0000dce4        0xc Startup/startup_mk60d10.o
                0x0000dce4                TSI0_IRQHandler
 .text.MCG_IRQHandler
                0x0000dcf0        0xc Startup/startup_mk60d10.o
                0x0000dcf0                MCG_IRQHandler
 .text.LPTMR0_IRQHandler
                0x0000dcfc        0xc Startup/startup_mk60d10.o
                0x0000dcfc                LPTMR0_IRQHandler
 .text.Reserved102_IRQHandler
                0x0000dd08        0xc Startup/startup_mk60d10.o
                0x0000dd08                Reserved102_IRQHandler
 .text.Reserved108_IRQHandler
                0x0000dd14        0xc Startup/startup_mk60d10.o
                0x0000dd14                Reserved108_IRQHandler
 .text.Reserved109_IRQHandler
                0x0000dd20        0xc Startup/startup_mk60d10.o
                0x0000dd20                Reserved109_IRQHandler
 .text.SWI_IRQHandler
                0x0000dd2c        0xc Startup/startup_mk60d10.o
                0x0000dd2c                SWI_IRQHandler
 .text._ZN8FEHMotorC2ENS_12FEHMotorPortEf
                0x0000dd38       0x7c Libraries/FEHMotor.o
                0x0000dd38                FEHMotor::FEHMotor(FEHMotor::FEHMotorPort, float)
                0x0000dd38                FEHMotor::FEHMotor(FEHMotor::FEHMotorPort, float)
 .text._ZN8FEHMotor4StopEv
                0x0000ddb4       0x30 Libraries/FEHMotor.o
                0x0000ddb4                FEHMotor::Stop()
 .text._ZN8FEHMotor8SetPowerEi
                0x0000dde4       0x54 Libraries/FEHMotor.o
                0x0000dde4                FEHMotor::SetPower(int)
 .text._ZN8FEHMotor10SetPercentEf
                0x0000de38       0xf8 Libraries/FEHMotor.o
                0x0000de38                FEHMotor::SetPercent(float)
 .text._Z21IIC_StartTransmissionhh
                0x0000df30       0x6c Drivers/i2c.o
                0x0000df30                IIC_StartTransmission(unsigned char, unsigned char)
 .text._Z5Pausev
                0x0000df9c       0x24 Drivers/i2c.o
                0x0000df9c                Pause()
 .text._Z21MMA8451QWriteRegisterhh
                0x0000dfc0       0x68 Drivers/i2c.o
                0x0000dfc0                MMA8451QWriteRegister(unsigned char, unsigned char)
 .text._Z8i2c_Waitv
                0x0000e028       0x6c Drivers/i2c.o
                0x0000e028                i2c_Wait()
 .text._Z12SPI_SendCharh
                0x0000e094       0x1a Drivers/spi.o
                0x0000e094                SPI_SendChar(unsigned char)
 .text._Z16SPI_WriteCommandhh
                0x0000e0ae       0x34 Drivers/spi.o
                0x0000e0ae                SPI_WriteCommand(unsigned char, unsigned char)
 .text._Z11SPI_GetCharv
                0x0000e0e2       0x10 Drivers/spi.o
                0x0000e0e2                SPI_GetChar()
 .text._Z15SPI_ReadCommandh
                0x0000e0f2       0x38 Drivers/spi.o
                0x0000e0f2                SPI_ReadCommand(unsigned char)
 *fill*         0x0000e12a        0x2 ff
 .text._Z13SPI_CS_Assertv
                0x0000e12c       0x1c Drivers/spi.o
                0x0000e12c                SPI_CS_Assert()
 .text._Z15SPI_CS_Deassertv
                0x0000e148       0x1c Drivers/spi.o
                0x0000e148                SPI_CS_Deassert()
 .text._Z12SPI_Transferh
                0x0000e164       0x6c Drivers/spi.o
                0x0000e164                SPI_Transfer(unsigned char)
 .text._Z8SPI_Initv
                0x0000e1d0       0xa8 Drivers/spi.o
                0x0000e1d0                SPI_Init()
 .text._Z9uart_initPV11UART_MemMapii
                0x0000e278      0x18c Drivers/uart.o
                0x0000e278                uart_init(UART_MemMap volatile*, int, int)
 .text._Z12uart_getcharPV11UART_MemMap
                0x0000e404       0x32 Drivers/uart.o
                0x0000e404                uart_getchar(UART_MemMap volatile*)
 .text._Z12uart_putcharPV11UART_MemMapc
                0x0000e436       0x32 Drivers/uart.o
                0x0000e436                uart_putchar(UART_MemMap volatile*, char)
 .text._ZL7mem_cpyPvPKvj
                0x0000e468       0x44 Drivers/ff.o
 .text._ZL7mem_setPvij
                0x0000e4ac       0x3c Drivers/ff.o
 .text._ZL7mem_cmpPKvS0_j
                0x0000e4e8       0x56 Drivers/ff.o
 .text._ZL7chk_chrPKci
                0x0000e53e       0x34 Drivers/ff.o
 .text._ZL11move_windowP5FATFSm
                0x0000e572       0xc8 Drivers/ff.o
 .text._ZL4syncP5FATFS
                0x0000e63a      0x148 Drivers/ff.o
 .text._Z10clust2sectP5FATFSm
                0x0000e782       0x3c Drivers/ff.o
                0x0000e782                clust2sect(FATFS*, unsigned long)
 .text._Z7get_fatP5FATFSm
                0x0000e7be      0x192 Drivers/ff.o
                0x0000e7be                get_fat(FATFS*, unsigned long)
 .text._Z7put_fatP5FATFSmm
                0x0000e950      0x206 Drivers/ff.o
                0x0000e950                put_fat(FATFS*, unsigned long, unsigned long)
 .text._ZL12remove_chainP5FATFSm
                0x0000eb56       0x9c Drivers/ff.o
 .text._ZL12create_chainP5FATFSm
                0x0000ebf2      0x112 Drivers/ff.o
 .text._ZL10clmt_clustP3FILm
                0x0000ed04       0x62 Drivers/ff.o
 .text._ZL7dir_sdiP3DIRt
                0x0000ed66      0x100 Drivers/ff.o
 .text._ZL8dir_nextP3DIRi
                0x0000ee66      0x1b6 Drivers/ff.o
 .text._ZL8dir_findP3DIR
                0x0000f01c       0xa0 Drivers/ff.o
 .text._ZL12dir_registerP3DIR
                0x0000f0bc       0xae Drivers/ff.o
 *fill*         0x0000f16a        0x2 ff
 .text._ZL11create_nameP3DIRPPKc
                0x0000f16c      0x1f4 Drivers/ff.o
 .text._ZL11follow_pathP3DIRPKc
                0x0000f360      0x12c Drivers/ff.o
 .text._ZL8check_fsP5FATFSm
                0x0000f48c       0xd8 Drivers/ff.o
 .text._ZL11chk_mountedPPKcPP5FATFSh
                0x0000f564      0x530 Drivers/ff.o
 .text._ZL8validateP5FATFSt
                0x0000fa94       0x54 Drivers/ff.o
 .text._Z7f_mounthP5FATFS
                0x0000fae8       0x54 Drivers/ff.o
                0x0000fae8                f_mount(unsigned char, FATFS*)
 .text._Z6f_openP3FILPKch
                0x0000fb3c      0x2dc Drivers/ff.o
                0x0000fb3c                f_open(FIL*, char const*, unsigned char)
 .text._Z6f_readP3FILPvjPj
                0x0000fe18      0x2dc Drivers/ff.o
                0x0000fe18                f_read(FIL*, void*, unsigned int, unsigned int*)
 .text._Z7f_writeP3FILPKvjPj
                0x000100f4      0x33c Drivers/ff.o
                0x000100f4                f_write(FIL*, void const*, unsigned int, unsigned int*)
 .text._Z6f_syncP3FIL
                0x00010430      0x17e Drivers/ff.o
                0x00010430                f_sync(FIL*)
 .text._Z7f_closeP3FIL
                0x000105ae       0x28 Drivers/ff.o
                0x000105ae                f_close(FIL*)
 .text._Z6f_getsPciP3FIL
                0x000105d6       0x70 Drivers/ff.o
                0x000105d6                f_gets(char*, int, FIL*)
 .text._Z6f_putccP3FIL
                0x00010646       0x3c Drivers/ff.o
                0x00010646                f_putc(char, FIL*)
 .text._Z6f_putsPKcP3FIL
                0x00010682       0x52 Drivers/ff.o
                0x00010682                f_puts(char const*, FIL*)
 .text._Z5powerii
                0x000106d4       0x3c Drivers/ff.o
                0x000106d4                power(int, int)
 .text._Z8f_printfP3FILPKcSt9__va_list
                0x00010710      0x614 Drivers/ff.o
                0x00010710                f_printf(FIL*, char const*, std::__va_list)
 .text._ZL17SDHC_set_baudratemm
                0x00010d24       0xe8 Drivers/SDHC.o
 .text._Z9SDHC_initP17esdhc_info_structPK17esdhc_init_struct
                0x00010e0c      0x134 Drivers/SDHC.o
                0x00010e0c                SDHC_init(esdhc_info_struct*, esdhc_init_struct const*)
 .text._ZL15SDHC_is_runningv
                0x00010f40       0x24 Drivers/SDHC.o
 .text._ZL16SDHC_status_waitm
                0x00010f64       0x2c Drivers/SDHC.o
 .text._ZL17SDHC_send_commandP20esdhc_command_struct
                0x00010f90      0x1f8 Drivers/SDHC.o
 .text._Z10SDHC_ioctlmPv
                0x00011188      0x6f4 Drivers/SDHC.o
                0x00011188                SDHC_ioctl(unsigned long, void*)
 .text._Z15disk_initializeh
                0x0001187c      0x388 Drivers/SDHC.o
                0x0001187c                disk_initialize(unsigned char)
 .text._ZL14rcvr_datablockPhm
                0x00011c04       0xf0 Drivers/SDHC.o
 .text._Z9disk_readhPhmh
                0x00011cf4      0x124 Drivers/SDHC.o
                0x00011cf4                disk_read(unsigned char, unsigned char*, unsigned long, unsigned char)
 .text._ZL14xmit_datablockPKhm
                0x00011e18       0xa4 Drivers/SDHC.o
 .text._Z10disk_writehPKhmh
                0x00011ebc      0x198 Drivers/SDHC.o
                0x00011ebc                disk_write(unsigned char, unsigned char const*, unsigned long, unsigned char)
 .text._Z10disk_ioctlhhPv
                0x00012054      0x104 Drivers/SDHC.o
                0x00012054                disk_ioctl(unsigned char, unsigned char, void*)
 .text._Z11disk_statush
                0x00012158       0x28 Drivers/SDHC.o
                0x00012158                disk_status(unsigned char)
 .text._Z13time_delay_msm
                0x00012180       0x70 Drivers/lptmr.o
                0x00012180                time_delay_ms(unsigned long)
 .text._Z41__static_initialization_and_destruction_0ii
                0x000121f0       0x2c FEHProteus.o
 .text._GLOBAL__sub_I_Propeller
                0x0001221c       0x10 FEHProteus.o
 .text._ZN12FEHPropellerC2Ev
                0x0001222c       0x1a Drivers/FEHPropeller.o
                0x0001222c                FEHPropeller::FEHPropeller()
                0x0001222c                FEHPropeller::FEHPropeller()
 *fill*         0x00012246        0x2 ff
 .text._ZN12FEHPropeller10InitializeEv
                0x00012248       0x74 Drivers/FEHPropeller.o
                0x00012248                FEHPropeller::Initialize()
 .text._ZN12FEHPropeller12SetMotorRateEhhh
                0x000122bc       0x5c Drivers/FEHPropeller.o
                0x000122bc                FEHPropeller::SetMotorRate(unsigned char, unsigned char, unsigned char)
 .text._ZL5Delaymjj
                0x00012318       0x94 Libraries/FEHUtility.o
 .text._Z5Sleepi
                0x000123ac       0x2c Libraries/FEHUtility.o
                0x000123ac                Sleep(int)
 .text._Z5Sleepd
                0x000123d8       0x4c Libraries/FEHUtility.o
                0x000123d8                Sleep(double)
 .text._Z7TimeNowv
                0x00012424       0x5c Libraries/FEHUtility.o
                0x00012424                TimeNow()
 .text._Z11TimeNowMSecv
                0x00012480       0x38 Libraries/FEHUtility.o
                0x00012480                TimeNowMSec()
 .text._ZN14DigitalEncoderC2EN5FEHIO8FEHIOPinE
                0x000124b8       0x26 Libraries/FEHIO.o
                0x000124b8                DigitalEncoder::DigitalEncoder(FEHIO::FEHIOPin)
                0x000124b8                DigitalEncoder::DigitalEncoder(FEHIO::FEHIOPin)
 *fill*         0x000124de        0x2 ff
 .text._Z10enable_irqi
                0x000124e0      0x11c Libraries/FEHIO.o
                0x000124e0                enable_irq(int)
 .text._ZN14DigitalEncoder10InitializeEN5FEHIO8FEHIOPinENS0_21FEHIOInterruptTriggerE
                0x000125fc      0x1a8 Libraries/FEHIO.o
                0x000125fc                DigitalEncoder::Initialize(FEHIO::FEHIOPin, FEHIO::FEHIOInterruptTrigger)
 .text._Z16PORTB_IRQHandlerv
                0x000127a4       0xb0 Libraries/FEHIO.o
                0x000127a4                PORTB_IRQHandler()
 .text._Z16PORTC_IRQHandlerv
                0x00012854       0xa0 Libraries/FEHIO.o
                0x00012854                PORTC_IRQHandler()
 .text._Z16PORTA_IRQHandlerv
                0x000128f4       0xa4 Libraries/FEHIO.o
                0x000128f4                PORTA_IRQHandler()
 .text._Z16PORTE_IRQHandlerv
                0x00012998       0x9c Libraries/FEHIO.o
                0x00012998                PORTE_IRQHandler()
 .text._ZN14DigitalEncoder6CountsEv
                0x00012a34       0x24 Libraries/FEHIO.o
                0x00012a34                DigitalEncoder::Counts()
 .text._ZN14DigitalEncoder11ResetCountsEv
                0x00012a58       0x24 Libraries/FEHIO.o
                0x00012a58                DigitalEncoder::ResetCounts()
 .text._ZN14AnalogInputPinC2EN5FEHIO8FEHIOPinE
                0x00012a7c       0x1e Libraries/FEHIO.o
                0x00012a7c                AnalogInputPin::AnalogInputPin(FEHIO::FEHIOPin)
                0x00012a7c                AnalogInputPin::AnalogInputPin(FEHIO::FEHIOPin)
 *fill*         0x00012a9a        0x6 ff
 .text._ZN14AnalogInputPin5ValueEv
                0x00012aa0      0x120 Libraries/FEHIO.o
                0x00012aa0                AnalogInputPin::Value()
 .text._ZN13AnalogEncoder12EncoderValueEv
                0x00012bc0       0xb0 Libraries/FEHIO.o
                0x00012bc0                AnalogEncoder::EncoderValue()
 .text._ZN14AnalogInputPin8InitADCsEv
                0x00012c70       0x98 Libraries/FEHIO.o
                0x00012c70                AnalogInputPin::InitADCs()
 .text._Z15PIT0_IRQHandlerv
                0x00012d08       0x28 Libraries/FEHIO.o
                0x00012d08                PIT0_IRQHandler()
 .text._ZN13AnalogEncoder4InitEv
                0x00012d30       0x44 Libraries/FEHIO.o
                0x00012d30                AnalogEncoder::Init()
 .text._ZN13AnalogEncoder14SetCounterInitEj
                0x00012d74       0x20 Libraries/FEHIO.o
                0x00012d74                AnalogEncoder::SetCounterInit(unsigned int)
 .text._ZN13AnalogEncoder10ProcessIntEv
                0x00012d94       0x68 Libraries/FEHIO.o
                0x00012d94                AnalogEncoder::ProcessInt()
 .text._ZN13AnalogEncoder14ProcessIntSelfEv
                0x00012dfc       0x6e Libraries/FEHIO.o
                0x00012dfc                AnalogEncoder::ProcessIntSelf()
 .text._Z7ADC_CalPV10ADC_MemMap
                0x00012e6a      0x13e Drivers/adc16.o
                0x00012e6a                ADC_Cal(ADC_MemMap volatile*)
 .text._Z14ADC_Config_AltPV10ADC_MemMapP7adc_cfg
                0x00012fa8       0x6c Drivers/adc16.o
                0x00012fa8                ADC_Config_Alt(ADC_MemMap volatile*, adc_cfg*)
 .text._ZN9FEHBuzzerC2Ev
                0x00013014       0x14 Libraries/FEHBuzzer.o
                0x00013014                FEHBuzzer::FEHBuzzer()
                0x00013014                FEHBuzzer::FEHBuzzer()
 .text._Z41__static_initialization_and_destruction_0ii
                0x00013028       0x2c Libraries/FEHBuzzer.o
 .text._GLOBAL__sub_I_Buzzer
                0x00013054       0x10 Libraries/FEHBuzzer.o
 .text._ZN8FEHServoC2ENS_12FEHServoPortE
                0x00013064       0x38 Libraries/FEHServo.o
                0x00013064                FEHServo::FEHServo(FEHServo::FEHServoPort)
                0x00013064                FEHServo::FEHServo(FEHServo::FEHServoPort)
 .text._ZN8FEHServo6SetMinEi
                0x0001309c       0x3a Libraries/FEHServo.o
                0x0001309c                FEHServo::SetMin(int)
 .text._ZN8FEHServo6SetMaxEi
                0x000130d6       0x3a Libraries/FEHServo.o
                0x000130d6                FEHServo::SetMax(int)
 .text._ZN8FEHServo9SetDegreeEf
                0x00013110       0xf4 Libraries/FEHServo.o
                0x00013110                FEHServo::SetDegree(float)
 .text._ZN6FEHLCD11_InitializeEv
                0x00013204      0x410 Libraries/FEHLCD.o
                0x00013204                FEHLCD::_Initialize()
 .text._ZN6FEHLCDC2Ev
                0x00013614       0x50 Libraries/FEHLCD.o
                0x00013614                FEHLCD::FEHLCD()
                0x00013614                FEHLCD::FEHLCD()
 .text._ZN6FEHLCD10InitializeEv
                0x00013664       0x28 Libraries/FEHLCD.o
                0x00013664                FEHLCD::Initialize()
 .text._ZN6FEHLCD10PrintImageEii
                0x0001368c       0xbc Libraries/FEHLCD.o
                0x0001368c                FEHLCD::PrintImage(int, int)
 .text._ZN6FEHLCD9PrintLogoEii
                0x00013748       0xbc Libraries/FEHLCD.o
                0x00013748                FEHLCD::PrintLogo(int, int)
 .text._ZN6FEHLCD22ConvertFEHColorTo24BitENS_11FEHLCDColorE
                0x00013804       0x78 Libraries/FEHLCD.o
                0x00013804                FEHLCD::ConvertFEHColorTo24Bit(FEHLCD::FEHLCDColor)
 .text._ZN6FEHLCD24Convert24BitColorTo16BitEj
                0x0001387c       0x30 Libraries/FEHLCD.o
                0x0001387c                FEHLCD::Convert24BitColorTo16Bit(unsigned int)
 .text._ZN6FEHLCD22ConvertRGBColorTo16BitEhhh
                0x000138ac       0x44 Libraries/FEHLCD.o
                0x000138ac                FEHLCD::ConvertRGBColorTo16Bit(unsigned char, unsigned char, unsigned char)
 .text._ZN6FEHLCD5ClearENS_11FEHLCDColorE
                0x000138f0       0x28 Libraries/FEHLCD.o
                0x000138f0                FEHLCD::Clear(FEHLCD::FEHLCDColor)
 .text._ZN6FEHLCD5ClearEj
                0x00013918       0x2c Libraries/FEHLCD.o
                0x00013918                FEHLCD::Clear(unsigned int)
 .text._ZN6FEHLCD5ClearEv
                0x00013944       0x16 Libraries/FEHLCD.o
                0x00013944                FEHLCD::Clear()
 .text._ZN6FEHLCD18SetBackgroundColorENS_11FEHLCDColorE
                0x0001395a       0x28 Libraries/FEHLCD.o
                0x0001395a                FEHLCD::SetBackgroundColor(FEHLCD::FEHLCDColor)
 .text._ZN6FEHLCD18SetBackgroundColorEj
                0x00013982       0x26 Libraries/FEHLCD.o
                0x00013982                FEHLCD::SetBackgroundColor(unsigned int)
 .text._ZN6FEHLCD12SetFontColorENS_11FEHLCDColorE
                0x000139a8       0x28 Libraries/FEHLCD.o
                0x000139a8                FEHLCD::SetFontColor(FEHLCD::FEHLCDColor)
 .text._ZN6FEHLCD12SetFontColorEj
                0x000139d0       0x26 Libraries/FEHLCD.o
                0x000139d0                FEHLCD::SetFontColor(unsigned int)
 .text._ZN6FEHLCD7WriteAtEPKcii
                0x000139f6       0x46 Libraries/FEHLCD.o
                0x000139f6                FEHLCD::WriteAt(char const*, int, int)
 .text._ZN6FEHLCD11TS_SPI_InitEv
                0x00013a3c       0x7c Libraries/FEHLCD.o
                0x00013a3c                FEHLCD::TS_SPI_Init()
 .text._ZN6FEHLCD5TouchEPfS0_
                0x00013ab8      0x1fc Libraries/FEHLCD.o
                0x00013ab8                FEHLCD::Touch(float*, float*)
 .text._ZN6FEHLCD3absEi
                0x00013cb4       0x22 Libraries/FEHLCD.o
                0x00013cb4                FEHLCD::abs(int)
 .text._ZN6FEHLCD5WriteEPKc
                0x00013cd6       0x4e Libraries/FEHLCD.o
                0x00013cd6                FEHLCD::Write(char const*)
 .text._ZN6FEHLCD5WriteEi
                0x00013d24       0x30 Libraries/FEHLCD.o
                0x00013d24                FEHLCD::Write(int)
 .text._ZN6FEHLCD5WriteEf
                0x00013d54       0xc0 Libraries/FEHLCD.o
                0x00013d54                FEHLCD::Write(float)
 .text._ZN6FEHLCD5WriteEc
                0x00013e14       0x30 Libraries/FEHLCD.o
                0x00013e14                FEHLCD::Write(char)
 .text._ZN6FEHLCD9WriteLineEPKc
                0x00013e44       0x26 Libraries/FEHLCD.o
                0x00013e44                FEHLCD::WriteLine(char const*)
 .text._ZN6FEHLCD9WriteLineEf
                0x00013e6a       0x26 Libraries/FEHLCD.o
                0x00013e6a                FEHLCD::WriteLine(float)
 .text._ZN6FEHLCD9WriteLineEc
                0x00013e90       0x2a Libraries/FEHLCD.o
                0x00013e90                FEHLCD::WriteLine(char)
 *fill*         0x00013eba        0x2 ff
 .text._ZN6FEHLCD10WriteIndexEh
                0x00013ebc      0x14c Libraries/FEHLCD.o
                0x00013ebc                FEHLCD::WriteIndex(unsigned char)
 .text._ZN6FEHLCD14WriteParameterEh
                0x00014008      0x130 Libraries/FEHLCD.o
                0x00014008                FEHLCD::WriteParameter(unsigned char)
 .text._ZN6FEHLCD6_ClearEv
                0x00014138      0x15c Libraries/FEHLCD.o
                0x00014138                FEHLCD::_Clear()
 .text._ZN6FEHLCD8NextLineEv
                0x00014294       0x2a Libraries/FEHLCD.o
                0x00014294                FEHLCD::NextLine()
 .text._ZN6FEHLCD9CheckLineEv
                0x000142be       0x28 Libraries/FEHLCD.o
                0x000142be                FEHLCD::CheckLine()
 .text._ZN6FEHLCD8NextCharEv
                0x000142e6       0x32 Libraries/FEHLCD.o
                0x000142e6                FEHLCD::NextChar()
 .text._ZN6FEHLCD9DrawPixelEii
                0x00014318       0x2a Libraries/FEHLCD.o
                0x00014318                FEHLCD::DrawPixel(int, int)
 .text._Z4SwapRiS_
                0x00014342       0x28 Libraries/FEHLCD.o
                0x00014342                Swap(int&, int&)
 .text._ZN6FEHLCD13DrawRectangleEiiii
                0x0001436a       0x7c Libraries/FEHLCD.o
                0x0001436a                FEHLCD::DrawRectangle(int, int, int, int)
 .text._ZN6FEHLCD13SetDrawRegionEiiii
                0x000143e6       0xfe Libraries/FEHLCD.o
                0x000143e6                FEHLCD::SetDrawRegion(int, int, int, int)
 .text._ZN6FEHLCD8DrawLineEiiii
                0x000144e4      0x14c Libraries/FEHLCD.o
                0x000144e4                FEHLCD::DrawLine(int, int, int, int)
 .text._ZN6FEHLCD9WriteCharEiic
                0x00014630       0x34 Libraries/FEHLCD.o
                0x00014630                FEHLCD::WriteChar(int, int, char)
 .text._ZN6FEHLCD11WriteCharAtEiic
                0x00014664      0x214 Libraries/FEHLCD.o
                0x00014664                FEHLCD::WriteCharAt(int, int, char)
 .text._ZN6FEHLCD11RepeatColorEv
                0x00014878       0x70 Libraries/FEHLCD.o
                0x00014878                FEHLCD::RepeatColor()
 .text._ZN6FEHLCD10_ForePixelEv
                0x000148e8       0xc4 Libraries/FEHLCD.o
                0x000148e8                FEHLCD::_ForePixel()
 .text._ZN6FEHLCD10_BackPixelEv
                0x000149ac       0xc4 Libraries/FEHLCD.o
                0x000149ac                FEHLCD::_BackPixel()
 .text._ZN6FEHLCD22SetRegisterColorValuesEv
                0x00014a70      0x336 Libraries/FEHLCD.o
                0x00014a70                FEHLCD::SetRegisterColorValues()
 .text._ZN7FEHIcon4IconC2Ev
                0x00014da6       0x14 Libraries/FEHLCD.o
                0x00014da6                FEHIcon::Icon::Icon()
                0x00014da6                FEHIcon::Icon::Icon()
 .text._ZN7FEHIcon4Icon13SetPropertiesEPciiiijj
                0x00014dba       0x6a Libraries/FEHLCD.o
                0x00014dba                FEHIcon::Icon::SetProperties(char*, int, int, int, int, unsigned int, unsigned int)
 .text._ZN7FEHIcon4Icon4DrawEv
                0x00014e24       0x90 Libraries/FEHLCD.o
                0x00014e24                FEHIcon::Icon::Draw()
 .text._ZN7FEHIcon4Icon6SelectEv
                0x00014eb4       0x90 Libraries/FEHLCD.o
                0x00014eb4                FEHIcon::Icon::Select()
 .text._ZN7FEHIcon4Icon8DeselectEv
                0x00014f44       0x8c Libraries/FEHLCD.o
                0x00014f44                FEHIcon::Icon::Deselect()
 .text._ZN7FEHIcon4Icon7PressedEffi
                0x00014fd0      0x140 Libraries/FEHLCD.o
                0x00014fd0                FEHIcon::Icon::Pressed(float, float, int)
 .text._ZN7FEHIcon4Icon12WhilePressedEff
                0x00015110       0x50 Libraries/FEHLCD.o
                0x00015110                FEHIcon::Icon::WhilePressed(float, float)
 .text._ZN7FEHIcon13DrawIconArrayEPNS_4IconEiiiiiiPA20_cjj
                0x00015160      0x168 Libraries/FEHLCD.o
                0x00015160                FEHIcon::DrawIconArray(FEHIcon::Icon*, int, int, int, int, int, int, char (*) [20], unsigned int, unsigned int)
 .text._Z41__static_initialization_and_destruction_0ii
                0x000152c8       0x2c Libraries/FEHLCD.o
 .text._GLOBAL__sub_I_image
                0x000152f4       0x10 Libraries/FEHLCD.o
 .text._ZN8FEHAccelC2Ev
                0x00015304       0x74 Libraries/FEHAccel.o
                0x00015304                FEHAccel::FEHAccel()
                0x00015304                FEHAccel::FEHAccel()
 .text._Z41__static_initialization_and_destruction_0ii
                0x00015378       0x2c Libraries/FEHAccel.o
 .text._GLOBAL__sub_I_Accel
                0x000153a4       0x10 Libraries/FEHAccel.o
 .text._ZN10FEHBatteryC2EN5FEHIO8FEHIOPinE
                0x000153b4       0x22 Libraries/FEHBattery.o
                0x000153b4                FEHBattery::FEHBattery(FEHIO::FEHIOPin)
                0x000153b4                FEHBattery::FEHBattery(FEHIO::FEHIOPin)
 *fill*         0x000153d6        0x2 ff
 .text._Z41__static_initialization_and_destruction_0ii
                0x000153d8       0x30 Libraries/FEHBattery.o
 .text._GLOBAL__sub_I_Battery
                0x00015408       0x10 Libraries/FEHBattery.o
 .text._ZN7FEHXBeeC2Ev
                0x00015418       0x1a Drivers/FEHXBee.o
                0x00015418                FEHXBee::FEHXBee()
                0x00015418                FEHXBee::FEHXBee()
 *fill*         0x00015432        0x2 ff
 .text._ZN7FEHXBee10InitializeEv
                0x00015434       0xe0 Drivers/FEHXBee.o
                0x00015434                FEHXBee::Initialize()
 .text._ZN7FEHXBee13IsInitializedEv
                0x00015514       0x16 Drivers/FEHXBee.o
                0x00015514                FEHXBee::IsInitialized()
 *fill*         0x0001552a        0x2 ff
 .text._ZN7FEHXBee17ReceiveDataSearchEPcjh
                0x0001552c       0x8c Drivers/FEHXBee.o
                0x0001552c                FEHXBee::ReceiveDataSearch(char*, unsigned int, unsigned char)
 .text._ZN7FEHXBee8SendDataEPcj
                0x000155b8       0x40 Drivers/FEHXBee.o
                0x000155b8                FEHXBee::SendData(char*, unsigned int)
 .text._ZN7FEHXBee17SetPacketCallBackEPFvPhhE
                0x000155f8       0x20 Drivers/FEHXBee.o
                0x000155f8                FEHXBee::SetPacketCallBack(void (*)(unsigned char*, unsigned char))
 .text._Z22UART0_RX_TX_IRQHandlerv
                0x00015618       0xec Drivers/FEHXBee.o
                0x00015618                UART0_RX_TX_IRQHandler()
 .text._ZN6FEHRPSC2Ev
                0x00015704       0x74 Libraries/FEHRPS.o
                0x00015704                FEHRPS::FEHRPS()
                0x00015704                FEHRPS::FEHRPS()
 .text._ZN6FEHRPS10InitializeEi
                0x00015778      0x668 Libraries/FEHRPS.o
                0x00015778                FEHRPS::Initialize(int)
 .text._ZN6FEHRPS10InitializeEc
                0x00015de0       0x46 Libraries/FEHRPS.o
                0x00015de0                FEHRPS::Initialize(char)
 *fill*         0x00015e26        0x2 ff
 .text._ZN6FEHRPS19InitializeTouchMenuEv
                0x00015e28      0x3fc Libraries/FEHRPS.o
                0x00015e28                FEHRPS::InitializeTouchMenu()
 .text._ZN6FEHRPS19CurrentRegionLetterEv
                0x00016224       0x1c Libraries/FEHRPS.o
                0x00016224                FEHRPS::CurrentRegionLetter()
 .text._ZN6FEHRPS13WaitForPacketEv
                0x00016240       0x58 Libraries/FEHRPS.o
                0x00016240                FEHRPS::WaitForPacket()
 .text._ZN6FEHRPS1XEv
                0x00016298       0x1c Libraries/FEHRPS.o
                0x00016298                FEHRPS::X()
 .text._ZN6FEHRPS1YEv
                0x000162b4       0x1c Libraries/FEHRPS.o
                0x000162b4                FEHRPS::Y()
 .text._ZN6FEHRPS7HeadingEv
                0x000162d0       0x1c Libraries/FEHRPS.o
                0x000162d0                FEHRPS::Heading()
 .text._Z14RPSDataProcessPhh
                0x000162ec      0x148 Libraries/FEHRPS.o
                0x000162ec                RPSDataProcess(unsigned char*, unsigned char)
 .text._Z41__static_initialization_and_destruction_0ii
                0x00016434       0x2c Libraries/FEHRPS.o
 .text._GLOBAL__sub_I_RPS
                0x00016460       0x10 Libraries/FEHRPS.o
 .text._ZN7FEHFileC2Ev
                0x00016470       0x24 Libraries/FEHSD.o
                0x00016470                FEHFile::FEHFile()
                0x00016470                FEHFile::FEHFile()
 .text._ZN5FEHSDC2Ev
                0x00016494       0x24 Libraries/FEHSD.o
                0x00016494                FEHSD::FEHSD()
                0x00016494                FEHSD::FEHSD()
 .text._ZN5FEHSD5FOpenEPKcS1_
                0x000164b8      0x198 Libraries/FEHSD.o
                0x000164b8                FEHSD::FOpen(char const*, char const*)
 .text._ZN5FEHSD6FCloseEP7FEHFile
                0x00016650       0x94 Libraries/FEHSD.o
                0x00016650                FEHSD::FClose(FEHFile*)
 .text._ZN5FEHSD9FCloseAllEv
                0x000166e4       0x6c Libraries/FEHSD.o
                0x000166e4                FEHSD::FCloseAll()
 .text._ZN5FEHSD4FEofEP7FEHFile
                0x00016750       0x26 Libraries/FEHSD.o
                0x00016750                FEHSD::FEof(FEHFile*)
 *fill*         0x00016776        0x2 ff
 .text._ZN5FEHSD7FPrintfEP7FEHFilePKcz
                0x00016778       0x58 Libraries/FEHSD.o
                0x00016778                FEHSD::FPrintf(FEHFile*, char const*, ...)
 .text._ZN5FEHSD6FScanfEP7FEHFilePKcz
                0x000167d0       0xd0 Libraries/FEHSD.o
                0x000167d0                FEHSD::FScanf(FEHFile*, char const*, ...)
 .text._ZN5FEHSD10InitializeEv
                0x000168a0       0xe0 Libraries/FEHSD.o
                0x000168a0                FEHSD::Initialize()
 .text._Z41__static_initialization_and_destruction_0ii
                0x00016980       0x2c Libraries/FEHSD.o
 .text._GLOBAL__sub_I_SD
                0x000169ac       0x10 Libraries/FEHSD.o
 .text._ZN9FEHRandom10InitializeEv
                0x000169bc       0x40 Libraries/FEHRandom.o
                0x000169bc                FEHRandom::Initialize()
 .text._ZdlPvj  0x000169fc        0x4 o:/fehqt/proteus/gcc/bin/../lib/gcc/arm-none-eabi/9.2.1/../../../../arm-none-eabi/lib/thumb/v7e-m/nofp\libstdc++.a(del_ops.o)
                0x000169fc                operator delete(void*, unsigned int)
 .text._Znwj    0x00016a00       0x3c o:/fehqt/proteus/gcc/bin/../lib/gcc/arm-none-eabi/9.2.1/../../../../arm-none-eabi/lib/thumb/v7e-m/nofp\libstdc++.a(new_op.o)
                0x00016a00                operator new(unsigned int)
 .text._ZNKSt9bad_alloc4whatEv
                0x00016a3c        0x8 o:/fehqt/proteus/gcc/bin/../lib/gcc/arm-none-eabi/9.2.1/../../../../arm-none-eabi/lib/thumb/v7e-m/nofp\libstdc++.a(bad_alloc.o)
                0x00016a3c                std::bad_alloc::what() const
 .text._ZNSt9bad_allocD2Ev
                0x00016a44       0x14 o:/fehqt/proteus/gcc/bin/../lib/gcc/arm-none-eabi/9.2.1/../../../../arm-none-eabi/lib/thumb/v7e-m/nofp\libstdc++.a(bad_alloc.o)
                0x00016a44                std::bad_alloc::~bad_alloc()
                0x00016a44                std::bad_alloc::~bad_alloc()
 .text._ZNSt9bad_allocD0Ev
                0x00016a58       0x1c o:/fehqt/proteus/gcc/bin/../lib/gcc/arm-none-eabi/9.2.1/../../../../arm-none-eabi/lib/thumb/v7e-m/nofp\libstdc++.a(bad_alloc.o)
                0x00016a58                std::bad_alloc::~bad_alloc()
 .text._ZdlPv   0x00016a74        0x4 o:/fehqt/proteus/gcc/bin/../lib/gcc/arm-none-eabi/9.2.1/../../../../arm-none-eabi/lib/thumb/v7e-m/nofp\libstdc++.a(del_op.o)
                0x00016a74                operator delete(void*)
 .text._ZN12_GLOBAL__N_14pool4freeEPv.constprop.0
                0x00016a78       0x8c o:/fehqt/proteus/gcc/bin/../lib/gcc/arm-none-eabi/9.2.1/../../../../arm-none-eabi/lib/thumb/v7e-m/nofp\libstdc++.a(eh_alloc.o)
 .text._ZN12_GLOBAL__N_14pool8allocateEj.constprop.0
                0x00016b04       0x50 o:/fehqt/proteus/gcc/bin/../lib/gcc/arm-none-eabi/9.2.1/../../../../arm-none-eabi/lib/thumb/v7e-m/nofp\libstdc++.a(eh_alloc.o)
 .text.__cxa_allocate_exception
                0x00016b54       0x30 o:/fehqt/proteus/gcc/bin/../lib/gcc/arm-none-eabi/9.2.1/../../../../arm-none-eabi/lib/thumb/v7e-m/nofp\libstdc++.a(eh_alloc.o)
                0x00016b54                __cxa_allocate_exception
 .text.__cxa_free_exception
                0x00016b84       0x20 o:/fehqt/proteus/gcc/bin/../lib/gcc/arm-none-eabi/9.2.1/../../../../arm-none-eabi/lib/thumb/v7e-m/nofp\libstdc++.a(eh_alloc.o)
                0x00016b84                __cxa_free_exception
 .text.startup._GLOBAL__sub_I__ZN9__gnu_cxx9__freeresEv
                0x00016ba4       0x28 o:/fehqt/proteus/gcc/bin/../lib/gcc/arm-none-eabi/9.2.1/../../../../arm-none-eabi/lib/thumb/v7e-m/nofp\libstdc++.a(eh_alloc.o)
 .text._ZNSt9exceptionD2Ev
                0x00016bcc        0x4 o:/fehqt/proteus/gcc/bin/../lib/gcc/arm-none-eabi/9.2.1/../../../../arm-none-eabi/lib/thumb/v7e-m/nofp\libstdc++.a(eh_exception.o)
                0x00016bcc                std::exception::~exception()
                0x00016bcc                std::exception::~exception()
 .text._ZNSt13bad_exceptionD2Ev
                0x00016bd0        0x4 o:/fehqt/proteus/gcc/bin/../lib/gcc/arm-none-eabi/9.2.1/../../../../arm-none-eabi/lib/thumb/v7e-m/nofp\libstdc++.a(eh_exception.o)
                0x00016bd0                std::bad_exception::~bad_exception()
                0x00016bd0                std::bad_exception::~bad_exception()
 .text._ZNKSt13bad_exception4whatEv
                0x00016bd4        0x8 o:/fehqt/proteus/gcc/bin/../lib/gcc/arm-none-eabi/9.2.1/../../../../arm-none-eabi/lib/thumb/v7e-m/nofp\libstdc++.a(eh_exception.o)
                0x00016bd4                std::bad_exception::what() const
                0x00016bd4                transaction clone for std::bad_exception::what() const
 .text._ZNSt13bad_exceptionD0Ev
                0x00016bdc       0x10 o:/fehqt/proteus/gcc/bin/../lib/gcc/arm-none-eabi/9.2.1/../../../../arm-none-eabi/lib/thumb/v7e-m/nofp\libstdc++.a(eh_exception.o)
                0x00016bdc                std::bad_exception::~bad_exception()
 .text._ZN10__cxxabiv111__terminateEPFvvE
                0x00016bec       0x28 o:/fehqt/proteus/gcc/bin/../lib/gcc/arm-none-eabi/9.2.1/../../../../arm-none-eabi/lib/thumb/v7e-m/nofp\libstdc++.a(eh_terminate.o)
                0x00016bec                __cxxabiv1::__terminate(void (*)())
 .text._ZSt9terminatev
                0x00016c14       0x14 o:/fehqt/proteus/gcc/bin/../lib/gcc/arm-none-eabi/9.2.1/../../../../arm-none-eabi/lib/thumb/v7e-m/nofp\libstdc++.a(eh_terminate.o)
                0x00016c14                std::terminate()
 .text._ZN10__cxxabiv112__unexpectedEPFvvE
                0x00016c28        0x8 o:/fehqt/proteus/gcc/bin/../lib/gcc/arm-none-eabi/9.2.1/../../../../arm-none-eabi/lib/thumb/v7e-m/nofp\libstdc++.a(eh_terminate.o)
                0x00016c28                __cxxabiv1::__unexpected(void (*)())
 .text._ZSt10unexpectedv
                0x00016c30       0x14 o:/fehqt/proteus/gcc/bin/../lib/gcc/arm-none-eabi/9.2.1/../../../../arm-none-eabi/lib/thumb/v7e-m/nofp\libstdc++.a(eh_terminate.o)
                0x00016c30                std::unexpected()
 .text._ZSt13get_terminatev
                0x00016c44       0x10 o:/fehqt/proteus/gcc/bin/../lib/gcc/arm-none-eabi/9.2.1/../../../../arm-none-eabi/lib/thumb/v7e-m/nofp\libstdc++.a(eh_terminate.o)
                0x00016c44                std::get_terminate()
 .text._ZSt14get_unexpectedv
                0x00016c54       0x10 o:/fehqt/proteus/gcc/bin/../lib/gcc/arm-none-eabi/9.2.1/../../../../arm-none-eabi/lib/thumb/v7e-m/nofp\libstdc++.a(eh_terminate.o)
                0x00016c54                std::get_unexpected()
 .text._ZL23__gxx_exception_cleanup19_Unwind_Reason_CodeP21_Unwind_Control_Block
                0x00016c64       0x44 o:/fehqt/proteus/gcc/bin/../lib/gcc/arm-none-eabi/9.2.1/../../../../arm-none-eabi/lib/thumb/v7e-m/nofp\libstdc++.a(eh_throw.o)
 .text.__cxa_init_primary_exception
                0x00016ca8       0x58 o:/fehqt/proteus/gcc/bin/../lib/gcc/arm-none-eabi/9.2.1/../../../../arm-none-eabi/lib/thumb/v7e-m/nofp\libstdc++.a(eh_throw.o)
                0x00016ca8                __cxa_init_primary_exception
 .text.__cxa_throw
                0x00016d00       0x38 o:/fehqt/proteus/gcc/bin/../lib/gcc/arm-none-eabi/9.2.1/../../../../arm-none-eabi/lib/thumb/v7e-m/nofp\libstdc++.a(eh_throw.o)
                0x00016d00                __cxa_throw
 .text.__cxa_rethrow
                0x00016d38       0x70 o:/fehqt/proteus/gcc/bin/../lib/gcc/arm-none-eabi/9.2.1/../../../../arm-none-eabi/lib/thumb/v7e-m/nofp\libstdc++.a(eh_throw.o)
                0x00016d38                __cxa_rethrow
 .text._ZSt15get_new_handlerv
                0x00016da8       0x10 o:/fehqt/proteus/gcc/bin/../lib/gcc/arm-none-eabi/9.2.1/../../../../arm-none-eabi/lib/thumb/v7e-m/nofp\libstdc++.a(new_handler.o)
                0x00016da8                std::get_new_handler()
 .text._ZN10__cxxabiv120__si_class_type_infoD2Ev
                0x00016db8       0x14 o:/fehqt/proteus/gcc/bin/../lib/gcc/arm-none-eabi/9.2.1/../../../../arm-none-eabi/lib/thumb/v7e-m/nofp\libstdc++.a(si_class_type_info.o)
                0x00016db8                __cxxabiv1::__si_class_type_info::~__si_class_type_info()
                0x00016db8                __cxxabiv1::__si_class_type_info::~__si_class_type_info()
 .text._ZN10__cxxabiv120__si_class_type_infoD0Ev
                0x00016dcc       0x1c o:/fehqt/proteus/gcc/bin/../lib/gcc/arm-none-eabi/9.2.1/../../../../arm-none-eabi/lib/thumb/v7e-m/nofp\libstdc++.a(si_class_type_info.o)
                0x00016dcc                __cxxabiv1::__si_class_type_info::~__si_class_type_info()
 .text._ZNK10__cxxabiv120__si_class_type_info20__do_find_public_srcEiPKvPKNS_17__class_type_infoES2_
                0x00016de8       0x3c o:/fehqt/proteus/gcc/bin/../lib/gcc/arm-none-eabi/9.2.1/../../../../arm-none-eabi/lib/thumb/v7e-m/nofp\libstdc++.a(si_class_type_info.o)
                0x00016de8                __cxxabiv1::__si_class_type_info::__do_find_public_src(int, void const*, __cxxabiv1::__class_type_info const*, void const*) const
 .text._ZNK10__cxxabiv120__si_class_type_info12__do_dyncastEiNS_17__class_type_info10__sub_kindEPKS1_PKvS4_S6_RNS1_16__dyncast_resultE
                0x00016e24       0x84 o:/fehqt/proteus/gcc/bin/../lib/gcc/arm-none-eabi/9.2.1/../../../../arm-none-eabi/lib/thumb/v7e-m/nofp\libstdc++.a(si_class_type_info.o)
                0x00016e24                __cxxabiv1::__si_class_type_info::__do_dyncast(int, __cxxabiv1::__class_type_info::__sub_kind, __cxxabiv1::__class_type_info const*, void const*, __cxxabiv1::__class_type_info const*, void const*, __cxxabiv1::__class_type_info::__dyncast_result&) const
 .text._ZNK10__cxxabiv120__si_class_type_info11__do_upcastEPKNS_17__class_type_infoEPKvRNS1_15__upcast_resultE
                0x00016ea8       0x2c o:/fehqt/proteus/gcc/bin/../lib/gcc/arm-none-eabi/9.2.1/../../../../arm-none-eabi/lib/thumb/v7e-m/nofp\libstdc++.a(si_class_type_info.o)
                0x00016ea8                __cxxabiv1::__si_class_type_info::__do_upcast(__cxxabiv1::__class_type_info const*, void const*, __cxxabiv1::__class_type_info::__upcast_result&) const
 .text._ZNSt9type_infoD2Ev
                0x00016ed4        0x4 o:/fehqt/proteus/gcc/bin/../lib/gcc/arm-none-eabi/9.2.1/../../../../arm-none-eabi/lib/thumb/v7e-m/nofp\libstdc++.a(tinfo.o)
                0x00016ed4                std::type_info::~type_info()
                0x00016ed4                std::type_info::~type_info()
 .text._ZNKSt9type_info14__is_pointer_pEv
                0x00016ed8        0x4 o:/fehqt/proteus/gcc/bin/../lib/gcc/arm-none-eabi/9.2.1/../../../../arm-none-eabi/lib/thumb/v7e-m/nofp\libstdc++.a(tinfo.o)
                0x00016ed8                std::type_info::__is_pointer_p() const
                0x00016ed8                std::type_info::__is_function_p() const
 .text._ZNKSt9type_infoeqERKS_
                0x00016edc       0x2c o:/fehqt/proteus/gcc/bin/../lib/gcc/arm-none-eabi/9.2.1/../../../../arm-none-eabi/lib/thumb/v7e-m/nofp\libstdc++.a(tinfo.o)
                0x00016edc                std::type_info::operator==(std::type_info const&) const
 .text._ZN9__gnu_cxx27__verbose_terminate_handlerEv
                0x00016f08      0x10c o:/fehqt/proteus/gcc/bin/../lib/gcc/arm-none-eabi/9.2.1/../../../../arm-none-eabi/lib/thumb/v7e-m/nofp\libstdc++.a(vterminate.o)
                0x00016f08                __gnu_cxx::__verbose_terminate_handler()
 .text._ZNK10__cxxabiv117__class_type_info11__do_upcastEPKS0_PPv
                0x00017014       0x38 o:/fehqt/proteus/gcc/bin/../lib/gcc/arm-none-eabi/9.2.1/../../../../arm-none-eabi/lib/thumb/v7e-m/nofp\libstdc++.a(class_type_info.o)
                0x00017014                __cxxabiv1::__class_type_info::__do_upcast(__cxxabiv1::__class_type_info const*, void**) const
 .text._ZNK10__cxxabiv117__class_type_info20__do_find_public_srcEiPKvPKS0_S2_
                0x0001704c        0xc o:/fehqt/proteus/gcc/bin/../lib/gcc/arm-none-eabi/9.2.1/../../../../arm-none-eabi/lib/thumb/v7e-m/nofp\libstdc++.a(class_type_info.o)
                0x0001704c                __cxxabiv1::__class_type_info::__do_find_public_src(int, void const*, __cxxabiv1::__class_type_info const*, void const*) const
 .text._ZN10__cxxabiv117__class_type_infoD2Ev
                0x00017058       0x14 o:/fehqt/proteus/gcc/bin/../lib/gcc/arm-none-eabi/9.2.1/../../../../arm-none-eabi/lib/thumb/v7e-m/nofp\libstdc++.a(class_type_info.o)
                0x00017058                __cxxabiv1::__class_type_info::~__class_type_info()
                0x00017058                __cxxabiv1::__class_type_info::~__class_type_info()
 .text._ZN10__cxxabiv117__class_type_infoD0Ev
                0x0001706c       0x1c o:/fehqt/proteus/gcc/bin/../lib/gcc/arm-none-eabi/9.2.1/../../../../arm-none-eabi/lib/thumb/v7e-m/nofp\libstdc++.a(class_type_info.o)
                0x0001706c                __cxxabiv1::__class_type_info::~__class_type_info()
 .text._ZNK10__cxxabiv117__class_type_info12__do_dyncastEiNS0_10__sub_kindEPKS0_PKvS3_S5_RNS0_16__dyncast_resultE
                0x00017088       0x44 o:/fehqt/proteus/gcc/bin/../lib/gcc/arm-none-eabi/9.2.1/../../../../arm-none-eabi/lib/thumb/v7e-m/nofp\libstdc++.a(class_type_info.o)
                0x00017088                __cxxabiv1::__class_type_info::__do_dyncast(int, __cxxabiv1::__class_type_info::__sub_kind, __cxxabiv1::__class_type_info const*, void const*, __cxxabiv1::__class_type_info const*, void const*, __cxxabiv1::__class_type_info::__dyncast_result&) const
 .text._ZNK10__cxxabiv117__class_type_info11__do_upcastEPKS0_PKvRNS0_15__upcast_resultE
                0x000170cc       0x1c o:/fehqt/proteus/gcc/bin/../lib/gcc/arm-none-eabi/9.2.1/../../../../arm-none-eabi/lib/thumb/v7e-m/nofp\libstdc++.a(class_type_info.o)
                0x000170cc                __cxxabiv1::__class_type_info::__do_upcast(__cxxabiv1::__class_type_info const*, void const*, __cxxabiv1::__class_type_info::__upcast_result&) const
 .text._ZNK10__cxxabiv117__class_type_info10__do_catchEPKSt9type_infoPPvj
                0x000170e8       0x2c o:/fehqt/proteus/gcc/bin/../lib/gcc/arm-none-eabi/9.2.1/../../../../arm-none-eabi/lib/thumb/v7e-m/nofp\libstdc++.a(class_type_info.o)
                0x000170e8                __cxxabiv1::__class_type_info::__do_catch(std::type_info const*, void**, unsigned int) const
 .text          0x00017114     0x6d2c o:/fehqt/proteus/gcc/bin/../lib/gcc/arm-none-eabi/9.2.1/../../../../arm-none-eabi/lib/thumb/v7e-m/nofp\libstdc++.a(cp-demangle.o)
                0x0001dd58                __cxa_demangle
                0x0001de1c                __gcclibcxx_demangle_callback
 .text.__cxa_end_cleanup
                0x0001de40        0xc o:/fehqt/proteus/gcc/bin/../lib/gcc/arm-none-eabi/9.2.1/../../../../arm-none-eabi/lib/thumb/v7e-m/nofp\libstdc++.a(eh_arm.o)
                0x0001de40                __cxa_end_cleanup
 .text.__cxa_type_match
                0x0001de4c       0xc0 o:/fehqt/proteus/gcc/bin/../lib/gcc/arm-none-eabi/9.2.1/../../../../arm-none-eabi/lib/thumb/v7e-m/nofp\libstdc++.a(eh_arm.o)
                0x0001de4c                __cxa_type_match
 .text.__cxa_begin_cleanup
                0x0001df0c       0x64 o:/fehqt/proteus/gcc/bin/../lib/gcc/arm-none-eabi/9.2.1/../../../../arm-none-eabi/lib/thumb/v7e-m/nofp\libstdc++.a(eh_arm.o)
                0x0001df0c                __cxa_begin_cleanup
 .text.__gnu_end_cleanup
                0x0001df70       0x70 o:/fehqt/proteus/gcc/bin/../lib/gcc/arm-none-eabi/9.2.1/../../../../arm-none-eabi/lib/thumb/v7e-m/nofp\libstdc++.a(eh_arm.o)
                0x0001df70                __gnu_end_cleanup
 .text._ZN10__cxxabiv1L24__is_gxx_exception_classEPc
                0x0001dfe0       0x3c o:/fehqt/proteus/gcc/bin/../lib/gcc/arm-none-eabi/9.2.1/../../../../arm-none-eabi/lib/thumb/v7e-m/nofp\libstdc++.a(eh_call.o)
 .text.__cxa_call_terminate
                0x0001e01c       0x20 o:/fehqt/proteus/gcc/bin/../lib/gcc/arm-none-eabi/9.2.1/../../../../arm-none-eabi/lib/thumb/v7e-m/nofp\libstdc++.a(eh_call.o)
                0x0001e01c                __cxa_call_terminate
 .text.unlikely.__cxa_call_unexpected
                0x0001e03c       0xe0 o:/fehqt/proteus/gcc/bin/../lib/gcc/arm-none-eabi/9.2.1/../../../../arm-none-eabi/lib/thumb/v7e-m/nofp\libstdc++.a(eh_call.o)
                0x0001e03c                __cxa_call_unexpected
 .text.__cxa_begin_catch
                0x0001e11c       0x7c o:/fehqt/proteus/gcc/bin/../lib/gcc/arm-none-eabi/9.2.1/../../../../arm-none-eabi/lib/thumb/v7e-m/nofp\libstdc++.a(eh_catch.o)
                0x0001e11c                __cxa_begin_catch
 .text.__cxa_end_catch
                0x0001e198       0x88 o:/fehqt/proteus/gcc/bin/../lib/gcc/arm-none-eabi/9.2.1/../../../../arm-none-eabi/lib/thumb/v7e-m/nofp\libstdc++.a(eh_catch.o)
                0x0001e198                __cxa_end_catch
 .text.__cxa_get_globals_fast
                0x0001e220        0x8 o:/fehqt/proteus/gcc/bin/../lib/gcc/arm-none-eabi/9.2.1/../../../../arm-none-eabi/lib/thumb/v7e-m/nofp\libstdc++.a(eh_globals.o)
                0x0001e220                __cxa_get_globals_fast
 .text.__cxa_get_globals
                0x0001e228        0x8 o:/fehqt/proteus/gcc/bin/../lib/gcc/arm-none-eabi/9.2.1/../../../../arm-none-eabi/lib/thumb/v7e-m/nofp\libstdc++.a(eh_globals.o)
                0x0001e228                __cxa_get_globals
 .text._ZL28read_encoded_value_with_basehjPKhPj
                0x0001e230       0xc8 o:/fehqt/proteus/gcc/bin/../lib/gcc/arm-none-eabi/9.2.1/../../../../arm-none-eabi/lib/thumb/v7e-m/nofp\libstdc++.a(eh_personality.o)
 .text._ZL21base_of_encoded_valuehP15_Unwind_Context
                0x0001e2f8       0x48 o:/fehqt/proteus/gcc/bin/../lib/gcc/arm-none-eabi/9.2.1/../../../../arm-none-eabi/lib/thumb/v7e-m/nofp\libstdc++.a(eh_personality.o)
 .text._ZL17parse_lsda_headerP15_Unwind_ContextPKhP16lsda_header_info
                0x0001e340       0x94 o:/fehqt/proteus/gcc/bin/../lib/gcc/arm-none-eabi/9.2.1/../../../../arm-none-eabi/lib/thumb/v7e-m/nofp\libstdc++.a(eh_personality.o)
 .text.__gxx_personality_v0
                0x0001e3d4      0x4a0 o:/fehqt/proteus/gcc/bin/../lib/gcc/arm-none-eabi/9.2.1/../../../../arm-none-eabi/lib/thumb/v7e-m/nofp\libstdc++.a(eh_personality.o)
                0x0001e3d4                __gxx_personality_v0
 .text.__cxa_current_exception_type
                0x0001e874       0x1c o:/fehqt/proteus/gcc/bin/../lib/gcc/arm-none-eabi/9.2.1/../../../../arm-none-eabi/lib/thumb/v7e-m/nofp\libstdc++.a(eh_type.o)
                0x0001e874                __cxa_current_exception_type
 .text          0x0001e890      0x378 o:/fehqt/proteus/gcc/bin/../lib/gcc/arm-none-eabi/9.2.1/thumb/v7e-m/nofp\libgcc.a(_arm_addsubdf3.o)
                0x0001e890                __aeabi_drsub
                0x0001e898                __aeabi_dsub
                0x0001e898                __subdf3
                0x0001e89c                __aeabi_dadd
                0x0001e89c                __adddf3
                0x0001eb14                __floatunsidf
                0x0001eb14                __aeabi_ui2d
                0x0001eb34                __floatsidf
                0x0001eb34                __aeabi_i2d
                0x0001eb58                __aeabi_f2d
                0x0001eb58                __extendsfdf2
                0x0001eb9c                __floatundidf
                0x0001eb9c                __aeabi_ul2d
                0x0001ebac                __floatdidf
                0x0001ebac                __aeabi_l2d
 .text          0x0001ec08      0x424 o:/fehqt/proteus/gcc/bin/../lib/gcc/arm-none-eabi/9.2.1/thumb/v7e-m/nofp\libgcc.a(_arm_muldivdf3.o)
                0x0001ec08                __aeabi_dmul
                0x0001ec08                __muldf3
                0x0001ee5c                __divdf3
                0x0001ee5c                __aeabi_ddiv
 .text          0x0001f02c      0x110 o:/fehqt/proteus/gcc/bin/../lib/gcc/arm-none-eabi/9.2.1/thumb/v7e-m/nofp\libgcc.a(_arm_cmpdf2.o)
                0x0001f02c                __gtdf2
                0x0001f02c                __gedf2
                0x0001f034                __ltdf2
                0x0001f034                __ledf2
                0x0001f03c                __nedf2
                0x0001f03c                __eqdf2
                0x0001f03c                __cmpdf2
                0x0001f0b8                __aeabi_cdrcmple
                0x0001f0c8                __aeabi_cdcmpeq
                0x0001f0c8                __aeabi_cdcmple
                0x0001f0d8                __aeabi_dcmpeq
                0x0001f0ec                __aeabi_dcmplt
                0x0001f100                __aeabi_dcmple
                0x0001f114                __aeabi_dcmpge
                0x0001f128                __aeabi_dcmpgt
 .text          0x0001f13c       0x50 o:/fehqt/proteus/gcc/bin/../lib/gcc/arm-none-eabi/9.2.1/thumb/v7e-m/nofp\libgcc.a(_arm_fixdfsi.o)
                0x0001f13c                __aeabi_d2iz
                0x0001f13c                __fixdfsi
 .text          0x0001f18c       0x40 o:/fehqt/proteus/gcc/bin/../lib/gcc/arm-none-eabi/9.2.1/thumb/v7e-m/nofp\libgcc.a(_arm_fixunsdfsi.o)
                0x0001f18c                __aeabi_d2uiz
                0x0001f18c                __fixunsdfsi
 .text          0x0001f1cc       0xa0 o:/fehqt/proteus/gcc/bin/../lib/gcc/arm-none-eabi/9.2.1/thumb/v7e-m/nofp\libgcc.a(_arm_truncdfsf2.o)
                0x0001f1cc                __truncdfsf2
                0x0001f1cc                __aeabi_d2f
 .text          0x0001f26c      0x21c o:/fehqt/proteus/gcc/bin/../lib/gcc/arm-none-eabi/9.2.1/thumb/v7e-m/nofp\libgcc.a(_arm_addsubsf3.o)
                0x0001f26c                __aeabi_frsub
                0x0001f274                __subsf3
                0x0001f274                __aeabi_fsub
                0x0001f278                __aeabi_fadd
                0x0001f278                __addsf3
                0x0001f3d8                __aeabi_ui2f
                0x0001f3d8                __floatunsisf
                0x0001f3e0                __aeabi_i2f
                0x0001f3e0                __floatsisf
                0x0001f3fc                __aeabi_ul2f
                0x0001f3fc                __floatundisf
                0x0001f40c                __aeabi_l2f
                0x0001f40c                __floatdisf
 .text          0x0001f488      0x2a0 o:/fehqt/proteus/gcc/bin/../lib/gcc/arm-none-eabi/9.2.1/thumb/v7e-m/nofp\libgcc.a(_arm_muldivsf3.o)
                0x0001f488                __mulsf3
                0x0001f488                __aeabi_fmul
                0x0001f5f0                __aeabi_fdiv
                0x0001f5f0                __divsf3
 .text          0x0001f728       0xec o:/fehqt/proteus/gcc/bin/../lib/gcc/arm-none-eabi/9.2.1/thumb/v7e-m/nofp\libgcc.a(_arm_cmpsf2.o)
                0x0001f728                __gesf2
                0x0001f728                __gtsf2
                0x0001f730                __lesf2
                0x0001f730                __ltsf2
                0x0001f738                __nesf2
                0x0001f738                __eqsf2
                0x0001f738                __cmpsf2
                0x0001f798                __aeabi_cfrcmple
                0x0001f7a0                __aeabi_cfcmpeq
                0x0001f7a0                __aeabi_cfcmple
                0x0001f7b0                __aeabi_fcmpeq
                0x0001f7c4                __aeabi_fcmplt
                0x0001f7d8                __aeabi_fcmple
                0x0001f7ec                __aeabi_fcmpge
                0x0001f800                __aeabi_fcmpgt
 .text          0x0001f814       0x4c o:/fehqt/proteus/gcc/bin/../lib/gcc/arm-none-eabi/9.2.1/thumb/v7e-m/nofp\libgcc.a(_arm_fixsfsi.o)
                0x0001f814                __aeabi_f2iz
                0x0001f814                __fixsfsi
 .text          0x0001f860      0x9b8 o:/fehqt/proteus/gcc/bin/../lib/gcc/arm-none-eabi/9.2.1/thumb/v7e-m/nofp\libgcc.a(unwind-arm.o)
                0x0001fb08                _Unwind_GetCFA
                0x0001fb0c                __gnu_Unwind_RaiseException
                0x0001fb6c                __gnu_Unwind_ForcedUnwind
                0x0001fb80                __gnu_Unwind_Resume
                0x0001fbc4                __gnu_Unwind_Resume_or_Rethrow
                0x0001fbd4                _Unwind_Complete
                0x0001fbd8                _Unwind_DeleteException
                0x0001fbe4                _Unwind_VRS_Get
                0x0001fc2c                _Unwind_VRS_Set
                0x0001fc74                __gnu_Unwind_Backtrace
                0x0001ff94                __aeabi_unwind_cpp_pr0
                0x0001ff98                __aeabi_unwind_cpp_pr1
                0x0001ff9c                __aeabi_unwind_cpp_pr2
                0x0001ffa0                _Unwind_VRS_Pop
 .text          0x00020218      0x1ac o:/fehqt/proteus/gcc/bin/../lib/gcc/arm-none-eabi/9.2.1/thumb/v7e-m/nofp\libgcc.a(libunwind.o)
                0x00020218                __restore_core_regs
                0x00020218                restore_core_regs
                0x00020230                __gnu_Unwind_Restore_VFP
                0x00020238                __gnu_Unwind_Save_VFP
                0x00020240                __gnu_Unwind_Restore_VFP_D
                0x00020248                __gnu_Unwind_Save_VFP_D
                0x00020250                __gnu_Unwind_Restore_VFP_D_16_to_31
                0x00020258                __gnu_Unwind_Save_VFP_D_16_to_31
                0x00020260                __gnu_Unwind_Restore_WMMXD
                0x000202a4                __gnu_Unwind_Save_WMMXD
                0x000202e8                __gnu_Unwind_Restore_WMMXC
                0x000202fc                __gnu_Unwind_Save_WMMXC
                0x00020310                ___Unwind_RaiseException
                0x00020310                _Unwind_RaiseException
                0x00020334                _Unwind_Resume
                0x00020334                ___Unwind_Resume
                0x00020358                _Unwind_Resume_or_Rethrow
                0x00020358                ___Unwind_Resume_or_Rethrow
                0x0002037c                _Unwind_ForcedUnwind
                0x0002037c                ___Unwind_ForcedUnwind
                0x000203a0                ___Unwind_Backtrace
                0x000203a0                _Unwind_Backtrace
 .text          0x000203c4      0x340 o:/fehqt/proteus/gcc/bin/../lib/gcc/arm-none-eabi/9.2.1/thumb/v7e-m/nofp\libgcc.a(pr-support.o)
                0x0002041c                __gnu_unwind_execute
                0x000206b8                __gnu_unwind_frame
                0x000206e4                _Unwind_GetRegionStart
                0x000206f0                _Unwind_GetLanguageSpecificData
 .text.unlikely
                0x00020704        0xc o:/fehqt/proteus/gcc/bin/../lib/gcc/arm-none-eabi/9.2.1/thumb/v7e-m/nofp\libgcc.a(pr-support.o)
                0x00020704                _Unwind_GetDataRelBase
                0x0002070a                _Unwind_GetTextRelBase
 .text.abort    0x00020710       0x10 o:/fehqt/proteus/gcc/bin/../lib/gcc/arm-none-eabi/9.2.1/../../../../arm-none-eabi/lib/thumb/v7e-m/nofp\libg.a(lib_a-abort.o)
                0x00020710                abort
 .text.fputc    0x00020720       0x58 o:/fehqt/proteus/gcc/bin/../lib/gcc/arm-none-eabi/9.2.1/../../../../arm-none-eabi/lib/thumb/v7e-m/nofp\libg.a(lib_a-fputc.o)
                0x00020720                fputc
 .text._fputs_r
                0x00020778       0x88 o:/fehqt/proteus/gcc/bin/../lib/gcc/arm-none-eabi/9.2.1/../../../../arm-none-eabi/lib/thumb/v7e-m/nofp\libg.a(lib_a-fputs.o)
                0x00020778                _fputs_r
 .text.fputs    0x00020800       0x10 o:/fehqt/proteus/gcc/bin/../lib/gcc/arm-none-eabi/9.2.1/../../../../arm-none-eabi/lib/thumb/v7e-m/nofp\libg.a(lib_a-fputs.o)
                0x00020800                fputs
 .text.__sfvwrite_r
                0x00020810      0x2e0 o:/fehqt/proteus/gcc/bin/../lib/gcc/arm-none-eabi/9.2.1/../../../../arm-none-eabi/lib/thumb/v7e-m/nofp\libg.a(lib_a-fvwrite.o)
                0x00020810                __sfvwrite_r
 .text._fwrite_r
                0x00020af0       0xa8 o:/fehqt/proteus/gcc/bin/../lib/gcc/arm-none-eabi/9.2.1/../../../../arm-none-eabi/lib/thumb/v7e-m/nofp\libg.a(lib_a-fwrite.o)
                0x00020af0                _fwrite_r
 .text.fwrite   0x00020b98       0x20 o:/fehqt/proteus/gcc/bin/../lib/gcc/arm-none-eabi/9.2.1/../../../../arm-none-eabi/lib/thumb/v7e-m/nofp\libg.a(lib_a-fwrite.o)
                0x00020b98                fwrite
 .text.__libc_init_array
                0x00020bb8       0x48 o:/fehqt/proteus/gcc/bin/../lib/gcc/arm-none-eabi/9.2.1/../../../../arm-none-eabi/lib/thumb/v7e-m/nofp\libg.a(lib_a-init.o)
                0x00020bb8                __libc_init_array
 .text.__retarget_lock_init_recursive
                0x00020c00        0x4 o:/fehqt/proteus/gcc/bin/../lib/gcc/arm-none-eabi/9.2.1/../../../../arm-none-eabi/lib/thumb/v7e-m/nofp\libg.a(lib_a-lock.o)
                0x00020c00                __retarget_lock_init_recursive
 .text.__retarget_lock_close_recursive
                0x00020c04        0x4 o:/fehqt/proteus/gcc/bin/../lib/gcc/arm-none-eabi/9.2.1/../../../../arm-none-eabi/lib/thumb/v7e-m/nofp\libg.a(lib_a-lock.o)
                0x00020c04                __retarget_lock_close_recursive
 .text.__retarget_lock_acquire_recursive
                0x00020c08        0x4 o:/fehqt/proteus/gcc/bin/../lib/gcc/arm-none-eabi/9.2.1/../../../../arm-none-eabi/lib/thumb/v7e-m/nofp\libg.a(lib_a-lock.o)
                0x00020c08                __retarget_lock_acquire_recursive
 .text.__retarget_lock_release_recursive
                0x00020c0c        0x4 o:/fehqt/proteus/gcc/bin/../lib/gcc/arm-none-eabi/9.2.1/../../../../arm-none-eabi/lib/thumb/v7e-m/nofp\libg.a(lib_a-lock.o)
                0x00020c0c                __retarget_lock_release_recursive
 .text.malloc   0x00020c10       0x10 o:/fehqt/proteus/gcc/bin/../lib/gcc/arm-none-eabi/9.2.1/../../../../arm-none-eabi/lib/thumb/v7e-m/nofp\libg.a(lib_a-malloc.o)
                0x00020c10                malloc
 .text.free     0x00020c20       0x10 o:/fehqt/proteus/gcc/bin/../lib/gcc/arm-none-eabi/9.2.1/../../../../arm-none-eabi/lib/thumb/v7e-m/nofp\libg.a(lib_a-malloc.o)
                0x00020c20                free
 .text._malloc_r
                0x00020c30      0x574 o:/fehqt/proteus/gcc/bin/../lib/gcc/arm-none-eabi/9.2.1/../../../../arm-none-eabi/lib/thumb/v7e-m/nofp\libg.a(lib_a-mallocr.o)
                0x00020c30                _malloc_r
 *fill*         0x000211a4        0xc ff
 .text          0x000211b0       0xa0 o:/fehqt/proteus/gcc/bin/../lib/gcc/arm-none-eabi/9.2.1/../../../../arm-none-eabi/lib/thumb/v7e-m/nofp\libg.a(lib_a-memchr.o)
                0x000211b0                memchr
 .text.memcmp   0x00021250       0x60 o:/fehqt/proteus/gcc/bin/../lib/gcc/arm-none-eabi/9.2.1/../../../../arm-none-eabi/lib/thumb/v7e-m/nofp\libg.a(lib_a-memcmp.o)
                0x00021250                memcmp
 .text          0x000212b0      0x134 o:/fehqt/proteus/gcc/bin/../lib/gcc/arm-none-eabi/9.2.1/../../../../arm-none-eabi/lib/thumb/v7e-m/nofp\libg.a(lib_a-memcpy.o)
                0x000212b0                memcpy
 .text.memmove  0x000213e4       0xd8 o:/fehqt/proteus/gcc/bin/../lib/gcc/arm-none-eabi/9.2.1/../../../../arm-none-eabi/lib/thumb/v7e-m/nofp\libg.a(lib_a-memmove.o)
                0x000213e4                memmove
 .text.memset   0x000214bc       0xa0 o:/fehqt/proteus/gcc/bin/../lib/gcc/arm-none-eabi/9.2.1/../../../../arm-none-eabi/lib/thumb/v7e-m/nofp\libg.a(lib_a-memset.o)
                0x000214bc                memset
 .text.__malloc_lock
                0x0002155c        0xc o:/fehqt/proteus/gcc/bin/../lib/gcc/arm-none-eabi/9.2.1/../../../../arm-none-eabi/lib/thumb/v7e-m/nofp\libg.a(lib_a-mlock.o)
                0x0002155c                __malloc_lock
 .text.__malloc_unlock
                0x00021568        0xc o:/fehqt/proteus/gcc/bin/../lib/gcc/arm-none-eabi/9.2.1/../../../../arm-none-eabi/lib/thumb/v7e-m/nofp\libg.a(lib_a-mlock.o)
                0x00021568                __malloc_unlock
 .text._putc_r  0x00021574       0x74 o:/fehqt/proteus/gcc/bin/../lib/gcc/arm-none-eabi/9.2.1/../../../../arm-none-eabi/lib/thumb/v7e-m/nofp\libg.a(lib_a-putc.o)
                0x00021574                _putc_r
 .text.realloc  0x000215e8       0x10 o:/fehqt/proteus/gcc/bin/../lib/gcc/arm-none-eabi/9.2.1/../../../../arm-none-eabi/lib/thumb/v7e-m/nofp\libg.a(lib_a-realloc.o)
                0x000215e8                realloc
 .text._realloc_r
                0x000215f8      0x3e0 o:/fehqt/proteus/gcc/bin/../lib/gcc/arm-none-eabi/9.2.1/../../../../arm-none-eabi/lib/thumb/v7e-m/nofp\libg.a(lib_a-reallocr.o)
                0x000215f8                _realloc_r
 .text._sbrk_r  0x000219d8       0x24 o:/fehqt/proteus/gcc/bin/../lib/gcc/arm-none-eabi/9.2.1/../../../../arm-none-eabi/lib/thumb/v7e-m/nofp\libg.a(lib_a-sbrkr.o)
                0x000219d8                _sbrk_r
 .text._raise_r
                0x000219fc       0x58 o:/fehqt/proteus/gcc/bin/../lib/gcc/arm-none-eabi/9.2.1/../../../../arm-none-eabi/lib/thumb/v7e-m/nofp\libg.a(lib_a-signal.o)
                0x000219fc                _raise_r
 .text.raise    0x00021a54       0x10 o:/fehqt/proteus/gcc/bin/../lib/gcc/arm-none-eabi/9.2.1/../../../../arm-none-eabi/lib/thumb/v7e-m/nofp\libg.a(lib_a-signal.o)
                0x00021a54                raise
 .text._kill_r  0x00021a64       0x2c o:/fehqt/proteus/gcc/bin/../lib/gcc/arm-none-eabi/9.2.1/../../../../arm-none-eabi/lib/thumb/v7e-m/nofp\libg.a(lib_a-signalr.o)
                0x00021a64                _kill_r
 .text._getpid_r
                0x00021a90        0x4 o:/fehqt/proteus/gcc/bin/../lib/gcc/arm-none-eabi/9.2.1/../../../../arm-none-eabi/lib/thumb/v7e-m/nofp\libg.a(lib_a-signalr.o)
                0x00021a90                _getpid_r
 .text.sprintf  0x00021a94       0x44 o:/fehqt/proteus/gcc/bin/../lib/gcc/arm-none-eabi/9.2.1/../../../../arm-none-eabi/lib/thumb/v7e-m/nofp\libg.a(lib_a-sprintf.o)
                0x00021a94                sprintf
 *fill*         0x00021ad8        0x8 ff
 .text          0x00021ae0      0x2dc o:/fehqt/proteus/gcc/bin/../lib/gcc/arm-none-eabi/9.2.1/../../../../arm-none-eabi/lib/thumb/v7e-m/nofp\libg.a(lib_a-strcmp.o)
                0x00021ae8                strcmp
 .text.strcpy   0x00021dbc       0xbc o:/fehqt/proteus/gcc/bin/../lib/gcc/arm-none-eabi/9.2.1/../../../../arm-none-eabi/lib/thumb/v7e-m/nofp\libg.a(lib_a-strcpy.o)
                0x00021dbc                strcpy
 *fill*         0x00021e78        0x8 ff
 .text          0x00021e80       0xdc o:/fehqt/proteus/gcc/bin/../lib/gcc/arm-none-eabi/9.2.1/../../../../arm-none-eabi/lib/thumb/v7e-m/nofp\libg.a(lib_a-strlen.o)
                0x00021e80                strlen
 .text.strncmp  0x00021f5c       0x7c o:/fehqt/proteus/gcc/bin/../lib/gcc/arm-none-eabi/9.2.1/../../../../arm-none-eabi/lib/thumb/v7e-m/nofp\libg.a(lib_a-strncmp.o)
                0x00021f5c                strncmp
 .text._svfprintf_r
                0x00021fd8     0x1acc o:/fehqt/proteus/gcc/bin/../lib/gcc/arm-none-eabi/9.2.1/../../../../arm-none-eabi/lib/thumb/v7e-m/nofp\libg.a(lib_a-svfprintf.o)
                0x00021fd8                _svfprintf_r
 .text._vsscanf_r
                0x00023aa4       0x48 o:/fehqt/proteus/gcc/bin/../lib/gcc/arm-none-eabi/9.2.1/../../../../arm-none-eabi/lib/thumb/v7e-m/nofp\libg.a(lib_a-vsscanf.o)
                0x00023aa4                _vsscanf_r
 .text.vsscanf  0x00023aec       0x18 o:/fehqt/proteus/gcc/bin/../lib/gcc/arm-none-eabi/9.2.1/../../../../arm-none-eabi/lib/thumb/v7e-m/nofp\libg.a(lib_a-vsscanf.o)
                0x00023aec                vsscanf
 .text.__swbuf_r
                0x00023b04       0xb0 o:/fehqt/proteus/gcc/bin/../lib/gcc/arm-none-eabi/9.2.1/../../../../arm-none-eabi/lib/thumb/v7e-m/nofp\libg.a(lib_a-wbuf.o)
                0x00023b04                __swbuf_r
 .text._write_r
                0x00023bb4       0x2c o:/fehqt/proteus/gcc/bin/../lib/gcc/arm-none-eabi/9.2.1/../../../../arm-none-eabi/lib/thumb/v7e-m/nofp\libg.a(lib_a-writer.o)
                0x00023bb4                _write_r
 .text.__swsetup_r
                0x00023be0       0xd0 o:/fehqt/proteus/gcc/bin/../lib/gcc/arm-none-eabi/9.2.1/../../../../arm-none-eabi/lib/thumb/v7e-m/nofp\libg.a(lib_a-wsetup.o)
                0x00023be0                __swsetup_r
 .text.startup.register_fini
                0x00023cb0       0x14 o:/fehqt/proteus/gcc/bin/../lib/gcc/arm-none-eabi/9.2.1/../../../../arm-none-eabi/lib/thumb/v7e-m/nofp\libg.a(lib_a-__call_atexit.o)
 .text.atexit   0x00023cc4        0xc o:/fehqt/proteus/gcc/bin/../lib/gcc/arm-none-eabi/9.2.1/../../../../arm-none-eabi/lib/thumb/v7e-m/nofp\libg.a(lib_a-atexit.o)
                0x00023cc4                atexit
 .text.quorem   0x00023cd0      0x11c o:/fehqt/proteus/gcc/bin/../lib/gcc/arm-none-eabi/9.2.1/../../../../arm-none-eabi/lib/thumb/v7e-m/nofp\libg.a(lib_a-dtoa.o)
 *fill*         0x00023dec        0x4 ff
 .text._dtoa_r  0x00023df0      0xeb8 o:/fehqt/proteus/gcc/bin/../lib/gcc/arm-none-eabi/9.2.1/../../../../arm-none-eabi/lib/thumb/v7e-m/nofp\libg.a(lib_a-dtoa.o)
                0x00023df0                _dtoa_r
 .text.__sflush_r
                0x00024ca8      0x130 o:/fehqt/proteus/gcc/bin/../lib/gcc/arm-none-eabi/9.2.1/../../../../arm-none-eabi/lib/thumb/v7e-m/nofp\libg.a(lib_a-fflush.o)
                0x00024ca8                __sflush_r
 .text._fflush_r
                0x00024dd8       0x5c o:/fehqt/proteus/gcc/bin/../lib/gcc/arm-none-eabi/9.2.1/../../../../arm-none-eabi/lib/thumb/v7e-m/nofp\libg.a(lib_a-fflush.o)
                0x00024dd8                _fflush_r
 .text.std      0x00024e34       0x50 o:/fehqt/proteus/gcc/bin/../lib/gcc/arm-none-eabi/9.2.1/../../../../arm-none-eabi/lib/thumb/v7e-m/nofp\libg.a(lib_a-findfp.o)
 .text._cleanup_r
                0x00024e84        0xc o:/fehqt/proteus/gcc/bin/../lib/gcc/arm-none-eabi/9.2.1/../../../../arm-none-eabi/lib/thumb/v7e-m/nofp\libg.a(lib_a-findfp.o)
                0x00024e84                _cleanup_r
 .text.__sinit  0x00024e90       0x54 o:/fehqt/proteus/gcc/bin/../lib/gcc/arm-none-eabi/9.2.1/../../../../arm-none-eabi/lib/thumb/v7e-m/nofp\libg.a(lib_a-findfp.o)
                0x00024e90                __sinit
 .text.__sfp_lock_acquire
                0x00024ee4        0xc o:/fehqt/proteus/gcc/bin/../lib/gcc/arm-none-eabi/9.2.1/../../../../arm-none-eabi/lib/thumb/v7e-m/nofp\libg.a(lib_a-findfp.o)