Archive member included to satisfy reference by file (symbol)

o:/fehqt/proteus/gcc/bin/../lib/gcc/arm-none-eabi/9.2.1/../../../../arm-none-eabi/lib/thumb/v7e-m/nofp\libstdc++.a(del_ops.o)
                              Libraries/FEHIO.o (operator delete(void*, unsigned int))
o:/fehqt/proteus/gcc/bin/../lib/gcc/arm-none-eabi/9.2.1/../../../../arm-none-eabi/lib/thumb/v7e-m/nofp\libstdc++.a(new_op.o)
                              Libraries/FEHIO.o (operator new(unsigned int))
o:/fehqt/proteus/gcc/bin/../lib/gcc/arm-none-eabi/9.2.1/../../../../arm-none-eabi/lib/thumb/v7e-m/nofp\libstdc++.a(bad_alloc.o)
                              o:/fehqt/proteus/gcc/bin/../lib/gcc/arm-none-eabi/9.2.1/../../../../arm-none-eabi/lib/thumb/v7e-m/nofp\libstdc++.a(new_op.o) (std::bad_alloc::~bad_alloc())
o:/fehqt/proteus/gcc/bin/../lib/gcc/arm-none-eabi/9.2.1/../../../../arm-none-eabi/lib/thumb/v7e-m/nofp\libstdc++.a(del_op.o)
                              o:/fehqt/proteus/gcc/bin/../lib/gcc/arm-none-eabi/9.2.1/../../../../arm-none-eabi/lib/thumb/v7e-m/nofp\libstdc++.a(del_ops.o) (operator delete(void*))
o:/fehqt/proteus/gcc/bin/../lib/gcc/arm-none-eabi/9.2.1/../../../../arm-none-eabi/lib/thumb/v7e-m/nofp\libstdc++.a(eh_alloc.o)
                              o:/fehqt/proteus/gcc/bin/../lib/gcc/arm-none-eabi/9.2.1/../../../../arm-none-eabi/lib/thumb/v7e-m/nofp\libstdc++.a(new_op.o) (__cxa_allocate_exception)
o:/fehqt/proteus/gcc/bin/../lib/gcc/arm-none-eabi/9.2.1/../../../../arm-none-eabi/lib/thumb/v7e-m/nofp\libstdc++.a(eh_exception.o)
                              o:/fehqt/proteus/gcc/bin/../lib/gcc/arm-none-eabi/9.2.1/../../../../arm-none-eabi/lib/thumb/v7e-m/nofp\libstdc++.a(bad_alloc.o) (std::exception::~exception())
o:/fehqt/proteus/gcc/bin/../lib/gcc/arm-none-eabi/9.2.1/../../../../arm-none-eabi/lib/thumb/v7e-m/nofp\libstdc++.a(eh_terminate.o)
                              o:/fehqt/proteus/gcc/bin/../lib/gcc/arm-none-eabi/9.2.1/../../../../arm-none-eabi/lib/thumb/v7e-m/nofp\libstdc++.a(eh_alloc.o) (std::terminate())
o:/fehqt/proteus/gcc/bin/../lib/gcc/arm-none-eabi/9.2.1/../../../../arm-none-eabi/lib/thumb/v7e-m/nofp\libstdc++.a(eh_throw.o)
                              o:/fehqt/proteus/gcc/bin/../lib/gcc/arm-none-eabi/9.2.1/../../../../arm-none-eabi/lib/thumb/v7e-m/nofp\libstdc++.a(new_op.o) (__cxa_throw)
o:/fehqt/proteus/gcc/bin/../lib/gcc/arm-none-eabi/9.2.1/../../../../arm-none-eabi/lib/thumb/v7e-m/nofp\libstdc++.a(eh_unex_handler.o)
                              o:/fehqt/proteus/gcc/bin/../lib/gcc/arm-none-eabi/9.2.1/../../../../arm-none-eabi/lib/thumb/v7e-m/nofp\libstdc++.a(eh_terminate.o) (__cxxabiv1::__unexpected_handler)
o:/fehqt/proteus/gcc/bin/../lib/gcc/arm-none-eabi/9.2.1/../../../../arm-none-eabi/lib/thumb/v7e-m/nofp\libstdc++.a(new_handler.o)
                              o:/fehqt/proteus/gcc/bin/../lib/gcc/arm-none-eabi/9.2.1/../../../../arm-none-eabi/lib/thumb/v7e-m/nofp\libstdc++.a(new_op.o) (std::get_new_handler())
o:/fehqt/proteus/gcc/bin/../lib/gcc/arm-none-eabi/9.2.1/../../../../arm-none-eabi/lib/thumb/v7e-m/nofp\libstdc++.a(pure.o)
                              o:/fehqt/proteus/gcc/bin/../lib/gcc/arm-none-eabi/9.2.1/../../../../arm-none-eabi/lib/thumb/v7e-m/nofp\libstdc++.a(eh_exception.o) (__cxa_pure_virtual)
o:/fehqt/proteus/gcc/bin/../lib/gcc/arm-none-eabi/9.2.1/../../../../arm-none-eabi/lib/thumb/v7e-m/nofp\libstdc++.a(si_class_type_info.o)
                              o:/fehqt/proteus/gcc/bin/../lib/gcc/arm-none-eabi/9.2.1/../../../../arm-none-eabi/lib/thumb/v7e-m/nofp\libstdc++.a(bad_alloc.o) (vtable for __cxxabiv1::__si_class_type_info)
o:/fehqt/proteus/gcc/bin/../lib/gcc/arm-none-eabi/9.2.1/../../../../arm-none-eabi/lib/thumb/v7e-m/nofp\libstdc++.a(tinfo.o)
                              o:/fehqt/proteus/gcc/bin/../lib/gcc/arm-none-eabi/9.2.1/../../../../arm-none-eabi/lib/thumb/v7e-m/nofp\libstdc++.a(si_class_type_info.o) (std::type_info::__is_pointer_p() const)
o:/fehqt/proteus/gcc/bin/../lib/gcc/arm-none-eabi/9.2.1/../../../../arm-none-eabi/lib/thumb/v7e-m/nofp\libstdc++.a(vterminate.o)
                              o:/fehqt/proteus/gcc/bin/../lib/gcc/arm-none-eabi/9.2.1/../../../../arm-none-eabi/lib/thumb/v7e-m/nofp\libstdc++.a(eh_terminate.o) (__gnu_cxx::__verbose_terminate_handler())
o:/fehqt/proteus/gcc/bin/../lib/gcc/arm-none-eabi/9.2.1/../../../../arm-none-eabi/lib/thumb/v7e-m/nofp\libstdc++.a(class_type_info.o)
                              o:/fehqt/proteus/gcc/bin/../lib/gcc/arm-none-eabi/9.2.1/../../../../arm-none-eabi/lib/thumb/v7e-m/nofp\libstdc++.a(si_class_type_info.o) (__cxxabiv1::__class_type_info::__do_upcast(__cxxabiv1::__class_type_info const*, void**) const)
o:/fehqt/proteus/gcc/bin/../lib/gcc/arm-none-eabi/9.2.1/../../../../arm-none-eabi/lib/thumb/v7e-m/nofp\libstdc++.a(cp-demangle.o)
                              o:/fehqt/proteus/gcc/bin/../lib/gcc/arm-none-eabi/9.2.1/../../../../arm-none-eabi/lib/thumb/v7e-m/nofp\libstdc++.a(vterminate.o) (__cxa_demangle)
[...]
Memory Configuration

Name             Origin             Length             Attributes
PROGRAM_FLASH    0x0000c000         0x00073c00         xr
SRAM_UPPER       0x20000000         0x00010000         xrw
SRAM_LOWER       0x1fff0000         0x00010000         xrw
*default*        0x00000000         0xffffffff

Linker script and memory map

LOAD o:/fehqt/proteus/gcc/bin/../lib/gcc/arm-none-eabi/9.2.1/thumb/v7e-m/nofp/crti.o
LOAD o:/fehqt/proteus/gcc/bin/../lib/gcc/arm-none-eabi/9.2.1/thumb/v7e-m/nofp/crtbegin.o
LOAD o:/fehqt/proteus/gcc/bin/../lib/gcc/arm-none-eabi/9.2.1/../../../../arm-none-eabi/lib/thumb/v7e-m/nofp/crt0.o
LOAD ../simplemovement.o
LOAD ../main.o
LOAD Startup/startup_mk60d10.o
LOAD Libraries/FEHMotor.o
LOAD Drivers/mcg.o
LOAD Drivers/i2c.o
LOAD Drivers/spi.o
LOAD Drivers/uart.o
LOAD Drivers/ff.o
LOAD Drivers/SDHC.o
LOAD Drivers/lptmr.o
LOAD FEHProteus.o
LOAD Drivers/FEHPropeller.o
LOAD Libraries/FEHUtility.o
LOAD Libraries/FEHIO.o
LOAD Drivers/adc16.o
LOAD Libraries/FEHBuzzer.o
LOAD Libraries/FEHServo.o
LOAD Libraries/FEHLCD.o
LOAD Libraries/FEHAccel.o
LOAD Libraries/FEHBattery.o
LOAD Drivers/FEHXBee.o
LOAD Libraries/FEHRPS.o
LOAD Libraries/FEHSD.o
LOAD Libraries/FEHRandom.o
LOAD o:/fehqt/proteus/gcc/bin/../lib/gcc/arm-none-eabi/9.2.1/../../../../arm-none-eabi/lib/thumb/v7e-m/nofp\libstdc++.a
LOAD o:/fehqt/proteus/gcc/bin/../lib/gcc/arm-none-eabi/9.2.1/../../../../arm-none-eabi/lib/thumb/v7e-m/nofp\libm.a
START GROUP
LOAD o:/fehqt/proteus/gcc/bin/../lib/gcc/arm-none-eabi/9.2.1/thumb/v7e-m/nofp\libgcc.a
LOAD o:/fehqt/proteus/gcc/bin/../lib/gcc/arm-none-eabi/9.2.1/../../../../arm-none-eabi/lib/thumb/v7e-m/nofp\libg.a
LOAD o:/fehqt/proteus/gcc/bin/../lib/gcc/arm-none-eabi/9.2.1/../../../../arm-none-eabi/lib/thumb/v7e-m/nofp\libc.a
END GROUP
START GROUP
LOAD o:/fehqt/proteus/gcc/bin/../lib/gcc/arm-none-eabi/9.2.1/thumb/v7e-m/nofp\libgcc.a
LOAD o:/fehqt/proteus/gcc/bin/../lib/gcc/arm-none-eabi/9.2.1/../../../../arm-none-eabi/lib/thumb/v7e-m/nofp\libc.a
LOAD o:/fehqt/proteus/gcc/bin/../lib/gcc/arm-none-eabi/9.2.1/../../../../arm-none-eabi/lib/thumb/v7e-m/nofp\libnosys.a
END GROUP
LOAD o:/fehqt/proteus/gcc/bin/../lib/gcc/arm-none-eabi/9.2.1/thumb/v7e-m/nofp/crtend.o
LOAD o:/fehqt/proteus/gcc/bin/../lib/gcc/arm-none-eabi/9.2.1/thumb/v7e-m/nofp/crtn.o
                0x0000c000                __base_PROGRAM_FLASH = 0xc000
                0x0000c000                __base_Flash = 0xc000
                0x0007fc00                __top_PROGRAM_FLASH = 0x7fc00
                0x0007fc00                __top_Flash = 0x7fc00
                0x20000000                __base_SRAM_UPPER = 0x20000000
                0x20000000                __base_RAM = 0x20000000
                0x20010000                __top_SRAM_UPPER = 0x20010000
                0x20010000                __top_RAM = 0x20010000
                0x1fff0000                __base_SRAM_LOWER = 0x1fff0000
                0x1fff0000                __base_RAM2 = 0x1fff0000
                0x20000000                __top_SRAM_LOWER = 0x20000000
                0x20000000                __top_RAM2 = 0x20000000

.text           0x0000c000     0xcc14
 FILL mask 0xff
                0x0000c000                __vectors_start__ = ABSOLUTE (.)
 *(.isr_vector)
 .isr_vector    0x0000c000      0x1bc Startup/startup_mk60d10.o
                0x0000c000                g_pfnVectors
                0x0000c000                __Vectors
                0x0000c1bc                . = ALIGN (0x4)
                0x0000c1bc                __section_table_start = .
                0x0000c1bc                __data_section_table = .
                0x0000c1bc        0x4 LONG 0x18c1c LOADADDR (.data)
                0x0000c1c0        0x4 LONG 0x20000000 ADDR (.data)
                0x0000c1c4        0x4 LONG 0x16c8 SIZEOF (.data)
                0x0000c1c8        0x4 LONG 0x18c1c LOADADDR (.data_RAM2)
                0x0000c1cc        0x4 LONG 0x1fff0000 ADDR (.data_RAM2)
                0x0000c1d0        0x4 LONG 0x0 SIZEOF (.data_RAM2)
                0x0000c1d4                __data_section_table_end = .
                0x0000c1d4                __bss_section_table = .
                0x0000c1d4        0x4 LONG 0x200016c8 ADDR (.bss)
                0x0000c1d8        0x4 LONG 0x4a4 SIZEOF (.bss)
                0x0000c1dc        0x4 LONG 0x1fff0000 ADDR (.bss_RAM2)
                0x0000c1e0        0x4 LONG 0x0 SIZEOF (.bss_RAM2)
                0x0000c1e4                __bss_section_table_end = .
                0x0000c1e4                __section_table_end = .
 *(.after_vectors*)
 .after_vectors.init_data
                0x0000c1e4       0x42 Startup/startup_mk60d10.o
                0x0000c1e4                data_init(unsigned int, unsigned int, unsigned int)
 .after_vectors.init_bss
                0x0000c226       0x36 Startup/startup_mk60d10.o
                0x0000c226                bss_init(unsigned int, unsigned int)
 .after_vectors.reset
                0x0000c25c       0xb4 Startup/startup_mk60d10.o
                0x0000c25c                ResetISR
 .after_vectors
                0x0000c310       0x3c Startup/startup_mk60d10.o
                0x0000c310                NMI_Handler
                0x0000c316                HardFault_Handler
                0x0000c31c                MemManage_Handler
                0x0000c322                BusFault_Handler
                0x0000c328                UsageFault_Handler
                0x0000c32e                SVC_Handler
                0x0000c334                DebugMon_Handler
                0x0000c33a                PendSV_Handler
                0x0000c340                SysTick_Handler
                0x0000c346                DMA_Error_DriverIRQHandler
                0x0000c346                LPTMR0_DriverIRQHandler
                0x0000c346                FTM1_DriverIRQHandler
                0x0000c346                FTM2_DriverIRQHandler
                0x0000c346                PIT2_DriverIRQHandler
                0x0000c346                SDHC_DriverIRQHandler
                0x0000c346                I2S0_Tx_DriverIRQHandler
                0x0000c346                TSI0_DriverIRQHandler
                0x0000c346                RTC_Seconds_DriverIRQHandler
                0x0000c346                Reserved109_DriverIRQHandler
                0x0000c346                DMA6_DriverIRQHandler
                0x0000c346                LLWU_DriverIRQHandler
                0x0000c346                MCM_DriverIRQHandler
                0x0000c346                MCG_DriverIRQHandler
                0x0000c346                ENET_1588_Timer_DriverIRQHandler
                0x0000c346                DAC1_DriverIRQHandler
                0x0000c346                SPI1_DriverIRQHandler
                0x0000c346                CMP1_DriverIRQHandler
                0x0000c346                UART5_RX_TX_DriverIRQHandler
                0x0000c346                FTM0_DriverIRQHandler
                0x0000c346                IntDefaultHandler
                0x0000c346                USB0_DriverIRQHandler
                0x0000c346                UART5_ERR_DriverIRQHandler
                0x0000c346                DMA11_DriverIRQHandler
                0x0000c346                DAC0_DriverIRQHandler
                0x0000c346                DMA10_DriverIRQHandler
                0x0000c346                CMP2_DriverIRQHandler
                0x0000c346                UART2_ERR_DriverIRQHandler
                0x0000c346                SPI2_DriverIRQHandler
                0x0000c346                LVD_LVW_DriverIRQHandler
                0x0000c346                RNG_DriverIRQHandler
                0x0000c346                DMA12_DriverIRQHandler
                0x0000c346                DMA4_DriverIRQHandler
                0x0000c346                UART2_RX_TX_DriverIRQHandler
                0x0000c346                USBDCD_DriverIRQHandler
                0x0000c346                UART3_ERR_DriverIRQHandler
                0x0000c346                DMA3_DriverIRQHandler
                0x0000c346                DMA8_DriverIRQHandler
                0x0000c346                DMA9_DriverIRQHandler
                0x0000c346                UART0_ERR_DriverIRQHandler
                0x0000c346                CMT_DriverIRQHandler
                0x0000c346                ADC1_DriverIRQHandler
                0x0000c346                DMA14_DriverIRQHandler
                0x0000c346                PIT3_DriverIRQHandler
                0x0000c346                PIT1_DriverIRQHandler
                0x0000c346                WDOG_EWM_DriverIRQHandler
                0x0000c346                PDB0_DriverIRQHandler
                0x0000c346                Reserved95_DriverIRQHandler
                0x0000c346                RTC_DriverIRQHandler
                0x0000c346                I2S0_Rx_DriverIRQHandler
                0x0000c346                Read_Collision_DriverIRQHandler
                0x0000c346                SWI_DriverIRQHandler
                0x0000c346                UART4_RX_TX_DriverIRQHandler
                0x0000c346                UART4_ERR_DriverIRQHandler
                0x0000c346                DMA0_DriverIRQHandler
                0x0000c346                UART0_LON_DriverIRQHandler
                0x0000c346                Reserved102_DriverIRQHandler
                0x0000c346                DMA1_DriverIRQHandler
                0x0000c346                I2C1_DriverIRQHandler
                0x0000c346                UART3_RX_TX_DriverIRQHandler
                0x0000c346                ENET_Receive_DriverIRQHandler
                0x0000c346                DMA13_DriverIRQHandler
                0x0000c346                ENET_Error_DriverIRQHandler
                0x0000c346                DMA15_DriverIRQHandler
                0x0000c346                SPI0_DriverIRQHandler
                0x0000c346                ADC0_DriverIRQHandler
                0x0000c346                FTFL_DriverIRQHandler
                0x0000c346                CMP0_DriverIRQHandler
                0x0000c346                CAN0_DriverIRQHandler
                0x0000c346                Reserved59_DriverIRQHandler
                0x0000c346                DMA5_DriverIRQHandler
                0x0000c346                UART1_ERR_DriverIRQHandler
                0x0000c346                DMA2_DriverIRQHandler
                0x0000c346                ENET_Transmit_DriverIRQHandler
                0x0000c346                I2C0_DriverIRQHandler
                0x0000c346                CAN1_DriverIRQHandler
                0x0000c346                DMA7_DriverIRQHandler
                0x0000c346                UART1_RX_TX_DriverIRQHandler
                0x0000c346                Reserved108_DriverIRQHandler
                0x00000400                . = 0x400
 *fill*         0x0000c34c       0xb4 ff
                0x0000c400                PROVIDE (__FLASH_CONFIG_START__ = .)
 *(.FlashConfig)
 .FlashConfig   0x0000c400       0x10 Startup/startup_mk60d10.o
                0x0000c410                PROVIDE (__FLASH_CONFIG_END__ = .)
                0x00000001                ASSERT (! ((__FLASH_CONFIG_START__ == __FLASH_CONFIG_END__)), Linker Flash Config Support Enabled, but no .FlashConfig section provided within application)
 *(.text*)
 .text          0x0000c410       0x40 o:/fehqt/proteus/gcc/bin/../lib/gcc/arm-none-eabi/9.2.1/thumb/v7e-m/nofp/crtbegin.o
 .text.main     0x0000c450       0xd8 ../main.o
                0x0000c450                main
 .text._Z41__static_initialization_and_destruction_0ii
                0x0000c528       0x98 ../main.o
 .text._GLOBAL__sub_I_forwardTimeOut
                0x0000c5c0       0x10 ../main.o
 .text.PORTD_IRQHandler
                0x0000c5d0       0x50 Startup/startup_mk60d10.o
                0x0000c5d0                PORTD_IRQHandler
 .text._Z15InitPowerButtonv
                0x0000c620       0x60 Startup/startup_mk60d10.o
                0x0000c620                InitPowerButton()
 .text._ZL11pll_init_blv
                0x0000c680       0xdc Startup/startup_mk60d10.o
 .text._Z14InitFEHProteusv
                0x0000c75c       0xf8 Startup/startup_mk60d10.o
                0x0000c75c                InitFEHProteus()
 .text.DMA0_IRQHandler
                0x0000c854        0xc Startup/startup_mk60d10.o
                0x0000c854                DMA0_IRQHandler
 .text.DMA1_IRQHandler
                0x0000c860        0xc Startup/startup_mk60d10.o
                0x0000c860                DMA1_IRQHandler
 .text.DMA2_IRQHandler
                0x0000c86c        0xc Startup/startup_mk60d10.o
                0x0000c86c                DMA2_IRQHandler
 .text.DMA3_IRQHandler
                0x0000c878        0xc Startup/startup_mk60d10.o
                0x0000c878                DMA3_IRQHandler
 .text.DMA4_IRQHandler
                0x0000c884        0xc Startup/startup_mk60d10.o
                0x0000c884                DMA4_IRQHandler
 .text.DMA5_IRQHandler
                0x0000c890        0xc Startup/startup_mk60d10.o
                0x0000c890                DMA5_IRQHandler
 .text.DMA6_IRQHandler
                0x0000c89c        0xc Startup/startup_mk60d10.o
                0x0000c89c                DMA6_IRQHandler
 .text.DMA7_IRQHandler
                0x0000c8a8        0xc Startup/startup_mk60d10.o
                0x0000c8a8                DMA7_IRQHandler
 .text.DMA8_IRQHandler
                0x0000c8b4        0xc Startup/startup_mk60d10.o
                0x0000c8b4                DMA8_IRQHandler
 .text.DMA9_IRQHandler
                0x0000c8c0        0xc Startup/startup_mk60d10.o
                0x0000c8c0                DMA9_IRQHandler
 .text.DMA10_IRQHandler
                0x0000c8cc        0xc Startup/startup_mk60d10.o
                0x0000c8cc                DMA10_IRQHandler
 .text.DMA11_IRQHandler
                0x0000c8d8        0xc Startup/startup_mk60d10.o
                0x0000c8d8                DMA11_IRQHandler
 .text.DMA12_IRQHandler
                0x0000c8e4        0xc Startup/startup_mk60d10.o
                0x0000c8e4                DMA12_IRQHandler
 .text.DMA13_IRQHandler
                0x0000c8f0        0xc Startup/startup_mk60d10.o
                0x0000c8f0                DMA13_IRQHandler
 .text.DMA14_IRQHandler
                0x0000c8fc        0xc Startup/startup_mk60d10.o
                0x0000c8fc                DMA14_IRQHandler
 .text.DMA15_IRQHandler
                0x0000c908        0xc Startup/startup_mk60d10.o
                0x0000c908                DMA15_IRQHandler
 .text.DMA_Error_IRQHandler
                0x0000c914        0xc Startup/startup_mk60d10.o
                0x0000c914                DMA_Error_IRQHandler
 .text.MCM_IRQHandler
                0x0000c920        0xc Startup/startup_mk60d10.o
                0x0000c920                MCM_IRQHandler
 .text.FTFL_IRQHandler
                0x0000c92c        0xc Startup/startup_mk60d10.o
                0x0000c92c                FTFL_IRQHandler
 .text.Read_Collision_IRQHandler
                0x0000c938        0xc Startup/startup_mk60d10.o
                0x0000c938                Read_Collision_IRQHandler
 .text.LVD_LVW_IRQHandler
                0x0000c944        0xc Startup/startup_mk60d10.o
                0x0000c944                LVD_LVW_IRQHandler
 .text.LLWU_IRQHandler
                0x0000c950        0xc Startup/startup_mk60d10.o
                0x0000c950                LLWU_IRQHandler
 .text.WDOG_EWM_IRQHandler
                0x0000c95c        0xc Startup/startup_mk60d10.o
                0x0000c95c                WDOG_EWM_IRQHandler
 .text.RNG_IRQHandler
                0x0000c968        0xc Startup/startup_mk60d10.o
                0x0000c968                RNG_IRQHandler
 .text.I2C0_IRQHandler
                0x0000c974        0xc Startup/startup_mk60d10.o
                0x0000c974                I2C0_IRQHandler
 .text.I2C1_IRQHandler
                0x0000c980        0xc Startup/startup_mk60d10.o
                0x0000c980                I2C1_IRQHandler
 .text.SPI0_IRQHandler
                0x0000c98c        0xc Startup/startup_mk60d10.o
                0x0000c98c                SPI0_IRQHandler
 .text.SPI1_IRQHandler
                0x0000c998        0xc Startup/startup_mk60d10.o
                0x0000c998                SPI1_IRQHandler
 .text.SPI2_IRQHandler
                0x0000c9a4        0xc Startup/startup_mk60d10.o
                0x0000c9a4                SPI2_IRQHandler
 .text.CAN0_ORed_Message_buffer_IRQHandler
                0x0000c9b0        0xc Startup/startup_mk60d10.o
                0x0000c9b0                CAN0_ORed_Message_buffer_IRQHandler
 .text.CAN0_Bus_Off_IRQHandler
                0x0000c9bc        0xc Startup/startup_mk60d10.o
                0x0000c9bc                CAN0_Bus_Off_IRQHandler
 .text.CAN0_Error_IRQHandler
                0x0000c9c8        0xc Startup/startup_mk60d10.o
                0x0000c9c8                CAN0_Error_IRQHandler
 .text.CAN0_Tx_Warning_IRQHandler
                0x0000c9d4        0xc Startup/startup_mk60d10.o
                0x0000c9d4                CAN0_Tx_Warning_IRQHandler
 .text.CAN0_Rx_Warning_IRQHandler
                0x0000c9e0        0xc Startup/startup_mk60d10.o
                0x0000c9e0                CAN0_Rx_Warning_IRQHandler
 .text.CAN0_Wake_Up_IRQHandler
                0x0000c9ec        0xc Startup/startup_mk60d10.o
                0x0000c9ec                CAN0_Wake_Up_IRQHandler
 .text.I2S0_Tx_IRQHandler
                0x0000c9f8        0xc Startup/startup_mk60d10.o
                0x0000c9f8                I2S0_Tx_IRQHandler
 .text.I2S0_Rx_IRQHandler
                0x0000ca04        0xc Startup/startup_mk60d10.o
                0x0000ca04                I2S0_Rx_IRQHandler
 .text.CAN1_ORed_Message_buffer_IRQHandler
                0x0000ca10        0xc Startup/startup_mk60d10.o
                0x0000ca10                CAN1_ORed_Message_buffer_IRQHandler
 .text.CAN1_Bus_Off_IRQHandler
                0x0000ca1c        0xc Startup/startup_mk60d10.o
                0x0000ca1c                CAN1_Bus_Off_IRQHandler
 .text.CAN1_Error_IRQHandler
                0x0000ca28        0xc Startup/startup_mk60d10.o
                0x0000ca28                CAN1_Error_IRQHandler
 .text.CAN1_Tx_Warning_IRQHandler
                0x0000ca34        0xc Startup/startup_mk60d10.o
                0x0000ca34                CAN1_Tx_Warning_IRQHandler
 .text.CAN1_Rx_Warning_IRQHandler
                0x0000ca40        0xc Startup/startup_mk60d10.o
                0x0000ca40                CAN1_Rx_Warning_IRQHandler
 .text.CAN1_Wake_Up_IRQHandler
                0x0000ca4c        0xc Startup/startup_mk60d10.o
                0x0000ca4c                CAN1_Wake_Up_IRQHandler
 .text.Reserved59_IRQHandler
                0x0000ca58        0xc Startup/startup_mk60d10.o
                0x0000ca58                Reserved59_IRQHandler
 .text.UART0_LON_IRQHandler
                0x0000ca64        0xc Startup/startup_mk60d10.o
                0x0000ca64                UART0_LON_IRQHandler
 .text.UART0_ERR_IRQHandler
                0x0000ca70        0xc Startup/startup_mk60d10.o
                0x0000ca70                UART0_ERR_IRQHandler
 .text.UART1_RX_TX_IRQHandler
                0x0000ca7c        0xc Startup/startup_mk60d10.o
                0x0000ca7c                UART1_RX_TX_IRQHandler
 .text.UART1_ERR_IRQHandler
                0x0000ca88        0xc Startup/startup_mk60d10.o
                0x0000ca88                UART1_ERR_IRQHandler
 .text.UART2_RX_TX_IRQHandler
                0x0000ca94        0xc Startup/startup_mk60d10.o
                0x0000ca94                UART2_RX_TX_IRQHandler
 .text.UART2_ERR_IRQHandler
                0x0000caa0        0xc Startup/startup_mk60d10.o
                0x0000caa0                UART2_ERR_IRQHandler
 .text.UART3_RX_TX_IRQHandler
                0x0000caac        0xc Startup/startup_mk60d10.o
                0x0000caac                UART3_RX_TX_IRQHandler
 .text.UART3_ERR_IRQHandler
                0x0000cab8        0xc Startup/startup_mk60d10.o
                0x0000cab8                UART3_ERR_IRQHandler
 .text.UART4_RX_TX_IRQHandler
                0x0000cac4        0xc Startup/startup_mk60d10.o
                0x0000cac4                UART4_RX_TX_IRQHandler
 .text.UART4_ERR_IRQHandler
                0x0000cad0        0xc Startup/startup_mk60d10.o
                0x0000cad0                UART4_ERR_IRQHandler
 .text.UART5_RX_TX_IRQHandler
                0x0000cadc        0xc Startup/startup_mk60d10.o
                0x0000cadc                UART5_RX_TX_IRQHandler
 .text.UART5_ERR_IRQHandler
                0x0000cae8        0xc Startup/startup_mk60d10.o
                0x0000cae8                UART5_ERR_IRQHandler
 .text.ADC0_IRQHandler
                0x0000caf4        0xc Startup/startup_mk60d10.o
                0x0000caf4                ADC0_IRQHandler
 .text.ADC1_IRQHandler
                0x0000cb00        0xc Startup/startup_mk60d10.o
                0x0000cb00                ADC1_IRQHandler
 .text.CMP0_IRQHandler
                0x0000cb0c        0xc Startup/startup_mk60d10.o
                0x0000cb0c                CMP0_IRQHandler
 .text.CMP1_IRQHandler
                0x0000cb18        0xc Startup/startup_mk60d10.o
                0x0000cb18                CMP1_IRQHandler
 .text.CMP2_IRQHandler
                0x0000cb24        0xc Startup/startup_mk60d10.o
                0x0000cb24                CMP2_IRQHandler
 .text.FTM0_IRQHandler
                0x0000cb30        0xc Startup/startup_mk60d10.o
                0x0000cb30                FTM0_IRQHandler
 .text.FTM1_IRQHandler
                0x0000cb3c        0xc Startup/startup_mk60d10.o
                0x0000cb3c                FTM1_IRQHandler
 .text.FTM2_IRQHandler
                0x0000cb48        0xc Startup/startup_mk60d10.o
                0x0000cb48                FTM2_IRQHandler
 .text.CMT_IRQHandler
                0x0000cb54        0xc Startup/startup_mk60d10.o
                0x0000cb54                CMT_IRQHandler
 .text.RTC_IRQHandler
                0x0000cb60        0xc Startup/startup_mk60d10.o
                0x0000cb60                RTC_IRQHandler
 .text.RTC_Seconds_IRQHandler
                0x0000cb6c        0xc Startup/startup_mk60d10.o
                0x0000cb6c                RTC_Seconds_IRQHandler
 .text.PIT1_IRQHandler
                0x0000cb78        0xc Startup/startup_mk60d10.o
                0x0000cb78                PIT1_IRQHandler
 .text.PIT2_IRQHandler
                0x0000cb84        0xc Startup/startup_mk60d10.o
                0x0000cb84                PIT2_IRQHandler
 .text.PIT3_IRQHandler
                0x0000cb90        0xc Startup/startup_mk60d10.o
                0x0000cb90                PIT3_IRQHandler
 .text.PDB0_IRQHandler
                0x0000cb9c        0xc Startup/startup_mk60d10.o
                0x0000cb9c                PDB0_IRQHandler
 .text.USB0_IRQHandler
                0x0000cba8        0xc Startup/startup_mk60d10.o
                0x0000cba8                USB0_IRQHandler
 .text.USBDCD_IRQHandler
                0x0000cbb4        0xc Startup/startup_mk60d10.o
                0x0000cbb4                USBDCD_IRQHandler
 .text.ENET_1588_Timer_IRQHandler
                0x0000cbc0        0xc Startup/startup_mk60d10.o
                0x0000cbc0                ENET_1588_Timer_IRQHandler
 .text.ENET_Transmit_IRQHandler
                0x0000cbcc        0xc Startup/startup_mk60d10.o
                0x0000cbcc                ENET_Transmit_IRQHandler
 .text.ENET_Receive_IRQHandler
                0x0000cbd8        0xc Startup/startup_mk60d10.o
                0x0000cbd8                ENET_Receive_IRQHandler
 .text.ENET_Error_IRQHandler
                0x0000cbe4        0xc Startup/startup_mk60d10.o
                0x0000cbe4                ENET_Error_IRQHandler
 .text.Reserved95_IRQHandler
                0x0000cbf0        0xc Startup/startup_mk60d10.o
                0x0000cbf0                Reserved95_IRQHandler
 .text.SDHC_IRQHandler
                0x0000cbfc        0xc Startup/startup_mk60d10.o
                0x0000cbfc                SDHC_IRQHandler
 .text.DAC0_IRQHandler
                0x0000cc08        0xc Startup/startup_mk60d10.o
                0x0000cc08                DAC0_IRQHandler
 .text.DAC1_IRQHandler
                0x0000cc14        0xc Startup/startup_mk60d10.o
                0x0000cc14                DAC1_IRQHandler
 .text.TSI0_IRQHandler
                0x0000cc20        0xc Startup/startup_mk60d10.o
                0x0000cc20                TSI0_IRQHandler
 .text.MCG_IRQHandler
                0x0000cc2c        0xc Startup/startup_mk60d10.o
                0x0000cc2c                MCG_IRQHandler
 .text.LPTMR0_IRQHandler
                0x0000cc38        0xc Startup/startup_mk60d10.o
                0x0000cc38                LPTMR0_IRQHandler
 .text.Reserved102_IRQHandler
                0x0000cc44        0xc Startup/startup_mk60d10.o
                0x0000cc44                Reserved102_IRQHandler
 .text.Reserved108_IRQHandler
                0x0000cc50        0xc Startup/startup_mk60d10.o
                0x0000cc50                Reserved108_IRQHandler
 .text.Reserved109_IRQHandler
                0x0000cc5c        0xc Startup/startup_mk60d10.o
                0x0000cc5c                Reserved109_IRQHandler
 .text.SWI_IRQHandler
                0x0000cc68        0xc Startup/startup_mk60d10.o
                0x0000cc68                SWI_IRQHandler
 *fill*         0x0000cc74        0x4 ff
 .text._ZN8FEHMotorC2ENS_12FEHMotorPortEf
                0x0000cc78       0x7c Libraries/FEHMotor.o
                0x0000cc78                FEHMotor::FEHMotor(FEHMotor::FEHMotorPort, float)
                0x0000cc78                FEHMotor::FEHMotor(FEHMotor::FEHMotorPort, float)
 .text._Z21IIC_StartTransmissionhh
                0x0000ccf4       0x6c Drivers/i2c.o
                0x0000ccf4                IIC_StartTransmission(unsigned char, unsigned char)
 .text._Z5Pausev
                0x0000cd60       0x24 Drivers/i2c.o
                0x0000cd60                Pause()
 .text._Z21MMA8451QWriteRegisterhh
                0x0000cd84       0x68 Drivers/i2c.o
                0x0000cd84                MMA8451QWriteRegister(unsigned char, unsigned char)
 .text._Z8i2c_Waitv
                0x0000cdec       0x6c Drivers/i2c.o
                0x0000cdec                i2c_Wait()
 .text._Z12SPI_SendCharh
                0x0000ce58       0x1a Drivers/spi.o
                0x0000ce58                SPI_SendChar(unsigned char)
 .text._Z16SPI_WriteCommandhh
                0x0000ce72       0x34 Drivers/spi.o
                0x0000ce72                SPI_WriteCommand(unsigned char, unsigned char)
 .text._Z11SPI_GetCharv
                0x0000cea6       0x10 Drivers/spi.o
                0x0000cea6                SPI_GetChar()
 .text._Z15SPI_ReadCommandh
                0x0000ceb6       0x38 Drivers/spi.o
                0x0000ceb6                SPI_ReadCommand(unsigned char)
 *fill*         0x0000ceee        0x2 ff
 .text._Z13SPI_CS_Assertv
                0x0000cef0       0x1c Drivers/spi.o
                0x0000cef0                SPI_CS_Assert()
 .text._Z15SPI_CS_Deassertv
                0x0000cf0c       0x1c Drivers/spi.o
                0x0000cf0c                SPI_CS_Deassert()
 .text._Z12SPI_Transferh
                0x0000cf28       0x6c Drivers/spi.o
                0x0000cf28                SPI_Transfer(unsigned char)
 *fill*         0x0000cf94        0x4 ff
 .text._Z8SPI_Initv
                0x0000cf98       0xa8 Drivers/spi.o
                0x0000cf98                SPI_Init()
 .text._Z9uart_initPV11UART_MemMapii
                0x0000d040      0x18c Drivers/uart.o
                0x0000d040                uart_init(UART_MemMap volatile*, int, int)
 .text._Z12uart_getcharPV11UART_MemMap
                0x0000d1cc       0x32 Drivers/uart.o
                0x0000d1cc                uart_getchar(UART_MemMap volatile*)
 .text._Z12uart_putcharPV11UART_MemMapc
                0x0000d1fe       0x32 Drivers/uart.o
                0x0000d1fe                uart_putchar(UART_MemMap volatile*, char)
 .text._ZL7mem_setPvij
                0x0000d230       0x3c Drivers/ff.o
 .text._ZL11move_windowP5FATFSm
                0x0000d26c       0xc8 Drivers/ff.o
 .text._ZL4syncP5FATFS
                0x0000d334      0x148 Drivers/ff.o
 .text._ZL8validateP5FATFSt
                0x0000d47c       0x54 Drivers/ff.o
 .text._Z6f_syncP3FIL
                0x0000d4d0      0x17e Drivers/ff.o
                0x0000d4d0                f_sync(FIL*)
 .text._Z7f_closeP3FIL
                0x0000d64e       0x28 Drivers/ff.o
                0x0000d64e                f_close(FIL*)
 *fill*         0x0000d676        0x2 ff
 .text._ZL17SDHC_set_baudratemm
                0x0000d678       0xe8 Drivers/SDHC.o
 .text._Z9SDHC_initP17esdhc_info_structPK17esdhc_init_struct
                0x0000d760      0x134 Drivers/SDHC.o
                0x0000d760                SDHC_init(esdhc_info_struct*, esdhc_init_struct const*)
 .text._ZL15SDHC_is_runningv
                0x0000d894       0x24 Drivers/SDHC.o
 .text._ZL16SDHC_status_waitm
                0x0000d8b8       0x2c Drivers/SDHC.o
 .text._ZL17SDHC_send_commandP20esdhc_command_struct
                0x0000d8e4      0x1f8 Drivers/SDHC.o
 .text._Z10SDHC_ioctlmPv
                0x0000dadc      0x6f4 Drivers/SDHC.o
                0x0000dadc                SDHC_ioctl(unsigned long, void*)
 .text._ZL14rcvr_datablockPhm
                0x0000e1d0       0xf0 Drivers/SDHC.o
 .text._Z9disk_readhPhmh
                0x0000e2c0      0x124 Drivers/SDHC.o
                0x0000e2c0                disk_read(unsigned char, unsigned char*, unsigned long, unsigned char)
 .text._ZL14xmit_datablockPKhm
                0x0000e3e4       0xa4 Drivers/SDHC.o
 .text._Z10disk_writehPKhmh
                0x0000e488      0x198 Drivers/SDHC.o
                0x0000e488                disk_write(unsigned char, unsigned char const*, unsigned long, unsigned char)
 .text._Z10disk_ioctlhhPv
                0x0000e620      0x104 Drivers/SDHC.o
                0x0000e620                disk_ioctl(unsigned char, unsigned char, void*)
 .text._Z11disk_statush
                0x0000e724       0x28 Drivers/SDHC.o
                0x0000e724                disk_status(unsigned char)
 .text._Z13time_delay_msm
                0x0000e74c       0x70 Drivers/lptmr.o
                0x0000e74c                time_delay_ms(unsigned long)
 .text._Z41__static_initialization_and_destruction_0ii
                0x0000e7bc       0x2c FEHProteus.o
 .text._GLOBAL__sub_I_Propeller
                0x0000e7e8       0x10 FEHProteus.o
 .text._ZN12FEHPropellerC2Ev
                0x0000e7f8       0x1a Drivers/FEHPropeller.o
                0x0000e7f8                FEHPropeller::FEHPropeller()
                0x0000e7f8                FEHPropeller::FEHPropeller()
 *fill*         0x0000e812        0x2 ff
 .text._ZN12FEHPropeller10InitializeEv
                0x0000e814       0x74 Drivers/FEHPropeller.o
                0x0000e814                FEHPropeller::Initialize()
 .text._ZL5Delaymjj
                0x0000e888       0x94 Libraries/FEHUtility.o
 .text._Z5Sleepi
                0x0000e91c       0x2c Libraries/FEHUtility.o
                0x0000e91c                Sleep(int)
 .text._Z5Sleepd
                0x0000e948       0x4c Libraries/FEHUtility.o
                0x0000e948                Sleep(double)
 .text._Z11TimeNowMSecv
                0x0000e994       0x38 Libraries/FEHUtility.o
                0x0000e994                TimeNowMSec()
 .text._ZN14DigitalEncoderC2EN5FEHIO8FEHIOPinE
                0x0000e9cc       0x26 Libraries/FEHIO.o
                0x0000e9cc                DigitalEncoder::DigitalEncoder(FEHIO::FEHIOPin)
                0x0000e9cc                DigitalEncoder::DigitalEncoder(FEHIO::FEHIOPin)
 *fill*         0x0000e9f2        0x2 ff
 .text._Z10enable_irqi
                0x0000e9f4      0x11c Libraries/FEHIO.o
                0x0000e9f4                enable_irq(int)
 .text._ZN14DigitalEncoder10InitializeEN5FEHIO8FEHIOPinENS0_21FEHIOInterruptTriggerE
                0x0000eb10      0x1a8 Libraries/FEHIO.o
                0x0000eb10                DigitalEncoder::Initialize(FEHIO::FEHIOPin, FEHIO::FEHIOInterruptTrigger)
 .text._Z16PORTB_IRQHandlerv
                0x0000ecb8       0xb0 Libraries/FEHIO.o
                0x0000ecb8                PORTB_IRQHandler()
 .text._Z16PORTC_IRQHandlerv
                0x0000ed68       0xa0 Libraries/FEHIO.o
                0x0000ed68                PORTC_IRQHandler()
 .text._Z16PORTA_IRQHandlerv
                0x0000ee08       0xa4 Libraries/FEHIO.o
                0x0000ee08                PORTA_IRQHandler()
 .text._Z16PORTE_IRQHandlerv
                0x0000eeac       0x9c Libraries/FEHIO.o
                0x0000eeac                PORTE_IRQHandler()
 .text._ZN14DigitalEncoder11ResetCountsEv
                0x0000ef48       0x24 Libraries/FEHIO.o
                0x0000ef48                DigitalEncoder::ResetCounts()
 .text._ZN14AnalogInputPinC2EN5FEHIO8FEHIOPinE
                0x0000ef6c       0x1e Libraries/FEHIO.o
                0x0000ef6c                AnalogInputPin::AnalogInputPin(FEHIO::FEHIOPin)
                0x0000ef6c                AnalogInputPin::AnalogInputPin(FEHIO::FEHIOPin)
 *fill*         0x0000ef8a        0x2 ff
 .text._ZN13AnalogEncoder12EncoderValueEv
                0x0000ef8c       0xb0 Libraries/FEHIO.o
                0x0000ef8c                AnalogEncoder::EncoderValue()
 .text._ZN14AnalogInputPin8InitADCsEv
                0x0000f03c       0x98 Libraries/FEHIO.o
                0x0000f03c                AnalogInputPin::InitADCs()
 .text._Z15PIT0_IRQHandlerv
                0x0000f0d4       0x28 Libraries/FEHIO.o
                0x0000f0d4                PIT0_IRQHandler()
 .text._ZN13AnalogEncoder4InitEv
                0x0000f0fc       0x44 Libraries/FEHIO.o
                0x0000f0fc                AnalogEncoder::Init()
 .text._ZN13AnalogEncoder14SetCounterInitEj
                0x0000f140       0x20 Libraries/FEHIO.o
                0x0000f140                AnalogEncoder::SetCounterInit(unsigned int)
 .text._ZN13AnalogEncoder10ProcessIntEv
                0x0000f160       0x68 Libraries/FEHIO.o
                0x0000f160                AnalogEncoder::ProcessInt()
 .text._ZN13AnalogEncoder14ProcessIntSelfEv
                0x0000f1c8       0x6e Libraries/FEHIO.o
                0x0000f1c8                AnalogEncoder::ProcessIntSelf()
 .text._Z7ADC_CalPV10ADC_MemMap
                0x0000f236      0x13e Drivers/adc16.o
                0x0000f236                ADC_Cal(ADC_MemMap volatile*)
 .text._Z14ADC_Config_AltPV10ADC_MemMapP7adc_cfg
                0x0000f374       0x6c Drivers/adc16.o
                0x0000f374                ADC_Config_Alt(ADC_MemMap volatile*, adc_cfg*)
 .text._ZN9FEHBuzzerC2Ev
                0x0000f3e0       0x14 Libraries/FEHBuzzer.o
                0x0000f3e0                FEHBuzzer::FEHBuzzer()
                0x0000f3e0                FEHBuzzer::FEHBuzzer()
 .text._Z41__static_initialization_and_destruction_0ii
                0x0000f3f4       0x2c Libraries/FEHBuzzer.o
 .text._GLOBAL__sub_I_Buzzer
                0x0000f420       0x10 Libraries/FEHBuzzer.o
 .text._ZN8FEHServoC2ENS_12FEHServoPortE
                0x0000f430       0x38 Libraries/FEHServo.o
                0x0000f430                FEHServo::FEHServo(FEHServo::FEHServoPort)
                0x0000f430                FEHServo::FEHServo(FEHServo::FEHServoPort)
 .text._ZN8FEHServo6SetMinEi
                0x0000f468       0x3a Libraries/FEHServo.o
                0x0000f468                FEHServo::SetMin(int)
 .text._ZN8FEHServo6SetMaxEi
                0x0000f4a2       0x3a Libraries/FEHServo.o
                0x0000f4a2                FEHServo::SetMax(int)
 .text._ZN8FEHServo9SetDegreeEf
                0x0000f4dc       0xf4 Libraries/FEHServo.o
                0x0000f4dc                FEHServo::SetDegree(float)
 .text._ZN6FEHLCD11_InitializeEv
                0x0000f5d0      0x410 Libraries/FEHLCD.o
                0x0000f5d0                FEHLCD::_Initialize()
 .text._ZN6FEHLCDC2Ev
                0x0000f9e0       0x50 Libraries/FEHLCD.o
                0x0000f9e0                FEHLCD::FEHLCD()
                0x0000f9e0                FEHLCD::FEHLCD()
 .text._ZN6FEHLCD10InitializeEv
                0x0000fa30       0x28 Libraries/FEHLCD.o
                0x0000fa30                FEHLCD::Initialize()
 .text._ZN6FEHLCD10PrintImageEii
                0x0000fa58       0xbc Libraries/FEHLCD.o
                0x0000fa58                FEHLCD::PrintImage(int, int)
 .text._ZN6FEHLCD9PrintLogoEii
                0x0000fb14       0xbc Libraries/FEHLCD.o
                0x0000fb14                FEHLCD::PrintLogo(int, int)
 .text._ZN6FEHLCD22ConvertFEHColorTo24BitENS_11FEHLCDColorE
                0x0000fbd0       0x78 Libraries/FEHLCD.o
                0x0000fbd0                FEHLCD::ConvertFEHColorTo24Bit(FEHLCD::FEHLCDColor)
 .text._ZN6FEHLCD24Convert24BitColorTo16BitEj
                0x0000fc48       0x30 Libraries/FEHLCD.o
                0x0000fc48                FEHLCD::Convert24BitColorTo16Bit(unsigned int)
 .text._ZN6FEHLCD22ConvertRGBColorTo16BitEhhh
                0x0000fc78       0x44 Libraries/FEHLCD.o
                0x0000fc78                FEHLCD::ConvertRGBColorTo16Bit(unsigned char, unsigned char, unsigned char)
 .text._ZN6FEHLCD5ClearENS_11FEHLCDColorE
                0x0000fcbc       0x28 Libraries/FEHLCD.o
                0x0000fcbc                FEHLCD::Clear(FEHLCD::FEHLCDColor)
 .text._ZN6FEHLCD5ClearEj
                0x0000fce4       0x2c Libraries/FEHLCD.o
                0x0000fce4                FEHLCD::Clear(unsigned int)
 .text._ZN6FEHLCD5ClearEv
                0x0000fd10       0x16 Libraries/FEHLCD.o
                0x0000fd10                FEHLCD::Clear()
 .text._ZN6FEHLCD18SetBackgroundColorENS_11FEHLCDColorE
                0x0000fd26       0x28 Libraries/FEHLCD.o
                0x0000fd26                FEHLCD::SetBackgroundColor(FEHLCD::FEHLCDColor)
 .text._ZN6FEHLCD18SetBackgroundColorEj
                0x0000fd4e       0x26 Libraries/FEHLCD.o
                0x0000fd4e                FEHLCD::SetBackgroundColor(unsigned int)
 .text._ZN6FEHLCD12SetFontColorENS_11FEHLCDColorE
                0x0000fd74       0x28 Libraries/FEHLCD.o
                0x0000fd74                FEHLCD::SetFontColor(FEHLCD::FEHLCDColor)
 .text._ZN6FEHLCD12SetFontColorEj
                0x0000fd9c       0x26 Libraries/FEHLCD.o
                0x0000fd9c                FEHLCD::SetFontColor(unsigned int)
 .text._ZN6FEHLCD7WriteAtEPKcii
                0x0000fdc2       0x46 Libraries/FEHLCD.o
                0x0000fdc2                FEHLCD::WriteAt(char const*, int, int)
 .text._ZN6FEHLCD11TS_SPI_InitEv
                0x0000fe08       0x7c Libraries/FEHLCD.o
                0x0000fe08                FEHLCD::TS_SPI_Init()
 *fill*         0x0000fe84        0x4 ff
 .text._ZN6FEHLCD5TouchEPfS0_
                0x0000fe88      0x1fc Libraries/FEHLCD.o
                0x0000fe88                FEHLCD::Touch(float*, float*)
 .text._ZN6FEHLCD3absEi
                0x00010084       0x22 Libraries/FEHLCD.o
                0x00010084                FEHLCD::abs(int)
 .text._ZN6FEHLCD5WriteEPKc
                0x000100a6       0x4e Libraries/FEHLCD.o
                0x000100a6                FEHLCD::Write(char const*)
 .text._ZN6FEHLCD5WriteEf
                0x000100f4       0xc0 Libraries/FEHLCD.o
                0x000100f4                FEHLCD::Write(float)
 .text._ZN6FEHLCD5WriteEc
                0x000101b4       0x30 Libraries/FEHLCD.o
                0x000101b4                FEHLCD::Write(char)
 .text._ZN6FEHLCD9WriteLineEPKc
                0x000101e4       0x26 Libraries/FEHLCD.o
                0x000101e4                FEHLCD::WriteLine(char const*)
 .text._ZN6FEHLCD9WriteLineEf
                0x0001020a       0x26 Libraries/FEHLCD.o
                0x0001020a                FEHLCD::WriteLine(float)
 .text._ZN6FEHLCD9WriteLineEc
                0x00010230       0x2a Libraries/FEHLCD.o
                0x00010230                FEHLCD::WriteLine(char)
 *fill*         0x0001025a        0x2 ff
 .text._ZN6FEHLCD10WriteIndexEh
                0x0001025c      0x14c Libraries/FEHLCD.o
                0x0001025c                FEHLCD::WriteIndex(unsigned char)
 .text._ZN6FEHLCD14WriteParameterEh
                0x000103a8      0x130 Libraries/FEHLCD.o
                0x000103a8                FEHLCD::WriteParameter(unsigned char)
 .text._ZN6FEHLCD6_ClearEv
                0x000104d8      0x15c Libraries/FEHLCD.o
                0x000104d8                FEHLCD::_Clear()
 .text._ZN6FEHLCD8NextLineEv
                0x00010634       0x2a Libraries/FEHLCD.o
                0x00010634                FEHLCD::NextLine()
 .text._ZN6FEHLCD9CheckLineEv
                0x0001065e       0x28 Libraries/FEHLCD.o
                0x0001065e                FEHLCD::CheckLine()
 .text._ZN6FEHLCD8NextCharEv
                0x00010686       0x32 Libraries/FEHLCD.o
                0x00010686                FEHLCD::NextChar()
 .text._ZN6FEHLCD9DrawPixelEii
                0x000106b8       0x2a Libraries/FEHLCD.o
                0x000106b8                FEHLCD::DrawPixel(int, int)
 .text._Z4SwapRiS_
                0x000106e2       0x28 Libraries/FEHLCD.o
                0x000106e2                Swap(int&, int&)
 .text._ZN6FEHLCD13DrawRectangleEiiii
                0x0001070a       0x7c Libraries/FEHLCD.o
                0x0001070a                FEHLCD::DrawRectangle(int, int, int, int)
 .text._ZN6FEHLCD13SetDrawRegionEiiii
                0x00010786       0xfe Libraries/FEHLCD.o
                0x00010786                FEHLCD::SetDrawRegion(int, int, int, int)
 .text._ZN6FEHLCD8DrawLineEiiii
                0x00010884      0x14c Libraries/FEHLCD.o
                0x00010884                FEHLCD::DrawLine(int, int, int, int)
 .text._ZN6FEHLCD9WriteCharEiic
                0x000109d0       0x34 Libraries/FEHLCD.o
                0x000109d0                FEHLCD::WriteChar(int, int, char)
 .text._ZN6FEHLCD11WriteCharAtEiic
                0x00010a04      0x214 Libraries/FEHLCD.o
                0x00010a04                FEHLCD::WriteCharAt(int, int, char)
 .text._ZN6FEHLCD11RepeatColorEv
                0x00010c18       0x70 Libraries/FEHLCD.o
                0x00010c18                FEHLCD::RepeatColor()
 .text._ZN6FEHLCD10_ForePixelEv
                0x00010c88       0xc4 Libraries/FEHLCD.o
                0x00010c88                FEHLCD::_ForePixel()
 .text._ZN6FEHLCD10_BackPixelEv
                0x00010d4c       0xc4 Libraries/FEHLCD.o
                0x00010d4c                FEHLCD::_BackPixel()
 .text._ZN6FEHLCD22SetRegisterColorValuesEv
                0x00010e10      0x336 Libraries/FEHLCD.o
                0x00010e10                FEHLCD::SetRegisterColorValues()
 .text._ZN7FEHIcon4IconC2Ev
                0x00011146       0x14 Libraries/FEHLCD.o
                0x00011146                FEHIcon::Icon::Icon()
                0x00011146                FEHIcon::Icon::Icon()
 .text._ZN7FEHIcon4Icon13SetPropertiesEPciiiijj
                0x0001115a       0x6a Libraries/FEHLCD.o
                0x0001115a                FEHIcon::Icon::SetProperties(char*, int, int, int, int, unsigned int, unsigned int)
 .text._ZN7FEHIcon4Icon4DrawEv
                0x000111c4       0x90 Libraries/FEHLCD.o
                0x000111c4                FEHIcon::Icon::Draw()
 .text._ZN7FEHIcon4Icon6SelectEv
                0x00011254       0x90 Libraries/FEHLCD.o
                0x00011254                FEHIcon::Icon::Select()
 .text._ZN7FEHIcon4Icon8DeselectEv
                0x000112e4       0x8c Libraries/FEHLCD.o
                0x000112e4                FEHIcon::Icon::Deselect()
 .text._ZN7FEHIcon4Icon7PressedEffi
                0x00011370      0x140 Libraries/FEHLCD.o
                0x00011370                FEHIcon::Icon::Pressed(float, float, int)
 .text._ZN7FEHIcon4Icon12WhilePressedEff
                0x000114b0       0x50 Libraries/FEHLCD.o
                0x000114b0                FEHIcon::Icon::WhilePressed(float, float)
 .text._ZN7FEHIcon13DrawIconArrayEPNS_4IconEiiiiiiPA20_cjj
                0x00011500      0x168 Libraries/FEHLCD.o
                0x00011500                FEHIcon::DrawIconArray(FEHIcon::Icon*, int, int, int, int, int, int, char (*) [20], unsigned int, unsigned int)
 .text._Z41__static_initialization_and_destruction_0ii
                0x00011668       0x2c Libraries/FEHLCD.o
 .text._GLOBAL__sub_I_image
                0x00011694       0x10 Libraries/FEHLCD.o
 .text._ZN8FEHAccelC2Ev
                0x000116a4       0x74 Libraries/FEHAccel.o
                0x000116a4                FEHAccel::FEHAccel()
                0x000116a4                FEHAccel::FEHAccel()
 .text._Z41__static_initialization_and_destruction_0ii
                0x00011718       0x2c Libraries/FEHAccel.o
 .text._GLOBAL__sub_I_Accel
                0x00011744       0x10 Libraries/FEHAccel.o
 .text._ZN10FEHBatteryC2EN5FEHIO8FEHIOPinE
                0x00011754       0x22 Libraries/FEHBattery.o
                0x00011754                FEHBattery::FEHBattery(FEHIO::FEHIOPin)
                0x00011754                FEHBattery::FEHBattery(FEHIO::FEHIOPin)
 *fill*         0x00011776        0x2 ff
 .text._Z41__static_initialization_and_destruction_0ii
                0x00011778       0x30 Libraries/FEHBattery.o
 .text._GLOBAL__sub_I_Battery
                0x000117a8       0x10 Libraries/FEHBattery.o
 .text._ZN7FEHXBeeC2Ev
                0x000117b8       0x1a Drivers/FEHXBee.o
                0x000117b8                FEHXBee::FEHXBee()
                0x000117b8                FEHXBee::FEHXBee()
 *fill*         0x000117d2        0x2 ff
 .text._ZN7FEHXBee10InitializeEv
                0x000117d4       0xe0 Drivers/FEHXBee.o
                0x000117d4                FEHXBee::Initialize()
 .text._ZN7FEHXBee13IsInitializedEv
                0x000118b4       0x16 Drivers/FEHXBee.o
                0x000118b4                FEHXBee::IsInitialized()
 *fill*         0x000118ca        0x2 ff
 .text._ZN7FEHXBee17ReceiveDataSearchEPcjh
                0x000118cc       0x8c Drivers/FEHXBee.o
                0x000118cc                FEHXBee::ReceiveDataSearch(char*, unsigned int, unsigned char)
 .text._ZN7FEHXBee8SendDataEPcj
                0x00011958       0x40 Drivers/FEHXBee.o
                0x00011958                FEHXBee::SendData(char*, unsigned int)
 .text._ZN7FEHXBee17SetPacketCallBackEPFvPhhE
                0x00011998       0x20 Drivers/FEHXBee.o
                0x00011998                FEHXBee::SetPacketCallBack(void (*)(unsigned char*, unsigned char))
 .text._Z22UART0_RX_TX_IRQHandlerv
                0x000119b8       0xec Drivers/FEHXBee.o
                0x000119b8                UART0_RX_TX_IRQHandler()
 .text._ZN6FEHRPSC2Ev
                0x00011aa4       0x74 Libraries/FEHRPS.o
                0x00011aa4                FEHRPS::FEHRPS()
                0x00011aa4                FEHRPS::FEHRPS()
 .text._ZN6FEHRPS10InitializeEi
                0x00011b18      0x668 Libraries/FEHRPS.o
                0x00011b18                FEHRPS::Initialize(int)
 .text._ZN6FEHRPS10InitializeEc
                0x00012180       0x46 Libraries/FEHRPS.o
                0x00012180                FEHRPS::Initialize(char)
 *fill*         0x000121c6        0x2 ff
 .text._ZN6FEHRPS19InitializeTouchMenuEv
                0x000121c8      0x3fc Libraries/FEHRPS.o
                0x000121c8                FEHRPS::InitializeTouchMenu()
 .text._ZN6FEHRPS19CurrentRegionLetterEv
                0x000125c4       0x1c Libraries/FEHRPS.o
                0x000125c4                FEHRPS::CurrentRegionLetter()
 .text._ZN6FEHRPS13WaitForPacketEv
                0x000125e0       0x58 Libraries/FEHRPS.o
                0x000125e0                FEHRPS::WaitForPacket()
 .text._ZN6FEHRPS1XEv
                0x00012638       0x1c Libraries/FEHRPS.o
                0x00012638                FEHRPS::X()
 .text._ZN6FEHRPS1YEv
                0x00012654       0x1c Libraries/FEHRPS.o
                0x00012654                FEHRPS::Y()
 .text._Z14RPSDataProcessPhh
                0x00012670      0x148 Libraries/FEHRPS.o
                0x00012670                RPSDataProcess(unsigned char*, unsigned char)
 .text._Z41__static_initialization_and_destruction_0ii
                0x000127b8       0x2c Libraries/FEHRPS.o
 .text._GLOBAL__sub_I_RPS
                0x000127e4       0x10 Libraries/FEHRPS.o
 .text._ZN5FEHSDC2Ev
                0x000127f4       0x24 Libraries/FEHSD.o
                0x000127f4                FEHSD::FEHSD()
                0x000127f4                FEHSD::FEHSD()
 .text._ZN5FEHSD9FCloseAllEv
                0x00012818       0x6c Libraries/FEHSD.o
                0x00012818                FEHSD::FCloseAll()
 .text._Z41__static_initialization_and_destruction_0ii
                0x00012884       0x2c Libraries/FEHSD.o
 .text._GLOBAL__sub_I_SD
                0x000128b0       0x10 Libraries/FEHSD.o
 .text._ZN9FEHRandom10InitializeEv
                0x000128c0       0x40 Libraries/FEHRandom.o
                0x000128c0                FEHRandom::Initialize()
 .text.startup._GLOBAL__sub_I__ZN9__gnu_cxx9__freeresEv
                0x00012900       0x28 o:/fehqt/proteus/gcc/bin/../lib/gcc/arm-none-eabi/9.2.1/../../../../arm-none-eabi/lib/thumb/v7e-m/nofp\libstdc++.a(eh_alloc.o)
 .text          0x00012928      0x378 o:/fehqt/proteus/gcc/bin/../lib/gcc/arm-none-eabi/9.2.1/thumb/v7e-m/nofp\libgcc.a(_arm_addsubdf3.o)
                0x00012928                __aeabi_drsub
                0x00012930                __aeabi_dsub
                0x00012930                __subdf3
                0x00012934                __aeabi_dadd
                0x00012934                __adddf3
                0x00012bac                __floatunsidf
                0x00012bac                __aeabi_ui2d
                0x00012bcc                __floatsidf
                0x00012bcc                __aeabi_i2d
                0x00012bf0                __aeabi_f2d
                0x00012bf0                __extendsfdf2
                0x00012c34                __floatundidf
                0x00012c34                __aeabi_ul2d
                0x00012c44                __floatdidf
                0x00012c44                __aeabi_l2d
 .text          0x00012ca0      0x424 o:/fehqt/proteus/gcc/bin/../lib/gcc/arm-none-eabi/9.2.1/thumb/v7e-m/nofp\libgcc.a(_arm_muldivdf3.o)
                0x00012ca0                __aeabi_dmul
                0x00012ca0                __muldf3
                0x00012ef4                __divdf3
                0x00012ef4                __aeabi_ddiv
 .text          0x000130c4      0x110 o:/fehqt/proteus/gcc/bin/../lib/gcc/arm-none-eabi/9.2.1/thumb/v7e-m/nofp\libgcc.a(_arm_cmpdf2.o)
                0x000130c4                __gtdf2
                0x000130c4                __gedf2
                0x000130cc                __ltdf2
                0x000130cc                __ledf2
                0x000130d4                __nedf2
                0x000130d4                __eqdf2
                0x000130d4                __cmpdf2
                0x00013150                __aeabi_cdrcmple
                0x00013160                __aeabi_cdcmpeq
                0x00013160                __aeabi_cdcmple
                0x00013170                __aeabi_dcmpeq
                0x00013184                __aeabi_dcmplt
                0x00013198                __aeabi_dcmple
                0x000131ac                __aeabi_dcmpge
                0x000131c0                __aeabi_dcmpgt
 .text          0x000131d4       0x50 o:/fehqt/proteus/gcc/bin/../lib/gcc/arm-none-eabi/9.2.1/thumb/v7e-m/nofp\libgcc.a(_arm_fixdfsi.o)
                0x000131d4                __aeabi_d2iz
                0x000131d4                __fixdfsi
 .text          0x00013224       0x40 o:/fehqt/proteus/gcc/bin/../lib/gcc/arm-none-eabi/9.2.1/thumb/v7e-m/nofp\libgcc.a(_arm_fixunsdfsi.o)
                0x00013224                __aeabi_d2uiz
                0x00013224                __fixunsdfsi
 .text          0x00013264       0xa0 o:/fehqt/proteus/gcc/bin/../lib/gcc/arm-none-eabi/9.2.1/thumb/v7e-m/nofp\libgcc.a(_arm_truncdfsf2.o)
                0x00013264                __truncdfsf2
                0x00013264                __aeabi_d2f
 .text          0x00013304      0x21c o:/fehqt/proteus/gcc/bin/../lib/gcc/arm-none-eabi/9.2.1/thumb/v7e-m/nofp\libgcc.a(_arm_addsubsf3.o)
                0x00013304                __aeabi_frsub
                0x0001330c                __subsf3
                0x0001330c                __aeabi_fsub
                0x00013310                __aeabi_fadd
                0x00013310                __addsf3
                0x00013470                __aeabi_ui2f
                0x00013470                __floatunsisf
                0x00013478                __aeabi_i2f
                0x00013478                __floatsisf
                0x00013494                __aeabi_ul2f
                0x00013494                __floatundisf
                0x000134a4                __aeabi_l2f
                0x000134a4                __floatdisf
 .text          0x00013520      0x2a0 o:/fehqt/proteus/gcc/bin/../lib/gcc/arm-none-eabi/9.2.1/thumb/v7e-m/nofp\libgcc.a(_arm_muldivsf3.o)
                0x00013520                __mulsf3
                0x00013520                __aeabi_fmul
                0x00013688                __aeabi_fdiv
                0x00013688                __divsf3
 .text          0x000137c0       0xec o:/fehqt/proteus/gcc/bin/../lib/gcc/arm-none-eabi/9.2.1/thumb/v7e-m/nofp\libgcc.a(_arm_cmpsf2.o)
                0x000137c0                __gesf2
                0x000137c0                __gtsf2
                0x000137c8                __lesf2
                0x000137c8                __ltsf2
                0x000137d0                __nesf2
                0x000137d0                __eqsf2
                0x000137d0                __cmpsf2
                0x00013830                __aeabi_cfrcmple
                0x00013838                __aeabi_cfcmpeq
                0x00013838                __aeabi_cfcmple
                0x00013848                __aeabi_fcmpeq
                0x0001385c                __aeabi_fcmplt
                0x00013870                __aeabi_fcmple
                0x00013884                __aeabi_fcmpge
                0x00013898                __aeabi_fcmpgt
 .text          0x000138ac       0x4c o:/fehqt/proteus/gcc/bin/../lib/gcc/arm-none-eabi/9.2.1/thumb/v7e-m/nofp\libgcc.a(_arm_fixsfsi.o)
                0x000138ac                __aeabi_f2iz
                0x000138ac                __fixsfsi
 .text.__libc_init_array
                0x000138f8       0x48 o:/fehqt/proteus/gcc/bin/../lib/gcc/arm-none-eabi/9.2.1/../../../../arm-none-eabi/lib/thumb/v7e-m/nofp\libg.a(lib_a-init.o)
                0x000138f8                __libc_init_array
 .text.__retarget_lock_acquire_recursive
                0x00013940        0x4 o:/fehqt/proteus/gcc/bin/../lib/gcc/arm-none-eabi/9.2.1/../../../../arm-none-eabi/lib/thumb/v7e-m/nofp\libg.a(lib_a-lock.o)
                0x00013940                __retarget_lock_acquire_recursive
 .text.__retarget_lock_release_recursive
                0x00013944        0x4 o:/fehqt/proteus/gcc/bin/../lib/gcc/arm-none-eabi/9.2.1/../../../../arm-none-eabi/lib/thumb/v7e-m/nofp\libg.a(lib_a-lock.o)
                0x00013944                __retarget_lock_release_recursive
 .text.malloc   0x00013948       0x10 o:/fehqt/proteus/gcc/bin/../lib/gcc/arm-none-eabi/9.2.1/../../../../arm-none-eabi/lib/thumb/v7e-m/nofp\libg.a(lib_a-malloc.o)
                0x00013948                malloc
 .text._malloc_r
                0x00013958      0x574 o:/fehqt/proteus/gcc/bin/../lib/gcc/arm-none-eabi/9.2.1/../../../../arm-none-eabi/lib/thumb/v7e-m/nofp\libg.a(lib_a-mallocr.o)
                0x00013958                _malloc_r
 *fill*         0x00013ecc        0x4 ff
 .text          0x00013ed0       0xa0 o:/fehqt/proteus/gcc/bin/../lib/gcc/arm-none-eabi/9.2.1/../../../../arm-none-eabi/lib/thumb/v7e-m/nofp\libg.a(lib_a-memchr.o)
                0x00013ed0                memchr
 .text          0x00013f70      0x134 o:/fehqt/proteus/gcc/bin/../lib/gcc/arm-none-eabi/9.2.1/../../../../arm-none-eabi/lib/thumb/v7e-m/nofp\libg.a(lib_a-memcpy.o)
                0x00013f70                memcpy
 .text.memmove  0x000140a4       0xd8 o:/fehqt/proteus/gcc/bin/../lib/gcc/arm-none-eabi/9.2.1/../../../../arm-none-eabi/lib/thumb/v7e-m/nofp\libg.a(lib_a-memmove.o)
                0x000140a4                memmove
 .text.memset   0x0001417c       0xa0 o:/fehqt/proteus/gcc/bin/../lib/gcc/arm-none-eabi/9.2.1/../../../../arm-none-eabi/lib/thumb/v7e-m/nofp\libg.a(lib_a-memset.o)
                0x0001417c                memset
 .text.__malloc_lock
                0x0001421c        0xc o:/fehqt/proteus/gcc/bin/../lib/gcc/arm-none-eabi/9.2.1/../../../../arm-none-eabi/lib/thumb/v7e-m/nofp\libg.a(lib_a-mlock.o)
                0x0001421c                __malloc_lock
 .text.__malloc_unlock
                0x00014228        0xc o:/fehqt/proteus/gcc/bin/../lib/gcc/arm-none-eabi/9.2.1/../../../../arm-none-eabi/lib/thumb/v7e-m/nofp\libg.a(lib_a-mlock.o)
                0x00014228                __malloc_unlock
 .text._realloc_r
                0x00014234      0x3e0 o:/fehqt/proteus/gcc/bin/../lib/gcc/arm-none-eabi/9.2.1/../../../../arm-none-eabi/lib/thumb/v7e-m/nofp\libg.a(lib_a-reallocr.o)
                0x00014234                _realloc_r
 .text._sbrk_r  0x00014614       0x24 o:/fehqt/proteus/gcc/bin/../lib/gcc/arm-none-eabi/9.2.1/../../../../arm-none-eabi/lib/thumb/v7e-m/nofp\libg.a(lib_a-sbrkr.o)
                0x00014614                _sbrk_r
 .text.sprintf  0x00014638       0x44 o:/fehqt/proteus/gcc/bin/../lib/gcc/arm-none-eabi/9.2.1/../../../../arm-none-eabi/lib/thumb/v7e-m/nofp\libg.a(lib_a-sprintf.o)
                0x00014638                sprintf
 .text.strcpy   0x0001467c       0xbc o:/fehqt/proteus/gcc/bin/../lib/gcc/arm-none-eabi/9.2.1/../../../../arm-none-eabi/lib/thumb/v7e-m/nofp\libg.a(lib_a-strcpy.o)
                0x0001467c                strcpy
 *fill*         0x00014738        0x8 ff
 .text          0x00014740       0xdc o:/fehqt/proteus/gcc/bin/../lib/gcc/arm-none-eabi/9.2.1/../../../../arm-none-eabi/lib/thumb/v7e-m/nofp\libg.a(lib_a-strlen.o)
                0x00014740                strlen
 .text._svfprintf_r
                0x0001481c     0x1acc o:/fehqt/proteus/gcc/bin/../lib/gcc/arm-none-eabi/9.2.1/../../../../arm-none-eabi/lib/thumb/v7e-m/nofp\libg.a(lib_a-svfprintf.o)
                0x0001481c                _svfprintf_r
 .text.startup.register_fini
                0x000162e8       0x14 o:/fehqt/proteus/gcc/bin/../lib/gcc/arm-none-eabi/9.2.1/../../../../arm-none-eabi/lib/thumb/v7e-m/nofp\libg.a(lib_a-__call_atexit.o)
 .text.atexit   0x000162fc        0xc o:/fehqt/proteus/gcc/bin/../lib/gcc/arm-none-eabi/9.2.1/../../../../arm-none-eabi/lib/thumb/v7e-m/nofp\libg.a(lib_a-atexit.o)
                0x000162fc                atexit
 .text.quorem   0x00016308      0x11c o:/fehqt/proteus/gcc/bin/../lib/gcc/arm-none-eabi/9.2.1/../../../../arm-none-eabi/lib/thumb/v7e-m/nofp\libg.a(lib_a-dtoa.o)
 *fill*         0x00016424        0x4 ff
 .text._dtoa_r  0x00016428      0xeb8 o:/fehqt/proteus/gcc/bin/../lib/gcc/arm-none-eabi/9.2.1/../../../../arm-none-eabi/lib/thumb/v7e-m/nofp\libg.a(lib_a-dtoa.o)
                0x00016428                _dtoa_r
 .text.__libc_fini_array
                0x000172e0       0x2c o:/fehqt/proteus/gcc/bin/../lib/gcc/arm-none-eabi/9.2.1/../../../../arm-none-eabi/lib/thumb/v7e-m/nofp\libg.a(lib_a-fini.o)
                0x000172e0                __libc_fini_array
 .text._malloc_trim_r
                0x0001730c       0xa0 o:/fehqt/proteus/gcc/bin/../lib/gcc/arm-none-eabi/9.2.1/../../../../arm-none-eabi/lib/thumb/v7e-m/nofp\libg.a(lib_a-freer.o)
                0x0001730c                _malloc_trim_r
 .text._free_r  0x000173ac      0x208 o:/fehqt/proteus/gcc/bin/../lib/gcc/arm-none-eabi/9.2.1/../../../../arm-none-eabi/lib/thumb/v7e-m/nofp\libg.a(lib_a-freer.o)
                0x000173ac                _free_r
 .text._localeconv_r
                0x000175b4        0x8 o:/fehqt/proteus/gcc/bin/../lib/gcc/arm-none-eabi/9.2.1/../../../../arm-none-eabi/lib/thumb/v7e-m/nofp\libg.a(lib_a-localeconv.o)
                0x000175b4                _localeconv_r
 .text._Balloc  0x000175bc       0x4c o:/fehqt/proteus/gcc/bin/../lib/gcc/arm-none-eabi/9.2.1/../../../../arm-none-eabi/lib/thumb/v7e-m/nofp\libg.a(lib_a-mprec.o)
                0x000175bc                _Balloc
 .text._Bfree   0x00017608       0x14 o:/fehqt/proteus/gcc/bin/../lib/gcc/arm-none-eabi/9.2.1/../../../../arm-none-eabi/lib/thumb/v7e-m/nofp\libg.a(lib_a-mprec.o)
                0x00017608                _Bfree
 .text.__multadd
                0x0001761c       0x80 o:/fehqt/proteus/gcc/bin/../lib/gcc/arm-none-eabi/9.2.1/../../../../arm-none-eabi/lib/thumb/v7e-m/nofp\libg.a(lib_a-mprec.o)
                0x0001761c                __multadd
 .text.__hi0bits
                0x0001769c       0x40 o:/fehqt/proteus/gcc/bin/../lib/gcc/arm-none-eabi/9.2.1/../../../../arm-none-eabi/lib/thumb/v7e-m/nofp\libg.a(lib_a-mprec.o)
                0x0001769c                __hi0bits
 .text.__lo0bits
                0x000176dc       0x60 o:/fehqt/proteus/gcc/bin/../lib/gcc/arm-none-eabi/9.2.1/../../../../arm-none-eabi/lib/thumb/v7e-m/nofp\libg.a(lib_a-mprec.o)
                0x000176dc                __lo0bits
 .text.__i2b    0x0001773c       0x14 o:/fehqt/proteus/gcc/bin/../lib/gcc/arm-none-eabi/9.2.1/../../../../arm-none-eabi/lib/thumb/v7e-m/nofp\libg.a(lib_a-mprec.o)
                0x0001773c                __i2b
 .text.__multiply
                0x00017750      0x144 o:/fehqt/proteus/gcc/bin/../lib/gcc/arm-none-eabi/9.2.1/../../../../arm-none-eabi/lib/thumb/v7e-m/nofp\libg.a(lib_a-mprec.o)
                0x00017750                __multiply
 .text.__pow5mult
                0x00017894       0xa0 o:/fehqt/proteus/gcc/bin/../lib/gcc/arm-none-eabi/9.2.1/../../../../arm-none-eabi/lib/thumb/v7e-m/nofp\libg.a(lib_a-mprec.o)
                0x00017894                __pow5mult
 .text.__lshift
                0x00017934       0xd4 o:/fehqt/proteus/gcc/bin/../lib/gcc/arm-none-eabi/9.2.1/../../../../arm-none-eabi/lib/thumb/v7e-m/nofp\libg.a(lib_a-mprec.o)
                0x00017934                __lshift
 .text.__mcmp   0x00017a08       0x3c o:/fehqt/proteus/gcc/bin/../lib/gcc/arm-none-eabi/9.2.1/../../../../arm-none-eabi/lib/thumb/v7e-m/nofp\libg.a(lib_a-mprec.o)
                0x00017a08                __mcmp
 .text.__mdiff  0x00017a44      0x138 o:/fehqt/proteus/gcc/bin/../lib/gcc/arm-none-eabi/9.2.1/../../../../arm-none-eabi/lib/thumb/v7e-m/nofp\libg.a(lib_a-mprec.o)
                0x00017a44                __mdiff
 .text.__d2b    0x00017b7c       0xa8 o:/fehqt/proteus/gcc/bin/../lib/gcc/arm-none-eabi/9.2.1/../../../../arm-none-eabi/lib/thumb/v7e-m/nofp\libg.a(lib_a-mprec.o)
                0x00017b7c                __d2b
 .text.frexp    0x00017c24       0x70 o:/fehqt/proteus/gcc/bin/../lib/gcc/arm-none-eabi/9.2.1/../../../../arm-none-eabi/lib/thumb/v7e-m/nofp\libg.a(lib_a-s_frexp.o)
                0x00017c24                frexp
 .text.strncpy  0x00017c94       0x68 o:/fehqt/proteus/gcc/bin/../lib/gcc/arm-none-eabi/9.2.1/../../../../arm-none-eabi/lib/thumb/v7e-m/nofp\libg.a(lib_a-strncpy.o)
                0x00017c94                strncpy
 .text.__ssprint_r
                0x00017cfc       0xf8 o:/fehqt/proteus/gcc/bin/../lib/gcc/arm-none-eabi/9.2.1/../../../../arm-none-eabi/lib/thumb/v7e-m/nofp\libg.a(lib_a-svfiprintf.o)
                0x00017cfc                __ssprint_r
 .text.__register_exitproc
                0x00017df4       0x8c o:/fehqt/proteus/gcc/bin/../lib/gcc/arm-none-eabi/9.2.1/../../../../arm-none-eabi/lib/thumb/v7e-m/nofp\libg.a(lib_a-__atexit.o)
                0x00017df4                __register_exitproc
 .text._calloc_r
                0x00017e80       0x60 o:/fehqt/proteus/gcc/bin/../lib/gcc/arm-none-eabi/9.2.1/../../../../arm-none-eabi/lib/thumb/v7e-m/nofp\libg.a(lib_a-callocr.o)
                0x00017e80                _calloc_r
 .text.__ascii_mbtowc
                0x00017ee0       0x2c o:/fehqt/proteus/gcc/bin/../lib/gcc/arm-none-eabi/9.2.1/../../../../arm-none-eabi/lib/thumb/v7e-m/nofp\libg.a(lib_a-mbtowc_r.o)
                0x00017ee0                __ascii_mbtowc
 .text.__ascii_wctomb
                0x00017f0c       0x1c o:/fehqt/proteus/gcc/bin/../lib/gcc/arm-none-eabi/9.2.1/../../../../arm-none-eabi/lib/thumb/v7e-m/nofp\libg.a(lib_a-wctomb_r.o)
                0x00017f0c                __ascii_wctomb
 .text          0x00017f28       0x2c o:/fehqt/proteus/gcc/bin/../lib/gcc/arm-none-eabi/9.2.1/thumb/v7e-m/nofp\libgcc.a(_arm_unorddf2.o)
                0x00017f28                __unorddf2
                0x00017f28                __aeabi_dcmpun
 .text          0x00017f54       0x30 o:/fehqt/proteus/gcc/bin/../lib/gcc/arm-none-eabi/9.2.1/thumb/v7e-m/nofp\libgcc.a(_aeabi_uldivmod.o)
                0x00017f54                __aeabi_uldivmod
 .text          0x00017f84      0x2c0 o:/fehqt/proteus/gcc/bin/../lib/gcc/arm-none-eabi/9.2.1/thumb/v7e-m/nofp\libgcc.a(_udivmoddi4.o)
                0x00017f84                __udivmoddi4
 .text          0x00018244        0x4 o:/fehqt/proteus/gcc/bin/../lib/gcc/arm-none-eabi/9.2.1/thumb/v7e-m/nofp\libgcc.a(_dvmd_tls.o)
                0x00018244                __aeabi_idiv0
                0x00018244                __aeabi_ldiv0
 .text._sbrk    0x00018248       0x1c o:/fehqt/proteus/gcc/bin/../lib/gcc/arm-none-eabi/9.2.1/../../../../arm-none-eabi/lib/thumb/v7e-m/nofp\libnosys.a(sbrk.o)
                0x00018248                _sbrk
 *(.rodata .rodata.* .constdata .constdata.*)
 .rodata        0x00018264      0x113 ../main.o
 *fill*         0x00018377        0x1 ff
 .rodata.K60_SDHC0_init
                0x00018378        0xc Drivers/SDHC.o
                0x00018378                K60_SDHC0_init
 .rodata._ZL21ESDHC_COMMAND_XFERTYP
                0x00018384      0x100 Drivers/SDHC.o
 .rodata._ZL9GPIOPorts
                0x00018484       0x20 Libraries/FEHIO.o
 .rodata._ZL10ADCNumbers
                0x000184a4       0x21 Libraries/FEHIO.o
 *fill*         0x000184c5        0x3 ff
 .rodata._ZL14GPIOPinNumbers
                0x000184c8       0x80 Libraries/FEHIO.o
 .rodata._ZL16AnalogPinNumbers
                0x00018548       0x84 Libraries/FEHIO.o
 .rodata        0x000185cc       0x58 Libraries/FEHIO.o
 .rodata        0x00018624       0x32 Libraries/FEHLCD.o
 *fill*         0x00018656        0x2 ff
 .rodata        0x00018658      0x2ec Libraries/FEHRPS.o
 .rodata._global_impure_ptr
                0x00018944        0x4 o:/fehqt/proteus/gcc/bin/../lib/gcc/arm-none-eabi/9.2.1/../../../../arm-none-eabi/lib/thumb/v7e-m/nofp\libg.a(lib_a-impure.o)
                0x00018944                _global_impure_ptr
 .rodata._svfprintf_r.str1.4
                0x00018948       0x42 o:/fehqt/proteus/gcc/bin/../lib/gcc/arm-none-eabi/9.2.1/../../../../arm-none-eabi/lib/thumb/v7e-m/nofp\libg.a(lib_a-svfprintf.o)
 *fill*         0x0001898a        0x2 ff
 .rodata.blanks.7345
                0x0001898c       0x10 o:/fehqt/proteus/gcc/bin/../lib/gcc/arm-none-eabi/9.2.1/../../../../arm-none-eabi/lib/thumb/v7e-m/nofp\libg.a(lib_a-svfprintf.o)
 .rodata.zeroes.7346
                0x0001899c       0x10 o:/fehqt/proteus/gcc/bin/../lib/gcc/arm-none-eabi/9.2.1/../../../../arm-none-eabi/lib/thumb/v7e-m/nofp\libg.a(lib_a-svfprintf.o)
 .rodata._dtoa_r.str1.4
                0x000189ac        0xd o:/fehqt/proteus/gcc/bin/../lib/gcc/arm-none-eabi/9.2.1/../../../../arm-none-eabi/lib/thumb/v7e-m/nofp\libg.a(lib_a-dtoa.o)
                                 0x12 (size before relaxing)
 *fill*         0x000189b9        0x7 ff
 .rodata.__mprec_bigtens
                0x000189c0       0x28 o:/fehqt/proteus/gcc/bin/../lib/gcc/arm-none-eabi/9.2.1/../../../../arm-none-eabi/lib/thumb/v7e-m/nofp\libg.a(lib_a-mprec.o)
                0x000189c0                __mprec_bigtens
 .rodata.__mprec_tens
                0x000189e8       0xc8 o:/fehqt/proteus/gcc/bin/../lib/gcc/arm-none-eabi/9.2.1/../../../../arm-none-eabi/lib/thumb/v7e-m/nofp\libg.a(lib_a-mprec.o)
                0x000189e8                __mprec_tens
 .rodata.p05.6115
                0x00018ab0        0xc o:/fehqt/proteus/gcc/bin/../lib/gcc/arm-none-eabi/9.2.1/../../../../arm-none-eabi/lib/thumb/v7e-m/nofp\libg.a(lib_a-mprec.o)
 .rodata._ctype_
                0x00018abc      0x101 o:/fehqt/proteus/gcc/bin/../lib/gcc/arm-none-eabi/9.2.1/../../../../arm-none-eabi/lib/thumb/v7e-m/nofp\libg.a(lib_a-ctype_.o)
                0x00018abc                _ctype_
 *fill*         0x00018bbd        0x3 ff
 .rodata._setlocale_r.str1.4
                0x00018bc0        0xa o:/fehqt/proteus/gcc/bin/../lib/gcc/arm-none-eabi/9.2.1/../../../../arm-none-eabi/lib/thumb/v7e-m/nofp\libg.a(lib_a-locale.o)
                                  0xd (size before relaxing)
 *fill*         0x00018bca        0x2 ff
 .rodata.str1.4
                0x00018bcc        0x2 o:/fehqt/proteus/gcc/bin/../lib/gcc/arm-none-eabi/9.2.1/../../../../arm-none-eabi/lib/thumb/v7e-m/nofp\libg.a(lib_a-locale.o)
                0x00018bd0                . = ALIGN (0x4)
 *fill*         0x00018bce        0x2 ff
                0x00018bd0                . = ALIGN (0x4)
 *(.init)
 .init          0x00018bd0        0x4 o:/fehqt/proteus/gcc/bin/../lib/gcc/arm-none-eabi/9.2.1/thumb/v7e-m/nofp/crti.o
                0x00018bd0                _init
 .init          0x00018bd4        0x8 o:/fehqt/proteus/gcc/bin/../lib/gcc/arm-none-eabi/9.2.1/thumb/v7e-m/nofp/crtn.o
                0x00018bdc                . = ALIGN (0x4)
                0x00018bdc                __preinit_array_start = .
 *(.preinit_array)
                0x00018bdc                __preinit_array_end = .
                0x00018bdc                . = ALIGN (0x4)
                0x00018bdc                __init_array_start = .
 *(SORT_BY_NAME(.init_array.*))
 .init_array.00000
                0x00018bdc        0x4 o:/fehqt/proteus/gcc/bin/../lib/gcc/arm-none-eabi/9.2.1/../../../../arm-none-eabi/lib/thumb/v7e-m/nofp\libg.a(lib_a-__call_atexit.o)
 *(.init_array)
 .init_array    0x00018be0        0x4 o:/fehqt/proteus/gcc/bin/../lib/gcc/arm-none-eabi/9.2.1/thumb/v7e-m/nofp/crtbegin.o
 .init_array    0x00018be4        0x4 ../main.o
 .init_array    0x00018be8        0x4 FEHProteus.o
 .init_array    0x00018bec        0x4 Libraries/FEHBuzzer.o
 .init_array    0x00018bf0        0x4 Libraries/FEHLCD.o
 .init_array    0x00018bf4        0x4 Libraries/FEHAccel.o
 .init_array    0x00018bf8        0x4 Libraries/FEHBattery.o
 .init_array    0x00018bfc        0x4 Libraries/FEHRPS.o
 .init_array    0x00018c00        0x4 Libraries/FEHSD.o
 .init_array    0x00018c04        0x4 o:/fehqt/proteus/gcc/bin/../lib/gcc/arm-none-eabi/9.2.1/../../../../arm-none-eabi/lib/thumb/v7e-m/nofp\libstdc++.a(eh_alloc.o)
                0x00018c08                __init_array_end = .
 *(.fini)
 .fini          0x00018c08        0x4 o:/fehqt/proteus/gcc/bin/../lib/gcc/arm-none-eabi/9.2.1/thumb/v7e-m/nofp/crti.o
                0x00018c08                _fini
 .fini          0x00018c0c        0x8 o:/fehqt/proteus/gcc/bin/../lib/gcc/arm-none-eabi/9.2.1/thumb/v7e-m/nofp/crtn.o
                0x00018c14                . = ALIGN (0x4)
 *crtbegin.o(.ctors)
 *(EXCLUDE_FILE(*crtend.o) .ctors)
 *(SORT_BY_NAME(.ctors.*))
 *crtend.o(.ctors)
                0x00018c14                . = ALIGN (0x4)
 *crtbegin.o(.dtors)
 *(EXCLUDE_FILE(*crtend.o) .dtors)
 *(SORT_BY_NAME(.dtors.*))
 *crtend.o(.dtors)
                0x00018c14                . = ALIGN (0x4)

.glue_7         0x00018c14        0x0
 .glue_7        0x00018c14        0x0 linker stubs

.glue_7t        0x00018c14        0x0
 .glue_7t       0x00018c14        0x0 linker stubs

.vfp11_veneer   0x00018c14        0x0
 .vfp11_veneer  0x00018c14        0x0 linker stubs

.v4_bx          0x00018c14        0x0
 .v4_bx         0x00018c14        0x0 linker stubs

.iplt           0x00018c14        0x0
 .iplt          0x00018c14        0x0 o:/fehqt/proteus/gcc/bin/../lib/gcc/arm-none-eabi/9.2.1/thumb/v7e-m/nofp/crtbegin.o

.ARM.extab
 *(.ARM.extab* .gnu.linkonce.armextab.*)
                0x00018c14                __exidx_start = .

.ARM.exidx      0x00018c14        0x8
 *(.ARM.exidx* .gnu.linkonce.armexidx.*)
 .ARM.exidx.text.startup._GLOBAL__sub_I__ZN9__gnu_cxx9__freeresEv
                0x00018c14        0x8 o:/fehqt/proteus/gcc/bin/../lib/gcc/arm-none-eabi/9.2.1/../../../../arm-none-eabi/lib/thumb/v7e-m/nofp\libstdc++.a(eh_alloc.o)
 .ARM.exidx     0x00018c1c        0x0 o:/fehqt/proteus/gcc/bin/../lib/gcc/arm-none-eabi/9.2.1/thumb/v7e-m/nofp\libgcc.a(_udivmoddi4.o)
                                  0x8 (size before relaxing)
                0x00018c1c                __exidx_end = .
                0x00018c1c                _etext = .

.eh_frame       0x00018c1c        0x0
 .eh_frame      0x00018c1c        0x0 o:/fehqt/proteus/gcc/bin/../lib/gcc/arm-none-eabi/9.2.1/thumb/v7e-m/nofp/crtbegin.o

.rel.dyn        0x00018c1c        0x0
 .rel.iplt      0x00018c1c        0x0 o:/fehqt/proteus/gcc/bin/../lib/gcc/arm-none-eabi/9.2.1/thumb/v7e-m/nofp/crtbegin.o

.m_usb_data
 *(m_usb_bdt)

.data_RAM2      0x1fff0000        0x0 load address 0x00018c1c
 FILL mask 0xff
                [!provide]                PROVIDE (__start_data_RAM2 = .)
 *(.ramfunc.$RAM2)
 *(.ramfunc.$SRAM_LOWER)
 *(.EXTRA_RAM)
 *(.data.$RAM2)
 *(.data.$SRAM_LOWER)
 *(.data.$RAM2.*)
 *(.data.$SRAM_LOWER.*)
                0x1fff0000                . = ALIGN (0x4)
                [!provide]                PROVIDE (__end_data_RAM2 = .)

.uninit_RESERVED
                0x20000000        0x0
                0x20000000                . = ALIGN (0x4)
 *(.bss.$RESERVED*)
                0x20000000                . = ALIGN (0x4)
                0x20000000                _end_uninit_RESERVED = .

.data           0x20000000     0x16c8 load address 0x00018c1c
 FILL mask 0xff
                0x20000000                _data = .
 *(vtable)
 *(.ramfunc*)
 *(CodeQuickAccess)
 *(DataQuickAccess)
 *(RamFunction)
 *(.data*)
 .data._ZL4Stat
                0x20000000        0x1 Drivers/SDHC.o
 *fill*         0x20000001        0x3 ff
 .data.image    0x20000004      0x74e Libraries/FEHLCD.o
                0x20000004                image
 *fill*         0x20000752        0x2 ff
 .data.logo     0x20000754      0x3e6 Libraries/FEHLCD.o
                0x20000754                logo
 *fill*         0x20000b3a        0x2 ff
 .data._ZN6FEHLCD8fontDataE
                0x20000b3c      0x1e0 Libraries/FEHLCD.o
                0x20000b3c                FEHLCD::fontData
 .data._impure_ptr
                0x20000d1c        0x4 o:/fehqt/proteus/gcc/bin/../lib/gcc/arm-none-eabi/9.2.1/../../../../arm-none-eabi/lib/thumb/v7e-m/nofp\libg.a(lib_a-impure.o)
                0x20000d1c                _impure_ptr
 .data.impure_data
                0x20000d20      0x428 o:/fehqt/proteus/gcc/bin/../lib/gcc/arm-none-eabi/9.2.1/../../../../arm-none-eabi/lib/thumb/v7e-m/nofp\libg.a(lib_a-impure.o)
 .data.__malloc_av_
                0x20001148      0x408 o:/fehqt/proteus/gcc/bin/../lib/gcc/arm-none-eabi/9.2.1/../../../../arm-none-eabi/lib/thumb/v7e-m/nofp\libg.a(lib_a-mallocr.o)
                0x20001148                __malloc_av_
 .data.__malloc_sbrk_base
                0x20001550        0x4 o:/fehqt/proteus/gcc/bin/../lib/gcc/arm-none-eabi/9.2.1/../../../../arm-none-eabi/lib/thumb/v7e-m/nofp\libg.a(lib_a-mallocr.o)
                0x20001550                __malloc_sbrk_base
 .data.__malloc_trim_threshold
                0x20001554        0x4 o:/fehqt/proteus/gcc/bin/../lib/gcc/arm-none-eabi/9.2.1/../../../../arm-none-eabi/lib/thumb/v7e-m/nofp\libg.a(lib_a-mallocr.o)
                0x20001554                __malloc_trim_threshold
 .data.__atexit_recursive_mutex
                0x20001558        0x4 o:/fehqt/proteus/gcc/bin/../lib/gcc/arm-none-eabi/9.2.1/../../../../arm-none-eabi/lib/thumb/v7e-m/nofp\libg.a(lib_a-__call_atexit.o)
                0x20001558                __atexit_recursive_mutex
 .data.__global_locale
                0x2000155c      0x16c o:/fehqt/proteus/gcc/bin/../lib/gcc/arm-none-eabi/9.2.1/../../../../arm-none-eabi/lib/thumb/v7e-m/nofp\libg.a(lib_a-locale.o)
                0x2000155c                __global_locale
                0x200016c8                . = ALIGN (0x4)
                0x200016c8                _edata = .

.igot.plt       0x200016c8        0x0 load address 0x0001a2e4
 .igot.plt      0x200016c8        0x0 o:/fehqt/proteus/gcc/bin/../lib/gcc/arm-none-eabi/9.2.1/thumb/v7e-m/nofp/crtbegin.o

.bss_RAM2       0x1fff0000        0x0
                0x1fff0000                . = ALIGN (0x4)
                [!provide]                PROVIDE (__start_bss_RAM2 = .)
 *(.bss.$RAM2)
 *(.bss.$SRAM_LOWER)
 *(.bss.$RAM2.*)
 *(.bss.$SRAM_LOWER.*)
                0x1fff0000                . = ALIGN ((. != 0x0)?0x4:0x1)
                [!provide]                PROVIDE (__end_bss_RAM2 = .)

.bss            0x200016c8      0x4a4
                0x200016c8                . = ALIGN (0x4)
                0x200016c8                _bss = .
 *(.bss*)
 .bss           0x200016c8       0x1c o:/fehqt/proteus/gcc/bin/../lib/gcc/arm-none-eabi/9.2.1/thumb/v7e-m/nofp/crtbegin.o
 .bss.motor1    0x200016e4        0x8 ../main.o
                0x200016e4                motor1
 .bss.motor2    0x200016ec        0x8 ../main.o
                0x200016ec                motor2
 .bss.motor3    0x200016f4        0x8 ../main.o
                0x200016f4                motor3
 .bss.motor1_encoder
                0x200016fc        0x1 ../main.o
                0x200016fc                motor1_encoder
 *fill*         0x200016fd        0x3 
 .bss.motor2_encoder
                0x20001700        0x1 ../main.o
                0x20001700                motor2_encoder
 *fill*         0x20001701        0x3 
 .bss.motor3_encoder
                0x20001704        0x1 ../main.o
                0x20001704                motor3_encoder
 *fill*         0x20001705        0x3 
 .bss.jukebox_servo
                0x20001708        0xc ../main.o
                0x20001708                jukebox_servo
 .bss.arm_servo
                0x20001714        0xc ../main.o
                0x20001714                arm_servo
 .bss.CdS_cell  0x20001720        0x1 ../main.o
                0x20001720                CdS_cell
 .bss.MasterTransmission
                0x20001721        0x1 Drivers/i2c.o
                0x20001721                MasterTransmission
 .bss.SlaveID   0x20001722        0x1 Drivers/i2c.o
                0x20001722                SlaveID
 .bss.timeout   0x20001723        0x1 Drivers/i2c.o
                0x20001723                timeout
 .bss.SDHC_Card
                0x20001724       0x14 Drivers/SDHC.o
                0x20001724                SDHC_Card
 .bss.SDHC_Info
                0x20001738      0x204 Drivers/SDHC.o
                0x20001738                SDHC_Info
 .bss.SDHC_Device
                0x2000193c        0x8 Drivers/SDHC.o
                0x2000193c                SDHC_Device
 .bss.Propeller
                0x20001944        0x1 FEHProteus.o
                0x20001944                Propeller
 *fill*         0x20001945        0x3 
 .bss.CoreClockKHz
                0x20001948        0x4 FEHProteus.o
                0x20001948                CoreClockKHz
 .bss.CoreClockMHz
                0x2000194c        0x4 FEHProteus.o
                0x2000194c                CoreClockMHz
 .bss.PeripheralClockKHz
                0x20001950        0x4 FEHProteus.o
                0x20001950                PeripheralClockKHz
 .bss._ZN14AnalogInputPin17Master_Adc_ConfigE
                0x20001954       0x10 Libraries/FEHIO.o
                0x20001954                AnalogInputPin::Master_Adc_Config
 .bss._ZN14AnalogInputPin18Encoder_Adc_ConfigE
                0x20001964       0x10 Libraries/FEHIO.o
                0x20001964                AnalogInputPin::Encoder_Adc_Config
 .bss.interrupt_counts
                0x20001974       0x80 Libraries/FEHIO.o
                0x20001974                interrupt_counts
 .bss._ZN13AnalogEncoder7pinListE
                0x200019f4        0x4 Libraries/FEHIO.o
                0x200019f4                AnalogEncoder::pinList
 .bss.__interrupt_counter
                0x200019f8        0x4 Libraries/FEHIO.o
                0x200019f8                __interrupt_counter
 .bss.Buzzer    0x200019fc        0x1 Libraries/FEHBuzzer.o
                0x200019fc                Buzzer
 *fill*         0x200019fd        0x3 
 .bss.LCD       0x20001a00       0x44 Libraries/FEHLCD.o
                0x20001a00                LCD
 .bss.initialized
                0x20001a44        0x1 Libraries/FEHLCD.o
                0x20001a44                initialized
 *fill*         0x20001a45        0x3 
 .bss.Accel     0x20001a48        0x1 Libraries/FEHAccel.o
                0x20001a48                Accel
 *fill*         0x20001a49        0x3 
 .bss.Battery   0x20001a4c        0x1 Libraries/FEHBattery.o
                0x20001a4c                Battery
 *fill*         0x20001a4d        0x3 
 .bss.XBeeDataProcess
                0x20001a50        0x4 Drivers/FEHXBee.o
                0x20001a50                XBeeDataProcess
 .bss._xbeebuffer
                0x20001a54       0x10 Drivers/FEHXBee.o
                0x20001a54                _xbeebuffer
 .bss._xbeebufferindex
                0x20001a64        0x1 Drivers/FEHXBee.o
                0x20001a64                _xbeebufferindex
 .bss._xbeestate
                0x20001a65        0x1 Drivers/FEHXBee.o
                0x20001a65                _xbeestate
 .bss._xbeebytereceived
                0x20001a66        0x1 Drivers/FEHXBee.o
                0x20001a66                _xbeebytereceived
 .bss._xbeebyte
                0x20001a67        0x1 Drivers/FEHXBee.o
                0x20001a67                _xbeebyte
 .bss.RPS       0x20001a68        0x8 Libraries/FEHRPS.o
                0x20001a68                RPS
 .bss._enabled  0x20001a70        0x1 Libraries/FEHRPS.o
                0x20001a70                _enabled
 *fill*         0x20001a71        0x3 
 .bss._RPS_x    0x20001a74        0x4 Libraries/FEHRPS.o
                0x20001a74                _RPS_x
 .bss._RPS_y    0x20001a78        0x4 Libraries/FEHRPS.o
                0x20001a78                _RPS_y
 .bss._RPS_heading
                0x20001a7c        0x4 Libraries/FEHRPS.o
                0x20001a7c                _RPS_heading
 .bss._RPS_objective
                0x20001a80        0x4 Libraries/FEHRPS.o
                0x20001a80                _RPS_objective
 .bss._RPS_time
                0x20001a84        0x1 Libraries/FEHRPS.o
                0x20001a84                _RPS_time
 .bss._RPS_stop
                0x20001a85        0x1 Libraries/FEHRPS.o
                0x20001a85                _RPS_stop
 .bss._RPS_foundpacket
                0x20001a86        0x1 Libraries/FEHRPS.o
                0x20001a86                _RPS_foundpacket
 *fill*         0x20001a87        0x1 
 .bss.SD        0x20001a88        0x8 Libraries/FEHSD.o
                0x20001a88                SD
 .bss.f_res     0x20001a90        0x1 Libraries/FEHSD.o
                0x20001a90                f_res
 *fill*         0x20001a91        0x3 
 .bss.filePtrs  0x20001a94       0x64 Libraries/FEHSD.o
                0x20001a94                filePtrs
 .bss.Random    0x20001af8        0x1 Libraries/FEHRandom.o
                0x20001af8                Random
 *fill*         0x20001af9        0x3 
 .bss._ZN12_GLOBAL__N_114emergency_poolE
                0x20001afc       0x10 o:/fehqt/proteus/gcc/bin/../lib/gcc/arm-none-eabi/9.2.1/../../../../arm-none-eabi/lib/thumb/v7e-m/nofp\libstdc++.a(eh_alloc.o)
 .bss.__malloc_current_mallinfo
                0x20001b0c       0x28 o:/fehqt/proteus/gcc/bin/../lib/gcc/arm-none-eabi/9.2.1/../../../../arm-none-eabi/lib/thumb/v7e-m/nofp\libg.a(lib_a-mallocr.o)
                0x20001b0c                __malloc_current_mallinfo
 .bss.__malloc_max_sbrked_mem
                0x20001b34        0x4 o:/fehqt/proteus/gcc/bin/../lib/gcc/arm-none-eabi/9.2.1/../../../../arm-none-eabi/lib/thumb/v7e-m/nofp\libg.a(lib_a-mallocr.o)
                0x20001b34                __malloc_max_sbrked_mem
 .bss.__malloc_max_total_mem
                0x20001b38        0x4 o:/fehqt/proteus/gcc/bin/../lib/gcc/arm-none-eabi/9.2.1/../../../../arm-none-eabi/lib/thumb/v7e-m/nofp\libg.a(lib_a-mallocr.o)
                0x20001b38                __malloc_max_total_mem
 .bss.__malloc_top_pad
                0x20001b3c        0x4 o:/fehqt/proteus/gcc/bin/../lib/gcc/arm-none-eabi/9.2.1/../../../../arm-none-eabi/lib/thumb/v7e-m/nofp\libg.a(lib_a-mallocr.o)
                0x20001b3c                __malloc_top_pad
 .bss.heap_end.4144
                0x20001b40        0x4 o:/fehqt/proteus/gcc/bin/../lib/gcc/arm-none-eabi/9.2.1/../../../../arm-none-eabi/lib/thumb/v7e-m/nofp\libnosys.a(sbrk.o)
 *(COMMON)
 COMMON         0x20001b44       0x21 o:/fehqt/proteus/gcc/bin/../lib/gcc/arm-none-eabi/9.2.1/../../../../arm-none-eabi/lib/thumb/v7e-m/nofp\libg.a(lib_a-lock.o)
                0x20001b44                __lock___atexit_recursive_mutex
                0x20001b48                __lock___arc4random_mutex
                0x20001b4c                __lock___env_recursive_mutex
                0x20001b50                __lock___sinit_recursive_mutex
                0x20001b54                __lock___malloc_recursive_mutex
                0x20001b58                __lock___at_quick_exit_mutex
                0x20001b5c                __lock___dd_hash_mutex
                0x20001b60                __lock___tz_mutex
                0x20001b64                __lock___sfp_recursive_mutex
 *fill*         0x20001b65        0x3 
 COMMON         0x20001b68        0x4 o:/fehqt/proteus/gcc/bin/../lib/gcc/arm-none-eabi/9.2.1/../../../../arm-none-eabi/lib/thumb/v7e-m/nofp\libg.a(lib_a-reent.o)
                0x20001b68                errno
                0x20001b6c                . = ALIGN (0x4)
                0x20001b6c                _ebss = .
                0x20001b6c                PROVIDE (end = .)

.noinit_RAM2    0x1fff0000        0x0
                0x1fff0000                . = ALIGN (0x4)
 *(.noinit.$RAM2)
 *(.noinit.$SRAM_LOWER)
 *(.noinit.$RAM2.*)
 *(.noinit.$SRAM_LOWER.*)
                0x1fff0000                . = ALIGN (0x4)

.noinit         0x20001b6c        0x0
                0x20001b6c                . = ALIGN (0x4)
                0x20001b6c                _noinit = .
 *(.noinit*)
                0x20001b6c                . = ALIGN (0x4)
                0x20001b6c                _end_noinit = .
                0x00001000                _HeapSize = 0x1000

.heap           0x1fff0000     0x1000
                0x1fff0000                _pvHeapStart = .
                0x1fff1000                . = (. + _HeapSize)
 *fill*         0x1fff0000     0x1000 
                0x1fff1000                . = ALIGN (0x4)
                0x1fff1000                _pvHeapLimit = .
                0x00001000                _StackSize = 0x1000

.heap2stackfill
                0x1fff1000     0x1000
                0x1fff2000                . = (. + _StackSize)
 *fill*         0x1fff1000     0x1000 

.stack          0x1ffff000        0x0
                0x1ffff000                _vStackBase = .
                0x1ffff000                . = ALIGN (0x4)
                0x20000000                _vStackTop = (. + _StackSize)
                0x0000c000                _image_start = LOADADDR (.text)
                0x0001a2e4                _image_end = (LOADADDR (.data) + SIZEOF (.data))
                0x0000e2e4                _image_size = (_image_end - _image_start)
OUTPUT(../FEHRobot.elf elf32-littlearm)

.ARM.attributes
                0x00000000       0x2a
 .ARM.attributes
                0x00000000       0x1e o:/fehqt/proteus/gcc/bin/../lib/gcc/arm-none-eabi/9.2.1/thumb/v7e-m/nofp/crti.o
 .ARM.attributes
                0x0000001e       0x2e o:/fehqt/proteus/gcc/bin/../lib/gcc/arm-none-eabi/9.2.1/thumb/v7e-m/nofp/crtbegin.o
 .ARM.attributes
                0x0000004c       0x2e ../main.o
 .ARM.attributes
                0x0000007a       0x2e Startup/startup_mk60d10.o
 .ARM.attributes
                0x000000a8       0x2e Libraries/FEHMotor.o
 .ARM.attributes
                0x000000d6       0x2e Drivers/i2c.o
 .ARM.attributes
                0x00000104       0x2e Drivers/spi.o
 .ARM.attributes
                0x00000132       0x2e Drivers/uart.o
 .ARM.attributes
                0x00000160       0x2e Drivers/ff.o
 .ARM.attributes
                0x0000018e       0x2e Drivers/SDHC.o
 .ARM.attributes
                0x000001bc       0x2e Drivers/lptmr.o
 .ARM.attributes
                0x000001ea       0x2e FEHProteus.o
 .ARM.attributes
                0x00000218       0x2e Drivers/FEHPropeller.o
 .ARM.attributes
                0x00000246       0x2e Libraries/FEHUtility.o
 .ARM.attributes
                0x00000274       0x2e Libraries/FEHIO.o
 .ARM.attributes
                0x000002a2       0x2e Drivers/adc16.o
 .ARM.attributes
                0x000002d0       0x2e Libraries/FEHBuzzer.o
 .ARM.attributes
                0x000002fe       0x2e Libraries/FEHServo.o
 .ARM.attributes
                0x0000032c       0x2e Libraries/FEHLCD.o
 .ARM.attributes
                0x0000035a       0x2e Libraries/FEHAccel.o
 .ARM.attributes
                0x00000388       0x2e Libraries/FEHBattery.o
 .ARM.attributes
                0x000003b6       0x2e Drivers/FEHXBee.o
 .ARM.attributes
                0x000003e4       0x2e Libraries/FEHRPS.o
 .ARM.attributes
                0x00000412       0x2e Libraries/FEHSD.o
 .ARM.attributes
                0x00000440       0x2e Libraries/FEHRandom.o
 .ARM.attributes
                0x0000046e       0x2e o:/fehqt/proteus/gcc/bin/../lib/gcc/arm-none-eabi/9.2.1/../../../../arm-none-eabi/lib/thumb/v7e-m/nofp\libstdc++.a(eh_alloc.o)
 .ARM.attributes
                0x0000049c       0x1e o:/fehqt/proteus/gcc/bin/../lib/gcc/arm-none-eabi/9.2.1/thumb/v7e-m/nofp\libgcc.a(_arm_addsubdf3.o)
 .ARM.attributes
                0x000004ba       0x1e o:/fehqt/proteus/gcc/bin/../lib/gcc/arm-none-eabi/9.2.1/thumb/v7e-m/nofp\libgcc.a(_arm_muldivdf3.o)
 .ARM.attributes
                0x000004d8       0x1e o:/fehqt/proteus/gcc/bin/../lib/gcc/arm-none-eabi/9.2.1/thumb/v7e-m/nofp\libgcc.a(_arm_cmpdf2.o)
 .ARM.attributes
                0x000004f6       0x1e o:/fehqt/proteus/gcc/bin/../lib/gcc/arm-none-eabi/9.2.1/thumb/v7e-m/nofp\libgcc.a(_arm_fixdfsi.o)
 .ARM.attributes
                0x00000514       0x1e o:/fehqt/proteus/gcc/bin/../lib/gcc/arm-none-eabi/9.2.1/thumb/v7e-m/nofp\libgcc.a(_arm_fixunsdfsi.o)
 .ARM.attributes
                0x00000532       0x1e o:/fehqt/proteus/gcc/bin/../lib/gcc/arm-none-eabi/9.2.1/thumb/v7e-m/nofp\libgcc.a(_arm_truncdfsf2.o)
 .ARM.attributes
                0x00000550       0x1e o:/fehqt/proteus/gcc/bin/../lib/gcc/arm-none-eabi/9.2.1/thumb/v7e-m/nofp\libgcc.a(_arm_addsubsf3.o)
 .ARM.attributes
                0x0000056e       0x1e o:/fehqt/proteus/gcc/bin/../lib/gcc/arm-none-eabi/9.2.1/thumb/v7e-m/nofp\libgcc.a(_arm_muldivsf3.o)
 .ARM.attributes
                0x0000058c       0x1e o:/fehqt/proteus/gcc/bin/../lib/gcc/arm-none-eabi/9.2.1/thumb/v7e-m/nofp\libgcc.a(_arm_cmpsf2.o)
 .ARM.attributes
                0x000005aa       0x1e o:/fehqt/proteus/gcc/bin/../lib/gcc/arm-none-eabi/9.2.1/thumb/v7e-m/nofp\libgcc.a(_arm_fixsfsi.o)
 .ARM.attributes
                0x000005c8       0x2e o:/fehqt/proteus/gcc/bin/../lib/gcc/arm-none-eabi/9.2.1/../../../../arm-none-eabi/lib/thumb/v7e-m/nofp\libg.a(lib_a-impure.o)
 .ARM.attributes
                0x000005f6       0x2e o:/fehqt/proteus/gcc/bin/../lib/gcc/arm-none-eabi/9.2.1/../../../../arm-none-eabi/lib/thumb/v7e-m/nofp\libg.a(lib_a-init.o)
 .ARM.attributes
                0x00000624       0x2e o:/fehqt/proteus/gcc/bin/../lib/gcc/arm-none-eabi/9.2.1/../../../../arm-none-eabi/lib/thumb/v7e-m/nofp\libg.a(lib_a-lock.o)
 .ARM.attributes
                0x00000652       0x2e o:/fehqt/proteus/gcc/bin/../lib/gcc/arm-none-eabi/9.2.1/../../../../arm-none-eabi/lib/thumb/v7e-m/nofp\libg.a(lib_a-malloc.o)
 .ARM.attributes
                0x00000680       0x2e o:/fehqt/proteus/gcc/bin/../lib/gcc/arm-none-eabi/9.2.1/../../../../arm-none-eabi/lib/thumb/v7e-m/nofp\libg.a(lib_a-mallocr.o)
 .ARM.attributes
                0x000006ae       0x1c o:/fehqt/proteus/gcc/bin/../lib/gcc/arm-none-eabi/9.2.1/../../../../arm-none-eabi/lib/thumb/v7e-m/nofp\libg.a(lib_a-memchr.o)
 .ARM.attributes
                0x000006ca       0x1c o:/fehqt/proteus/gcc/bin/../lib/gcc/arm-none-eabi/9.2.1/../../../../arm-none-eabi/lib/thumb/v7e-m/nofp\libg.a(lib_a-memcpy.o)
 .ARM.attributes
                0x000006e6       0x2e o:/fehqt/proteus/gcc/bin/../lib/gcc/arm-none-eabi/9.2.1/../../../../arm-none-eabi/lib/thumb/v7e-m/nofp\libg.a(lib_a-memmove.o)
 .ARM.attributes
                0x00000714       0x2e o:/fehqt/proteus/gcc/bin/../lib/gcc/arm-none-eabi/9.2.1/../../../../arm-none-eabi/lib/thumb/v7e-m/nofp\libg.a(lib_a-memset.o)
 .ARM.attributes
                0x00000742       0x2e o:/fehqt/proteus/gcc/bin/../lib/gcc/arm-none-eabi/9.2.1/../../../../arm-none-eabi/lib/thumb/v7e-m/nofp\libg.a(lib_a-mlock.o)
 .ARM.attributes
                0x00000770       0x2e o:/fehqt/proteus/gcc/bin/../lib/gcc/arm-none-eabi/9.2.1/../../../../arm-none-eabi/lib/thumb/v7e-m/nofp\libg.a(lib_a-reallocr.o)
 .ARM.attributes
                0x0000079e       0x2e o:/fehqt/proteus/gcc/bin/../lib/gcc/arm-none-eabi/9.2.1/../../../../arm-none-eabi/lib/thumb/v7e-m/nofp\libg.a(lib_a-sbrkr.o)
 .ARM.attributes
                0x000007cc       0x2e o:/fehqt/proteus/gcc/bin/../lib/gcc/arm-none-eabi/9.2.1/../../../../arm-none-eabi/lib/thumb/v7e-m/nofp\libg.a(lib_a-sprintf.o)
 .ARM.attributes